<html>
<body>
<pre>
<h1>礦ision Build Log</h1>
<h2>Tool Versions:</h2>
IDE-Version: μVision V5.43.1.0
Copyright (C) 2025 ARM Ltd and ARM Germany GmbH. All rights reserved.
License Information:  ,  , LIC=14HV2-9THP9-30LNC-7LDX5-KFD8Z-4ZIWZ
 
Tool Versions:
Toolchain:       MDK-ARM Plus  Version: 5.43.0.0
Toolchain Path:  D:\Keil_arm\Keil_v5\ARM\ARMCC\Bin
C Compiler:      Armcc.exe V5.06 update 7 (build 960)
Assembler:       Armasm.exe V5.06 update 7 (build 960)
Linker/Locator:  ArmLink.exe V5.06 update 7 (build 960)
Library Manager: ArmAr.exe V5.06 update 7 (build 960)
Hex Converter:   FromElf.exe V5.06 update 7 (build 960)
CPU DLL:         SARMCM3.DLL V5.43.0.0
Dialog DLL:      DCM.DLL V1.17.5.0
Target DLL:      STLink\ST-LINKIII-KEIL_SWO.dll V3.3.1.0
Dialog DLL:      TCM.DLL V1.56.6.0
 
<h2>Project:</h2>
E:\2026年中国大学生机械工程创新创意大赛\Rosmaster\src\Bootloader\Slave.uvprojx
Project File Date:  06/11/2026

<h2>Output:</h2>
*** Using Compiler 'V5.06 update 7 (build 960)', folder: 'D:\Keil_arm\Keil_v5\ARM\ARMCC\Bin'
Rebuild target 'Target_1'
Note: source file '.\Src\APP\flash_if.c' - object file renamed from '.\Objects\flash_if.o' to '.\Objects\flash_if_1.o'.
Note: source file '.\Src\APP\slot_manager.c' - object file renamed from '.\Objects\slot_manager.o' to '.\Objects\slot_manager_1.o'.
assembling startup_stm32f10x_hd.s...
compiling misc.c...
compiling bsp_systick.c...
compiling slot_manager.c...
compiling core_cm3.c...
compiling stm32f10x_rcc.c...
compiling stm32f10x_dma.c...
compiling stm32f10x_it.c...
compiling flash_if.c...
compiling system_stm32f10x.c...
compiling stm32f10x_usart.c...
compiling main.c...
compiling stm32f10x_gpio.c...
compiling bsp_usart.c...
compiling stm32f10x_flash.c...
compiling OLED.c...
linking...
Program Size: Code=5508 RO-data=1280 RW-data=48 ZI-data=2144  
FromELF: creating hex file...
".\Objects\Slave.axf" - 0 Error(s), 0 Warning(s).

<h2>Software Packages used:</h2>

Package Vendor: Keil
                https://www.keil.com/pack/Keil.STM32F1xx_DFP.2.4.1.pack
                Keil::STM32F1xx_DFP@2.4.1
                STMicroelectronics STM32F1 Series Device Support, Drivers and Examples

<h2>Collection of Component include folders:</h2>
  D:/Keil_arm/Arm/Packs/Keil/STM32F1xx_DFP/2.4.1/Device/Include

<h2>Collection of Component Files used:</h2>
Build Time Elapsed:  00:00:01
</pre>
</body>
</html>
