Component: ARM Compiler 5.06 update 7 (build 960) Tool: armlink [4d3601]

==============================================================================

Section Cross References

    startup_stm32f10x_hd.o(STACK) refers (Special) to heapauxi.o(.text) for __use_two_region_memory
    startup_stm32f10x_hd.o(HEAP) refers (Special) to heapauxi.o(.text) for __use_two_region_memory
    startup_stm32f10x_hd.o(RESET) refers (Special) to heapauxi.o(.text) for __use_two_region_memory
    startup_stm32f10x_hd.o(RESET) refers to startup_stm32f10x_hd.o(STACK) for __initial_sp
    startup_stm32f10x_hd.o(RESET) refers to startup_stm32f10x_hd.o(.text) for Reset_Handler
    startup_stm32f10x_hd.o(RESET) refers to stm32f10x_it.o(i.NMI_Handler) for NMI_Handler
    startup_stm32f10x_hd.o(RESET) refers to stm32f10x_it.o(i.HardFault_Handler) for HardFault_Handler
    startup_stm32f10x_hd.o(RESET) refers to stm32f10x_it.o(i.MemManage_Handler) for MemManage_Handler
    startup_stm32f10x_hd.o(RESET) refers to stm32f10x_it.o(i.BusFault_Handler) for BusFault_Handler
    startup_stm32f10x_hd.o(RESET) refers to stm32f10x_it.o(i.UsageFault_Handler) for UsageFault_Handler
    startup_stm32f10x_hd.o(RESET) refers to stm32f10x_it.o(i.SVC_Handler) for SVC_Handler
    startup_stm32f10x_hd.o(RESET) refers to stm32f10x_it.o(i.DebugMon_Handler) for DebugMon_Handler
    startup_stm32f10x_hd.o(RESET) refers to stm32f10x_it.o(i.PendSV_Handler) for PendSV_Handler
    startup_stm32f10x_hd.o(RESET) refers to stm32f10x_it.o(i.SysTick_Handler) for SysTick_Handler
    startup_stm32f10x_hd.o(RESET) refers to bsp_usart.o(i.USART1_IRQHandler) for USART1_IRQHandler
    startup_stm32f10x_hd.o(RESET) refers to bsp_usart.o(i.USART2_IRQHandler) for USART2_IRQHandler
    startup_stm32f10x_hd.o(.text) refers (Special) to heapauxi.o(.text) for __use_two_region_memory
    startup_stm32f10x_hd.o(.text) refers to system_stm32f10x.o(i.SystemInit) for SystemInit
    startup_stm32f10x_hd.o(.text) refers to __main.o(!!!main) for __main
    startup_stm32f10x_hd.o(.text) refers to startup_stm32f10x_hd.o(HEAP) for Heap_Mem
    startup_stm32f10x_hd.o(.text) refers to startup_stm32f10x_hd.o(STACK) for Stack_Mem
    system_stm32f10x.o(i.SetSysClock) refers to system_stm32f10x.o(i.SetSysClockTo72) for SetSysClockTo72
    system_stm32f10x.o(i.SystemCoreClockUpdate) refers to system_stm32f10x.o(.data) for SystemCoreClock
    system_stm32f10x.o(i.SystemInit) refers to system_stm32f10x.o(i.SetSysClock) for SetSysClock
    stm32f10x_adc.o(i.ADC_DeInit) refers to stm32f10x_rcc.o(i.RCC_APB2PeriphResetCmd) for RCC_APB2PeriphResetCmd
    stm32f10x_bkp.o(i.BKP_DeInit) refers to stm32f10x_rcc.o(i.RCC_BackupResetCmd) for RCC_BackupResetCmd
    stm32f10x_can.o(i.CAN_DeInit) refers to stm32f10x_rcc.o(i.RCC_APB1PeriphResetCmd) for RCC_APB1PeriphResetCmd
    stm32f10x_can.o(i.CAN_GetITStatus) refers to stm32f10x_can.o(i.CheckITStatus) for CheckITStatus
    stm32f10x_cec.o(i.CEC_DeInit) refers to stm32f10x_rcc.o(i.RCC_APB1PeriphResetCmd) for RCC_APB1PeriphResetCmd
    stm32f10x_dac.o(i.DAC_DeInit) refers to stm32f10x_rcc.o(i.RCC_APB1PeriphResetCmd) for RCC_APB1PeriphResetCmd
    stm32f10x_flash.o(i.FLASH_EnableWriteProtection) refers to stm32f10x_flash.o(i.FLASH_WaitForLastOperation) for FLASH_WaitForLastOperation
    stm32f10x_flash.o(i.FLASH_EraseAllBank1Pages) refers to stm32f10x_flash.o(i.FLASH_WaitForLastBank1Operation) for FLASH_WaitForLastBank1Operation
    stm32f10x_flash.o(i.FLASH_EraseAllPages) refers to stm32f10x_flash.o(i.FLASH_WaitForLastOperation) for FLASH_WaitForLastOperation
    stm32f10x_flash.o(i.FLASH_EraseOptionBytes) refers to stm32f10x_flash.o(i.FLASH_GetReadOutProtectionStatus) for FLASH_GetReadOutProtectionStatus
    stm32f10x_flash.o(i.FLASH_EraseOptionBytes) refers to stm32f10x_flash.o(i.FLASH_WaitForLastOperation) for FLASH_WaitForLastOperation
    stm32f10x_flash.o(i.FLASH_ErasePage) refers to stm32f10x_flash.o(i.FLASH_WaitForLastOperation) for FLASH_WaitForLastOperation
    stm32f10x_flash.o(i.FLASH_ProgramHalfWord) refers to stm32f10x_flash.o(i.FLASH_WaitForLastOperation) for FLASH_WaitForLastOperation
    stm32f10x_flash.o(i.FLASH_ProgramOptionByteData) refers to stm32f10x_flash.o(i.FLASH_WaitForLastOperation) for FLASH_WaitForLastOperation
    stm32f10x_flash.o(i.FLASH_ProgramWord) refers to stm32f10x_flash.o(i.FLASH_WaitForLastOperation) for FLASH_WaitForLastOperation
    stm32f10x_flash.o(i.FLASH_ReadOutProtection) refers to stm32f10x_flash.o(i.FLASH_WaitForLastOperation) for FLASH_WaitForLastOperation
    stm32f10x_flash.o(i.FLASH_UserOptionByteConfig) refers to stm32f10x_flash.o(i.FLASH_WaitForLastOperation) for FLASH_WaitForLastOperation
    stm32f10x_flash.o(i.FLASH_WaitForLastBank1Operation) refers to stm32f10x_flash.o(i.FLASH_GetBank1Status) for FLASH_GetBank1Status
    stm32f10x_flash.o(i.FLASH_WaitForLastOperation) refers to stm32f10x_flash.o(i.FLASH_GetBank1Status) for FLASH_GetBank1Status
[...]
    i.USART_GetITStatus                      0x08003d06   Section        0  stm32f10x_usart.o(i.USART_GetITStatus)
    i.USART_ITConfig                         0x08003d5a   Section        0  stm32f10x_usart.o(i.USART_ITConfig)
    i.USART_Init                             0x08003da4   Section        0  stm32f10x_usart.o(i.USART_Init)
    i.USART_ReceiveData                      0x08003e7c   Section        0  stm32f10x_usart.o(i.USART_ReceiveData)
    i.USART_SendData                         0x08003e86   Section        0  stm32f10x_usart.o(i.USART_SendData)
    i.UsageFault_Handler                     0x08003e8e   Section        0  stm32f10x_it.o(i.UsageFault_Handler)
    i.__ARM_fpclassifyf                      0x08003e92   Section        0  fpclassifyf.o(i.__ARM_fpclassifyf)
    i.__mathlib_flt_infnan                   0x08003eb8   Section        0  funder.o(i.__mathlib_flt_infnan)
    i.__mathlib_flt_infnan2                  0x08003ebe   Section        0  funder.o(i.__mathlib_flt_infnan2)
    i.__mathlib_flt_invalid                  0x08003ec2   Section        0  funder.o(i.__mathlib_flt_invalid)
    i.__mathlib_flt_underflow                0x08003eca   Section        0  funder.o(i.__mathlib_flt_underflow)
    i._is_digit                              0x08003ed4   Section        0  __printf_wp.o(i._is_digit)
    i.asinf                                  0x08003ee4   Section        0  asinf.o(i.asinf)
    i.atan2f                                 0x08004008   Section        0  atan2f.o(i.atan2f)
    i.main                                   0x080042ac   Section        0  main.o(i.main)
    i.sqrtf                                  0x0800449c   Section        0  sqrtf.o(i.sqrtf)
    x$fpl$fadd                               0x080044c8   Section      196  faddsub_clz.o(x$fpl$fadd)
    _fadd1                                   0x080044d7   Thumb Code     0  faddsub_clz.o(x$fpl$fadd)
    x$fpl$fcheck1                            0x0800458c   Section       12  fcheck1.o(x$fpl$fcheck1)
    x$fpl$fcmpinf                            0x08004598   Section       24  fcmpi.o(x$fpl$fcmpinf)
    x$fpl$fdiv                               0x080045b0   Section      388  fdiv.o(x$fpl$fdiv)
    _fdiv1                                   0x080045b1   Thumb Code     0  fdiv.o(x$fpl$fdiv)
    x$fpl$feqf                               0x08004734   Section      104  feqf.o(x$fpl$feqf)
    x$fpl$ffix                               0x0800479c   Section       54  ffix.o(x$fpl$ffix)
    x$fpl$ffixu                              0x080047d4   Section       62  ffixu.o(x$fpl$ffixu)
    x$fpl$fflt                               0x08004814   Section       48  fflt_clz.o(x$fpl$fflt)
    x$fpl$ffltu                              0x08004844   Section       38  fflt_clz.o(x$fpl$ffltu)
    x$fpl$fmul                               0x0800486c   Section      258  fmul.o(x$fpl$fmul)
    x$fpl$fnaninf                            0x0800496e   Section      140  fnaninf.o(x$fpl$fnaninf)
    x$fpl$fretinf                            0x080049fa   Section       10  fretinf.o(x$fpl$fretinf)
    x$fpl$frsb                               0x08004a04   Section       20  faddsub_clz.o(x$fpl$frsb)
    x$fpl$fsqrt                              0x08004a18   Section      272  fsqrt.o(x$fpl$fsqrt)
    x$fpl$fsub                               0x08004b28   Section      234  faddsub_clz.o(x$fpl$fsub)
    _fsub1                                   0x08004b37   Thumb Code     0  faddsub_clz.o(x$fpl$fsub)
    x$fpl$retnan                             0x08004c12   Section      100  retnan.o(x$fpl$retnan)
    x$fpl$scalbnf                            0x08004c76   Section       76  scalbnf.o(x$fpl$scalbnf)
    x$fpl$trapveneer                         0x08004cc2   Section       48  trapv.o(x$fpl$trapveneer)
    .constdata                               0x08004cf2   Section     1520  oled.o(.constdata)
    x$fpl$usenofp                            0x08004cf2   Section        0  usenofp.o(x$fpl$usenofp)
    .constdata                               0x080052e4   Section      240  cmd_handle.o(.constdata)
    g_cmd_table                              0x080052e4   Data         240  cmd_handle.o(.constdata)
    .data                                    0x20000000   Section       20  system_stm32f10x.o(.data)
    .data                                    0x20000014   Section       20  stm32f10x_rcc.o(.data)
    APBAHBPrescTable                         0x20000014   Data          16  stm32f10x_rcc.o(.data)
    ADCPrescTable                            0x20000024   Data           4  stm32f10x_rcc.o(.data)
    .data                                    0x20000028   Section       13  app.o(.data)
    tick_count                               0x20000030   Data           4  app.o(.data)
    poll_motor_id                            0x20000034   Data           1  app.o(.data)
    .data                                    0x20000036   Section        9  app_rgb.o(.data)
    g_color_raw                              0x20000036   Data           8  app_rgb.o(.data)
    g_color_result                           0x2000003e   Data           1  app_rgb.o(.data)
    .data                                    0x2000003f   Section        1  app_bldc.o(.data)
    .data                                    0x20000040   Section        4  app_servo.o(.data)
    .data                                    0x20000044   Section        4  bsp_systick.o(.data)
    fac_us                                   0x20000044   Data           2  bsp_systick.o(.data)
    fac_ms                                   0x20000046   Data           2  bsp_systick.o(.data)
    .data                                    0x20000048   Section        8  bsp_usart.o(.data)
    rx1_write_idx                            0x20000048   Data           2  bsp_usart.o(.data)
    rx1_read_idx                             0x2000004a   Data           2  bsp_usart.o(.data)
    rx2_write_idx                            0x2000004c   Data           2  bsp_usart.o(.data)
    rx2_read_idx                             0x2000004e   Data           2  bsp_usart.o(.data)
    .data                                    0x20000050   Section       28  bsp_mpu6050.o(.data)
    s_q_exInt                                0x20000060   Data           4  bsp_mpu6050.o(.data)
    s_q_eyInt                                0x20000064   Data           4  bsp_mpu6050.o(.data)
    s_q_ezInt                                0x20000068   Data           4  bsp_mpu6050.o(.data)
    .data                                    0x2000006c   Section        8  msg_queue.o(.data)
    head_index                               0x2000006c   Data           2  msg_queue.o(.data)
    tail_index                               0x2000006e   Data           2  msg_queue.o(.data)
    .data                                    0x20000074   Section       14  protocol.o(.data)
    state                                    0x20000074   Data           1  protocol.o(.data)
    data_cnt                                 0x20000076   Data           2  protocol.o(.data)
    user_handler                             0x20000078   Data           4  protocol.o(.data)
    timeout_ticks                            0x20000080   Data           2  protocol.o(.data)
    .data                                    0x20000084   Section        5  protocol_emm.o(.data)
    emm_handler                              0x20000084   Data           4  protocol_emm.o(.data)
    len                                      0x20000088   Data           1  protocol_emm.o(.data)
    .bss                                     0x2000008c   Section       56  app_motor.o(.bss)
    .bss                                     0x200000c4   Section      384  bsp_usart.o(.bss)
    usart1_rx_buffer                         0x200000c4   Data         128  bsp_usart.o(.bss)
    usart2_rx_buffer                         0x20000144   Data         256  bsp_usart.o(.bss)
    .bss                                     0x20000244   Section       40  bsp_mpu6050.o(.bss)
    s_gyro_offset                            0x20000260   Data          12  bsp_mpu6050.o(.bss)
    .bss                                     0x2000026c   Section      544  msg_queue.o(.bss)
    queue_data                               0x2000026c   Data         544  msg_queue.o(.bss)
    .bss                                     0x2000048c   Section       68  protocol.o(.bss)
    temp_packet                              0x2000048c   Data          68  protocol.o(.bss)
    .bss                                     0x200004d0   Section      128  protocol_emm.o(.bss)
    raw_buf                                  0x200004d0   Data         128  protocol_emm.o(.bss)
    .bss                                     0x20000550   Section       96  libspace.o(.bss)
    HEAP                                     0x200005b0   Section      512  startup_stm32f10x_hd.o(HEAP)
    Heap_Mem                                 0x200005b0   Data         512  startup_stm32f10x_hd.o(HEAP)
    STACK                                    0x200007b0   Section     1024  startup_stm32f10x_hd.o(STACK)
    Stack_Mem                                0x200007b0   Data        1024  startup_stm32f10x_hd.o(STACK)
    __initial_sp                             0x20000bb0   Data           0  startup_stm32f10x_hd.o(STACK)

    Global Symbols

    Symbol Name                              Value     Ov Type        Size  Object(Section)

    BuildAttributes$$THM_ISAv4$P$D$K$B$S$PE$A:L22UL41UL21$X:L11$S22US41US21$IEEE1$IW$USESV6$~STKCKD$USESV7$~SHL$OTIME$ROPI$IEEEX$EBA8$UX$STANDARDLIB$REQ8$PRES8$EABIv2 0x00000000   Number         0  anon$$obj.o ABSOLUTE
    __ARM_use_no_argv                        0x00000000   Number         0  main.o ABSOLUTE
    _printf_flags                            0x00000000   Number         0  printf_stubs.o ABSOLUTE
    _printf_return_value                     0x00000000   Number         0  printf_stubs.o ABSOLUTE
    _printf_sizespec                         0x00000000   Number         0  printf_stubs.o ABSOLUTE
    _printf_widthprec                        0x00000000   Number         0  printf_stubs.o ABSOLUTE
    __ARM_exceptions_init                     - Undefined Weak Reference
    __alloca_initialize                       - Undefined Weak Reference
    __arm_fini_                               - Undefined Weak Reference
    __arm_preinit_                            - Undefined Weak Reference
    __cpp_initialize__aeabi_                  - Undefined Weak Reference
    __cxa_finalize                            - Undefined Weak Reference
    __rt_locale                               - Undefined Weak Reference
    __sigvec_lookup                           - Undefined Weak Reference
    _atexit_init                              - Undefined Weak Reference
    _call_atexit_fns                          - Undefined Weak Reference
    _clock_init                               - Undefined Weak Reference
    _fp_trap_init                             - Undefined Weak Reference
    _fp_trap_shutdown                         - Undefined Weak Reference
    _get_lc_collate                           - Undefined Weak Reference
    _get_lc_ctype                             - Undefined Weak Reference
    _get_lc_monetary                          - Undefined Weak Reference
    _get_lc_numeric                           - Undefined Weak Reference
    _get_lc_time                              - Undefined Weak Reference
    _getenv_init                              - Undefined Weak Reference
    _handle_redirection                       - Undefined Weak Reference
    _init_alloc                               - Undefined Weak Reference
    _init_user_alloc                          - Undefined Weak Reference
    _initio                                   - Undefined Weak Reference
    _printf_mbtowc                            - Undefined Weak Reference
    _printf_truncate_signed                   - Undefined Weak Reference
    _printf_truncate_unsigned                 - Undefined Weak Reference
    _rand_init                                - Undefined Weak Reference
    _signal_finish                            - Undefined Weak Reference
    _signal_init                              - Undefined Weak Reference
    _terminate_alloc                          - Undefined Weak Reference
    _terminate_user_alloc                     - Undefined Weak Reference
    _terminateio                              - Undefined Weak Reference
    __Vectors_Size                           0x00000130   Number         0  startup_stm32f10x_hd.o ABSOLUTE
    __Vectors                                0x08000000   Data           4  startup_stm32f10x_hd.o(RESET)
    __Vectors_End                            0x08000130   Data           0  startup_stm32f10x_hd.o(RESET)
    __main                                   0x08000131   Thumb Code     8  __main.o(!!!main)
    __scatterload                            0x08000139   Thumb Code     0  __scatter.o(!!!scatter)
    __scatterload_rt2                        0x08000139   Thumb Code    44  __scatter.o(!!!scatter)
    __scatterload_rt2_thumb_only             0x08000139   Thumb Code     0  __scatter.o(!!!scatter)
    __scatterload_null                       0x08000147   Thumb Code     0  __scatter.o(!!!scatter)
    __scatterload_copy                       0x0800016d   Thumb Code    26  __scatter_copy.o(!!handler_copy)
    __scatterload_zeroinit                   0x08000189   Thumb Code    28  __scatter_zi.o(!!handler_zi)
    _printf_d                                0x080001a5   Thumb Code     0  _printf_d.o(.ARM.Collect$$_printf_percent$$00000009)
    _printf_percent                          0x080001a5   Thumb Code     0  _printf_percent.o(.ARM.Collect$$_printf_percent$$00000000)
    _printf_s                                0x080001ab   Thumb Code     0  _printf_s.o(.ARM.Collect$$_printf_percent$$00000014)
    _printf_percent_end                      0x080001b1   Thumb Code     0  _printf_percent_end.o(.ARM.Collect$$_printf_percent$$00000017)
    __rt_lib_init                            0x080001b5   Thumb Code     0  libinit.o(.ARM.Collect$$libinit$$00000000)
    __rt_lib_init_alloca_1                   0x080001b7   Thumb Code     0  libinit2.o(.ARM.Collect$$libinit$$0000002E)
    __rt_lib_init_argv_1                     0x080001b7   Thumb Code     0  libinit2.o(.ARM.Collect$$libinit$$0000002C)
    __rt_lib_init_atexit_1                   0x080001b7   Thumb Code     0  libinit2.o(.ARM.Collect$$libinit$$0000001B)
    __rt_lib_init_clock_1                    0x080001b7   Thumb Code     0  libinit2.o(.ARM.Collect$$libinit$$00000021)
    __rt_lib_init_cpp_1                      0x080001b7   Thumb Code     0  libinit2.o(.ARM.Collect$$libinit$$00000032)
    __rt_lib_init_exceptions_1               0x080001b7   Thumb Code     0  libinit2.o(.ARM.Collect$$libinit$$00000030)
    __rt_lib_init_fp_1                       0x080001b7   Thumb Code     0  libinit2.o(.ARM.Collect$$libinit$$00000002)
    __rt_lib_init_fp_trap_1                  0x080001b7   Thumb Code     0  libinit2.o(.ARM.Collect$$libinit$$0000001F)
    __rt_lib_init_getenv_1                   0x080001b7   Thumb Code     0  libinit2.o(.ARM.Collect$$libinit$$00000023)
    __rt_lib_init_heap_1                     0x080001b7   Thumb Code     0  libinit2.o(.ARM.Collect$$libinit$$0000000A)
    __rt_lib_init_lc_collate_1               0x080001b7   Thumb Code     0  libinit2.o(.ARM.Collect$$libinit$$00000011)
    __rt_lib_init_lc_ctype_1                 0x080001b7   Thumb Code     0  libinit2.o(.ARM.Collect$$libinit$$00000013)
    __rt_lib_init_lc_monetary_1              0x080001b7   Thumb Code     0  libinit2.o(.ARM.Collect$$libinit$$00000015)
    __rt_lib_init_lc_numeric_1               0x080001b7   Thumb Code     0  libinit2.o(.ARM.Collect$$libinit$$00000017)
    __rt_lib_init_lc_time_1                  0x080001b7   Thumb Code     0  libinit2.o(.ARM.Collect$$libinit$$00000019)
    __rt_lib_init_preinit_1                  0x080001b7   Thumb Code     0  libinit2.o(.ARM.Collect$$libinit$$00000004)
    __rt_lib_init_rand_1                     0x080001b7   Thumb Code     0  libinit2.o(.ARM.Collect$$libinit$$0000000E)
    __rt_lib_init_return                     0x080001b7   Thumb Code     0  libinit2.o(.ARM.Collect$$libinit$$00000033)
    __rt_lib_init_signal_1                   0x080001b7   Thumb Code     0  libinit2.o(.ARM.Collect$$libinit$$0000001D)
    __rt_lib_init_stdio_1                    0x080001b7   Thumb Code     0  libinit2.o(.ARM.Collect$$libinit$$00000025)
    __rt_lib_init_user_alloc_1               0x080001b7   Thumb Code     0  libinit2.o(.ARM.Collect$$libinit$$0000000C)
    __rt_lib_shutdown                        0x080001b9   Thumb Code     0  libshutdown.o(.ARM.Collect$$libshutdown$$00000000)
    __rt_lib_shutdown_cpp_1                  0x080001bb   Thumb Code     0  libshutdown2.o(.ARM.Collect$$libshutdown$$00000004)
    __rt_lib_shutdown_fini_1                 0x080001bb   Thumb Code     0  libshutdown2.o(.ARM.Collect$$libshutdown$$00000002)
    __rt_lib_shutdown_fp_trap_1              0x080001bb   Thumb Code     0  libshutdown2.o(.ARM.Collect$$libshutdown$$00000009)
    __rt_lib_shutdown_heap_1                 0x080001bb   Thumb Code     0  libshutdown2.o(.ARM.Collect$$libshutdown$$00000011)
    __rt_lib_shutdown_return                 0x080001bb   Thumb Code     0  libshutdown2.o(.ARM.Collect$$libshutdown$$00000012)
    __rt_lib_shutdown_signal_1               0x080001bb   Thumb Code     0  libshutdown2.o(.ARM.Collect$$libshutdown$$0000000C)
    __rt_lib_shutdown_stdio_1                0x080001bb   Thumb Code     0  libshutdown2.o(.ARM.Collect$$libshutdown$$00000006)
    __rt_lib_shutdown_user_alloc_1           0x080001bb   Thumb Code     0  libshutdown2.o(.ARM.Collect$$libshutdown$$0000000E)
    __rt_entry                               0x080001bd   Thumb Code     0  __rtentry.o(.ARM.Collect$$rtentry$$00000000)
    __rt_entry_presh_1                       0x080001bd   Thumb Code     0  __rtentry2.o(.ARM.Collect$$rtentry$$00000002)
    __rt_entry_sh                            0x080001bd   Thumb Code     0  __rtentry4.o(.ARM.Collect$$rtentry$$00000004)
    __rt_entry_li                            0x080001c3   Thumb Code     0  __rtentry2.o(.ARM.Collect$$rtentry$$0000000A)
    __rt_entry_postsh_1                      0x080001c3   Thumb Code     0  __rtentry2.o(.ARM.Collect$$rtentry$$00000009)
    __rt_entry_main                          0x080001c7   Thumb Code     0  __rtentry2.o(.ARM.Collect$$rtentry$$0000000D)
    __rt_entry_postli_1                      0x080001c7   Thumb Code     0  __rtentry2.o(.ARM.Collect$$rtentry$$0000000C)
    __rt_exit                                0x080001cf   Thumb Code     0  rtexit.o(.ARM.Collect$$rtexit$$00000000)
    __rt_exit_ls                             0x080001d1   Thumb Code     0  rtexit2.o(.ARM.Collect$$rtexit$$00000003)
    __rt_exit_prels_1                        0x080001d1   Thumb Code     0  rtexit2.o(.ARM.Collect$$rtexit$$00000002)
    __rt_exit_exit                           0x080001d5   Thumb Code     0  rtexit2.o(.ARM.Collect$$rtexit$$00000004)
    Reset_Handler                            0x080001dd   Thumb Code     8  startup_stm32f10x_hd.o(.text)
    ADC1_2_IRQHandler                        0x080001f7   Thumb Code     0  startup_stm32f10x_hd.o(.text)
    ADC3_IRQHandler                          0x080001f7   Thumb Code     0  startup_stm32f10x_hd.o(.text)
    CAN1_RX1_IRQHandler                      0x080001f7   Thumb Code     0  startup_stm32f10x_hd.o(.text)
    CAN1_SCE_IRQHandler                      0x080001f7   Thumb Code     0  startup_stm32f10x_hd.o(.text)
    DMA1_Channel1_IRQHandler                 0x080001f7   Thumb Code     0  startup_stm32f10x_hd.o(.text)
    DMA1_Channel2_IRQHandler                 0x080001f7   Thumb Code     0  startup_stm32f10x_hd.o(.text)
    DMA1_Channel3_IRQHandler                 0x080001f7   Thumb Code     0  startup_stm32f10x_hd.o(.text)
    DMA1_Channel4_IRQHandler                 0x080001f7   Thumb Code     0  startup_stm32f10x_hd.o(.text)
    DMA1_Channel5_IRQHandler                 0x080001f7   Thumb Code     0  startup_stm32f10x_hd.o(.text)
    DMA1_Channel6_IRQHandler                 0x080001f7   Thumb Code     0  startup_stm32f10x_hd.o(.text)
    DMA1_Channel7_IRQHandler                 0x080001f7   Thumb Code     0  startup_stm32f10x_hd.o(.text)
    DMA2_Channel1_IRQHandler                 0x080001f7   Thumb Code     0  startup_stm32f10x_hd.o(.text)
    DMA2_Channel2_IRQHandler                 0x080001f7   Thumb Code     0  startup_stm32f10x_hd.o(.text)
    DMA2_Channel3_IRQHandler                 0x080001f7   Thumb Code     0  startup_stm32f10x_hd.o(.text)
    DMA2_Channel4_5_IRQHandler               0x080001f7   Thumb Code     0  startup_stm32f10x_hd.o(.text)
    EXTI0_IRQHandler                         0x080001f7   Thumb Code     0  startup_stm32f10x_hd.o(.text)
    EXTI15_10_IRQHandler                     0x080001f7   Thumb Code     0  startup_stm32f10x_hd.o(.text)
    EXTI1_IRQHandler                         0x080001f7   Thumb Code     0  startup_stm32f10x_hd.o(.text)
    EXTI2_IRQHandler                         0x080001f7   Thumb Code     0  startup_stm32f10x_hd.o(.text)
    EXTI3_IRQHandler                         0x080001f7   Thumb Code     0  startup_stm32f10x_hd.o(.text)
    EXTI4_IRQHandler                         0x080001f7   Thumb Code     0  startup_stm32f10x_hd.o(.text)
    EXTI9_5_IRQHandler                       0x080001f7   Thumb Code     0  startup_stm32f10x_hd.o(.text)
    FLASH_IRQHandler                         0x080001f7   Thumb Code     0  startup_stm32f10x_hd.o(.text)
    FSMC_IRQHandler                          0x080001f7   Thumb Code     0  startup_stm32f10x_hd.o(.text)
    I2C1_ER_IRQHandler                       0x080001f7   Thumb Code     0  startup_stm32f10x_hd.o(.text)
    I2C1_EV_IRQHandler                       0x080001f7   Thumb Code     0  startup_stm32f10x_hd.o(.text)
    I2C2_ER_IRQHandler                       0x080001f7   Thumb Code     0  startup_stm32f10x_hd.o(.text)
    I2C2_EV_IRQHandler                       0x080001f7   Thumb Code     0  startup_stm32f10x_hd.o(.text)
    PVD_IRQHandler                           0x080001f7   Thumb Code     0  startup_stm32f10x_hd.o(.text)
    RCC_IRQHandler                           0x080001f7   Thumb Code     0  startup_stm32f10x_hd.o(.text)
    RTCAlarm_IRQHandler                      0x080001f7   Thumb Code     0  startup_stm32f10x_hd.o(.text)
    RTC_IRQHandler                           0x080001f7   Thumb Code     0  startup_stm32f10x_hd.o(.text)
    SDIO_IRQHandler                          0x080001f7   Thumb Code     0  startup_stm32f10x_hd.o(.text)
    SPI1_IRQHandler                          0x080001f7   Thumb Code     0  startup_stm32f10x_hd.o(.text)
    SPI2_IRQHandler                          0x080001f7   Thumb Code     0  startup_stm32f10x_hd.o(.text)
    SPI3_IRQHandler                          0x080001f7   Thumb Code     0  startup_stm32f10x_hd.o(.text)
    TAMPER_IRQHandler                        0x080001f7   Thumb Code     0  startup_stm32f10x_hd.o(.text)
    TIM1_BRK_IRQHandler                      0x080001f7   Thumb Code     0  startup_stm32f10x_hd.o(.text)
    TIM1_CC_IRQHandler                       0x080001f7   Thumb Code     0  startup_stm32f10x_hd.o(.text)
    TIM1_TRG_COM_IRQHandler                  0x080001f7   Thumb Code     0  startup_stm32f10x_hd.o(.text)
    TIM1_UP_IRQHandler                       0x080001f7   Thumb Code     0  startup_stm32f10x_hd.o(.text)
    TIM2_IRQHandler                          0x080001f7   Thumb Code     0  startup_stm32f10x_hd.o(.text)
    TIM3_IRQHandler                          0x080001f7   Thumb Code     0  startup_stm32f10x_hd.o(.text)
    TIM4_IRQHandler                          0x080001f7   Thumb Code     0  startup_stm32f10x_hd.o(.text)
    TIM5_IRQHandler                          0x080001f7   Thumb Code     0  startup_stm32f10x_hd.o(.text)
    TIM6_IRQHandler                          0x080001f7   Thumb Code     0  startup_stm32f10x_hd.o(.text)
    TIM7_IRQHandler                          0x080001f7   Thumb Code     0  startup_stm32f10x_hd.o(.text)
    TIM8_BRK_IRQHandler                      0x080001f7   Thumb Code     0  startup_stm32f10x_hd.o(.text)
    TIM8_CC_IRQHandler                       0x080001f7   Thumb Code     0  startup_stm32f10x_hd.o(.text)
    TIM8_TRG_COM_IRQHandler                  0x080001f7   Thumb Code     0  startup_stm32f10x_hd.o(.text)
    TIM8_UP_IRQHandler                       0x080001f7   Thumb Code     0  startup_stm32f10x_hd.o(.text)
    UART4_IRQHandler                         0x080001f7   Thumb Code     0  startup_stm32f10x_hd.o(.text)
    UART5_IRQHandler                         0x080001f7   Thumb Code     0  startup_stm32f10x_hd.o(.text)
    USART3_IRQHandler                        0x080001f7   Thumb Code     0  startup_stm32f10x_hd.o(.text)
    USBWakeUp_IRQHandler                     0x080001f7   Thumb Code     0  startup_stm32f10x_hd.o(.text)
    USB_HP_CAN1_TX_IRQHandler                0x080001f7   Thumb Code     0  startup_stm32f10x_hd.o(.text)
    USB_LP_CAN1_RX0_IRQHandler               0x080001f7   Thumb Code     0  startup_stm32f10x_hd.o(.text)
    WWDG_IRQHandler                          0x080001f7   Thumb Code     0  startup_stm32f10x_hd.o(.text)
    __user_initial_stackheap                 0x080001f9   Thumb Code     0  startup_stm32f10x_hd.o(.text)
    __2sprintf                               0x0800021d   Thumb Code    34  noretval__2sprintf.o(.text)
    _printf_pre_padding                      0x08000245   Thumb Code    44  _printf_pad.o(.text)
    _printf_post_padding                     0x08000271   Thumb Code    34  _printf_pad.o(.text)
    _printf_str                              0x08000293   Thumb Code    82  _printf_str.o(.text)
    _printf_int_dec                          0x080002e5   Thumb Code   104  _printf_dec.o(.text)
    __printf                                 0x0800035d   Thumb Code   352  __printf_ss_wp.o(.text)
    strstr                                   0x080004bd   Thumb Code    36  strstr.o(.text)
    strlen                                   0x080004e1   Thumb Code    62  strlen.o(.text)
    __aeabi_memcpy                           0x0800051f   Thumb Code     0  rt_memcpy_v6.o(.text)
    __rt_memcpy                              0x0800051f   Thumb Code   138  rt_memcpy_v6.o(.text)
    _memcpy_lastbytes                        0x08000585   Thumb Code     0  rt_memcpy_v6.o(.text)
    __aeabi_memcpy4                          0x080005a9   Thumb Code     0  rt_memcpy_w.o(.text)
    __aeabi_memcpy8                          0x080005a9   Thumb Code     0  rt_memcpy_w.o(.text)
    __rt_memcpy_w                            0x080005a9   Thumb Code   100  rt_memcpy_w.o(.text)
    _memcpy_lastbytes_aligned                0x080005f1   Thumb Code     0  rt_memcpy_w.o(.text)
    __aeabi_memmove4                         0x0800060d   Thumb Code     0  rt_memmove_w.o(.text)
    __aeabi_memmove8                         0x0800060d   Thumb Code     0  rt_memmove_w.o(.text)
    __rt_memmove_w                           0x0800060d   Thumb Code   122  rt_memmove_w.o(.text)
    __memmove_aligned                        0x08000633   Thumb Code     0  rt_memmove_w.o(.text)
    __memmove_lastfew_aligned                0x0800066b   Thumb Code     0  rt_memmove_w.o(.text)
    __aeabi_memclr4                          0x08000687   Thumb Code     0  rt_memclr_w.o(.text)
    __aeabi_memclr8                          0x08000687   Thumb Code     0  rt_memclr_w.o(.text)
    __rt_memclr_w                            0x08000687   Thumb Code    78  rt_memclr_w.o(.text)
    _memset_w                                0x0800068b   Thumb Code     0  rt_memclr_w.o(.text)
    __use_two_region_memory                  0x080006d5   Thumb Code     2  heapauxi.o(.text)
    __rt_heap_escrow$2region                 0x080006d7   Thumb Code     2  heapauxi.o(.text)
    __rt_heap_expand$2region                 0x080006d9   Thumb Code     2  heapauxi.o(.text)
    __read_errno                             0x080006db   Thumb Code    10  _rserrno.o(.text)
    __set_errno                              0x080006e5   Thumb Code    12  _rserrno.o(.text)
    _printf_int_common                       0x080006f1   Thumb Code   178  _printf_intcommon.o(.text)
    _printf_char_common                      0x080007af   Thumb Code    32  _printf_char_common.o(.text)
    _sputc                                   0x080007d5   Thumb Code    10  _sputc.o(.text)
    _printf_cs_common                        0x080007df   Thumb Code    20  _printf_char.o(.text)
    _printf_char                             0x080007f3   Thumb Code    16  _printf_char.o(.text)
    _printf_string                           0x08000803   Thumb Code     8  _printf_char.o(.text)
    __aeabi_errno_addr                       0x0800080d   Thumb Code     8  rt_errno_addr_intlibspace.o(.text)
    __errno$intlibspace                      0x0800080d   Thumb Code     0  rt_errno_addr_intlibspace.o(.text)
    __rt_errno_addr$intlibspace              0x0800080d   Thumb Code     0  rt_errno_addr_intlibspace.o(.text)
    __user_libspace                          0x08000815   Thumb Code     8  libspace.o(.text)
    __user_perproc_libspace                  0x08000815   Thumb Code     0  libspace.o(.text)
    __user_perthread_libspace                0x08000815   Thumb Code     0  libspace.o(.text)
    __user_setup_stackheap                   0x0800081d   Thumb Code    74  sys_stackheap_outer.o(.text)
    exit                                     0x08000867   Thumb Code    18  exit.o(.text)
    _sys_exit                                0x08000879   Thumb Code     8  sys_exit.o(.text)
    __I$use$semihosting                      0x08000885   Thumb Code     0  use_no_semi.o(.text)
    __use_no_semihosting_swi                 0x08000885   Thumb Code     2  use_no_semi.o(.text)
    __semihosting_library_function           0x08000887   Thumb Code     0  indicate_semi.o(.text)
    APP_IMU_GetPacketData                    0x08000889   Thumb Code    68  app_imu.o(i.APP_IMU_GetPacketData)
    APP_IMU_Update                           0x080008d5   Thumb Code    20  app_imu.o(i.APP_IMU_Update)
    App_Bldc_Init                            0x08000931   Thumb Code     8  app_bldc.o(i.App_Bldc_Init)
    App_Bldc_Run                             0x08000939   Thumb Code    18  app_bldc.o(i.App_Bldc_Run)
    App_Bldc_Stop                            0x08000951   Thumb Code    16  app_bldc.o(i.App_Bldc_Stop)
    App_IMU_Init                             0x08000965   Thumb Code     8  app_imu.o(i.App_IMU_Init)
    App_Init                                 0x0800096d   Thumb Code    34  app.o(i.App_Init)
    App_Motor_GetParam                       0x08000995   Thumb Code   154  app_motor.o(i.App_Motor_GetParam)
    App_Motor_Init                           0x08000a35   Thumb Code    28  app_motor.o(i.App_Motor_Init)
    App_Motor_RequestState                   0x08000a59   Thumb Code    36  app_motor.o(i.App_Motor_RequestState)
    App_Motor_UpdateCallback                 0x08000a7d   Thumb Code    52  app_motor.o(i.App_Motor_UpdateCallback)
    App_Rgb_GetRaw                           0x08000ab1   Thumb Code    14  app_rgb.o(i.App_Rgb_GetRaw)
    App_Rgb_GetResult                        0x08000ac5   Thumb Code    10  app_rgb.o(i.App_Rgb_GetResult)
    App_Rgb_Init                             0x08000ad5   Thumb Code    14  app_rgb.o(i.App_Rgb_Init)
    App_Servo_Init                           0x08000aed   Thumb Code     8  app_servo.o(i.App_Servo_Init)
    App_Servo_SetAngle                       0x08000af5   Thumb Code    54  app_servo.o(i.App_Servo_SetAngle)
    App_Tick                                 0x08000b31   Thumb Code   486  app.o(i.App_Tick)
    BusFault_Handler                         0x08000d81   Thumb Code     4  stm32f10x_it.o(i.BusFault_Handler)
    Cmd_Handle_Init                          0x08000da9   Thumb Code    14  cmd_handle.o(i.Cmd_Handle_Init)
    Cmd_Handle_Packet_Callback               0x08000dbd   Thumb Code    12  cmd_handle.o(i.Cmd_Handle_Packet_Callback)
    Cmd_Handle_Tick                          0x08000dc9   Thumb Code    90  cmd_handle.o(i.Cmd_Handle_Tick)
    DMA_Cmd                                  0x08000e29   Thumb Code    24  stm32f10x_dma.o(i.DMA_Cmd)
    DMA_DeInit                               0x08000e41   Thumb Code   324  stm32f10x_dma.o(i.DMA_DeInit)
    DMA_GetCurrDataCounter                   0x08000f8d   Thumb Code     8  stm32f10x_dma.o(i.DMA_GetCurrDataCounter)
    DMA_Init                                 0x08000f95   Thumb Code    60  stm32f10x_dma.o(i.DMA_Init)
    DebugMon_Handler                         0x08000fd1   Thumb Code     2  stm32f10x_it.o(i.DebugMon_Handler)
    Delay_ms                                 0x08000fd5   Thumb Code    72  bsp_systick.o(i.Delay_ms)
    Delay_us                                 0x08001021   Thumb Code    72  bsp_systick.o(i.Delay_us)
    ESP8266_Init                             0x08001241   Thumb Code    24  bsp_esp8266.o(i.ESP8266_Init)
    Emm_V5_En_Control                        0x080012f3   Thumb Code    58  emm_v5.o(i.Emm_V5_En_Control)
    Emm_V5_Modify_Ctrl_Mode                  0x0800132d   Thumb Code    58  emm_v5.o(i.Emm_V5_Modify_Ctrl_Mode)
    Emm_V5_Origin_Interrupt                  0x08001367   Thumb Code    46  emm_v5.o(i.Emm_V5_Origin_Interrupt)
    Emm_V5_Origin_Modify_Params              0x08001395   Thumb Code   170  emm_v5.o(i.Emm_V5_Origin_Modify_Params)
    Emm_V5_Origin_Set_O                      0x0800143f   Thumb Code    52  emm_v5.o(i.Emm_V5_Origin_Set_O)
    Emm_V5_Origin_Trigger_Return             0x08001473   Thumb Code    52  emm_v5.o(i.Emm_V5_Origin_Trigger_Return)
    Emm_V5_Pos_Control                       0x080014a7   Thumb Code   108  emm_v5.o(i.Emm_V5_Pos_Control)
    Emm_V5_Reset_Clog_Pro                    0x08001513   Thumb Code    46  emm_v5.o(i.Emm_V5_Reset_Clog_Pro)
    Emm_V5_Reset_CurPos_To_Zero              0x08001541   Thumb Code    46  emm_v5.o(i.Emm_V5_Reset_CurPos_To_Zero)
    Emm_V5_Stop_Now                          0x0800156f   Thumb Code    52  emm_v5.o(i.Emm_V5_Stop_Now)
    Emm_V5_Synchronous_motion                0x080015a3   Thumb Code    46  emm_v5.o(i.Emm_V5_Synchronous_motion)
    Emm_V5_Vel_Control                       0x080015d1   Thumb Code    78  emm_v5.o(i.Emm_V5_Vel_Control)
    GPIO_Init                                0x0800161f   Thumb Code   278  stm32f10x_gpio.o(i.GPIO_Init)
    GPIO_ReadInputDataBit                    0x08001735   Thumb Code    18  stm32f10x_gpio.o(i.GPIO_ReadInputDataBit)
    GPIO_ResetBits                           0x08001747   Thumb Code     4  stm32f10x_gpio.o(i.GPIO_ResetBits)
    GPIO_SetBits                             0x0800174b   Thumb Code     4  stm32f10x_gpio.o(i.GPIO_SetBits)
    GPIO_WriteBit                            0x0800174f   Thumb Code    10  stm32f10x_gpio.o(i.GPIO_WriteBit)
    HardFault_Handler                        0x08001e2b   Thumb Code     4  stm32f10x_it.o(i.HardFault_Handler)
    IIC_Ack                                  0x08001e31   Thumb Code    48  bsp_iic.o(i.IIC_Ack)
    IIC_Init                                 0x08001e65   Thumb Code    54  bsp_iic.o(i.IIC_Init)
    IIC_NAck                                 0x08001ea1   Thumb Code    48  bsp_iic.o(i.IIC_NAck)
    IIC_Read_Byte                            0x08001ed5   Thumb Code    96  bsp_iic.o(i.IIC_Read_Byte)
    IIC_Send_Byte                            0x08001f39   Thumb Code    88  bsp_iic.o(i.IIC_Send_Byte)
    IIC_Start                                0x08001f95   Thumb Code    50  bsp_iic.o(i.IIC_Start)
    IIC_Stop                                 0x08001fcd   Thumb Code    46  bsp_iic.o(i.IIC_Stop)
    IIC_Wait_Ack                             0x08002001   Thumb Code    74  bsp_iic.o(i.IIC_Wait_Ack)
    IICreadByte                              0x08002051   Thumb Code    22  bsp_iic.o(i.IICreadByte)
    IICreadBytes                             0x08002067   Thumb Code   138  bsp_iic.o(i.IICreadBytes)
    IICwriteByte                             0x080020f1   Thumb Code    20  bsp_iic.o(i.IICwriteByte)
    IICwriteBytes                            0x08002105   Thumb Code   106  bsp_iic.o(i.IICwriteBytes)
    MPU_Calibrate                            0x08002171   Thumb Code   128  bsp_mpu6050.o(i.MPU_Calibrate)
    MPU_Init                                 0x080021f9   Thumb Code   104  bsp_mpu6050.o(i.MPU_Init)
    MPU_QuaternionUpdate                     0x08002261   Thumb Code  1536  bsp_mpu6050.o(i.MPU_QuaternionUpdate)
    MPU_ReadRawData                          0x0800286d   Thumb Code   140  bsp_mpu6050.o(i.MPU_ReadRawData)
    MPU_ReadReg                              0x080028f9   Thumb Code    18  bsp_mpu6050.o(i.MPU_ReadReg)
    MPU_ReadRegs                             0x0800290b   Thumb Code    22  bsp_mpu6050.o(i.MPU_ReadRegs)
    MPU_WriteReg                             0x08002921   Thumb Code    18  bsp_mpu6050.o(i.MPU_WriteReg)
    MemManage_Handler                        0x08002933   Thumb Code     4  stm32f10x_it.o(i.MemManage_Handler)
    MsgQueue_Dequeue                         0x08002939   Thumb Code    68  msg_queue.o(i.MsgQueue_Dequeue)
    MsgQueue_Enqueue                         0x08002989   Thumb Code    76  msg_queue.o(i.MsgQueue_Enqueue)
    MsgQueue_Init                            0x080029e5   Thumb Code    16  msg_queue.o(i.MsgQueue_Init)
    NMI_Handler                              0x08002a01   Thumb Code     2  stm32f10x_it.o(i.NMI_Handler)
    NVIC_Init                                0x08002a05   Thumb Code   100  misc.o(i.NVIC_Init)
    OLED_Clear                               0x08002a75   Thumb Code    42  oled.o(i.OLED_Clear)
    OLED_I2C_Init                            0x08002aa1   Thumb Code    60  oled.o(i.OLED_I2C_Init)
    OLED_I2C_SendByte                        0x08002ae1   Thumb Code    88  oled.o(i.OLED_I2C_SendByte)
    OLED_I2C_Start                           0x08002b3d   Thumb Code    48  oled.o(i.OLED_I2C_Start)
    OLED_I2C_Stop                            0x08002b71   Thumb Code    36  oled.o(i.OLED_I2C_Stop)
    OLED_Init                                0x08002b99   Thumb Code   176  oled.o(i.OLED_Init)
    OLED_Pow                                 0x08002c49   Thumb Code    20  oled.o(i.OLED_Pow)
    OLED_SetCursor                           0x08002c5d   Thumb Code    34  oled.o(i.OLED_SetCursor)
    OLED_ShowChar                            0x08002c81   Thumb Code   110  oled.o(i.OLED_ShowChar)
    OLED_ShowSignedNum                       0x08002cf5   Thumb Code   102  oled.o(i.OLED_ShowSignedNum)
    OLED_ShowString                          0x08002d5b   Thumb Code    40  oled.o(i.OLED_ShowString)
    OLED_WriteCommand                        0x08002d83   Thumb Code    32  oled.o(i.OLED_WriteCommand)
    OLED_WriteData                           0x08002da3   Thumb Code    32  oled.o(i.OLED_WriteData)
    PWM_Bldc_Init                            0x08002dc5   Thumb Code   140  bsp_pwm.o(i.PWM_Bldc_Init)
    PWM_Bldc_SetDuty                         0x08002e59   Thumb Code    34  bsp_pwm.o(i.PWM_Bldc_SetDuty)
    PWM_Servo_Init                           0x08002e81   Thumb Code   176  bsp_pwm.o(i.PWM_Servo_Init)
    PWM_Servo_SetAngle                       0x08002f39   Thumb Code    52  bsp_pwm.o(i.PWM_Servo_SetAngle)
    PendSV_Handler                           0x080030bd   Thumb Code     2  stm32f10x_it.o(i.PendSV_Handler)
    Protocol_Emm_Init                        0x080030c1   Thumb Code     6  protocol_emm.o(i.Protocol_Emm_Init)
    Protocol_Emm_Process                     0x080030cd   Thumb Code   140  protocol_emm.o(i.Protocol_Emm_Process)
    Protocol_Init                            0x08003165   Thumb Code    12  protocol.o(i.Protocol_Init)
    Protocol_PackAndSend                     0x08003179   Thumb Code   112  protocol.o(i.Protocol_PackAndSend)
    Protocol_Process                         0x080031e9   Thumb Code   274  protocol.o(i.Protocol_Process)
    RCC_AHBPeriphClockCmd                    0x08003315   Thumb Code    26  stm32f10x_rcc.o(i.RCC_AHBPeriphClockCmd)
    RCC_APB1PeriphClockCmd                   0x08003335   Thumb Code    26  stm32f10x_rcc.o(i.RCC_APB1PeriphClockCmd)
    RCC_APB2PeriphClockCmd                   0x08003355   Thumb Code    26  stm32f10x_rcc.o(i.RCC_APB2PeriphClockCmd)
    RCC_GetClocksFreq                        0x08003375   Thumb Code   192  stm32f10x_rcc.o(i.RCC_GetClocksFreq)
    SVC_Handler                              0x08003449   Thumb Code     2  stm32f10x_it.o(i.SVC_Handler)
    SysTick_CLKSourceConfig                  0x08003555   Thumb Code    40  misc.o(i.SysTick_CLKSourceConfig)
    SysTick_Handler                          0x0800357d   Thumb Code     2  stm32f10x_it.o(i.SysTick_Handler)
    SystemInit                               0x08003581   Thumb Code    78  system_stm32f10x.o(i.SystemInit)
    Systick_Init                             0x080035e1   Thumb Code    50  bsp_systick.o(i.Systick_Init)
    TIM_Cmd                                  0x08003625   Thumb Code    24  stm32f10x_tim.o(i.TIM_Cmd)
    TIM_OC1Init                              0x0800363d   Thumb Code   132  stm32f10x_tim.o(i.TIM_OC1Init)
    TIM_OC1PreloadConfig                     0x080036d5   Thumb Code    18  stm32f10x_tim.o(i.TIM_OC1PreloadConfig)
    TIM_OC3Init                              0x080036e9   Thumb Code   150  stm32f10x_tim.o(i.TIM_OC3Init)
    TIM_OC3PreloadConfig                     0x08003789   Thumb Code    18  stm32f10x_tim.o(i.TIM_OC3PreloadConfig)
    TIM_OC4Init                              0x0800379d   Thumb Code   114  stm32f10x_tim.o(i.TIM_OC4Init)
    TIM_OC4PreloadConfig                     0x08003819   Thumb Code    26  stm32f10x_tim.o(i.TIM_OC4PreloadConfig)
    TIM_OCStructInit                         0x08003833   Thumb Code    20  stm32f10x_tim.o(i.TIM_OCStructInit)
    TIM_SetCompare1                          0x08003847   Thumb Code     4  stm32f10x_tim.o(i.TIM_SetCompare1)
    TIM_SetCompare3                          0x0800384b   Thumb Code     4  stm32f10x_tim.o(i.TIM_SetCompare3)
    TIM_SetCompare4                          0x0800384f   Thumb Code     6  stm32f10x_tim.o(i.TIM_SetCompare4)
    TIM_TimeBaseInit                         0x08003855   Thumb Code   122  stm32f10x_tim.o(i.TIM_TimeBaseInit)
    USART1_Available                         0x080038f9   Thumb Code    36  bsp_usart.o(i.USART1_Available)
    USART1_IRQHandler                        0x08003925   Thumb Code    66  bsp_usart.o(i.USART1_IRQHandler)
    USART1_Init                              0x08003975   Thumb Code   156  bsp_usart.o(i.USART1_Init)
    USART1_ReadByte                          0x08003a19   Thumb Code    48  bsp_usart.o(i.USART1_ReadByte)
    USART1_SendBuffer                        0x08003a55   Thumb Code    28  bsp_usart.o(i.USART1_SendBuffer)
    USART1_SendByte                          0x08003a71   Thumb Code    28  bsp_usart.o(i.USART1_SendByte)
    USART2_Available                         0x08003a91   Thumb Code    50  bsp_usart.o(i.USART2_Available)
    USART2_IRQHandler                        0x08003ad1   Thumb Code    48  bsp_usart.o(i.USART2_IRQHandler)
    USART2_Init                              0x08003b0d   Thumb Code   240  bsp_usart.o(i.USART2_Init)
    USART2_ReadByte                          0x08003c0d   Thumb Code    58  bsp_usart.o(i.USART2_ReadByte)
    USART2_SendBuffer                        0x08003c55   Thumb Code    28  bsp_usart.o(i.USART2_SendBuffer)
    USART2_SendByte                          0x08003c71   Thumb Code    28  bsp_usart.o(i.USART2_SendByte)
    USART_All_Init                           0x08003c91   Thumb Code    20  bsp_usart.o(i.USART_All_Init)
    USART_ClearITPendingBit                  0x08003ca5   Thumb Code    30  stm32f10x_usart.o(i.USART_ClearITPendingBit)
    USART_Cmd                                0x08003cc3   Thumb Code    24  stm32f10x_usart.o(i.USART_Cmd)
    USART_DMACmd                             0x08003cdb   Thumb Code    18  stm32f10x_usart.o(i.USART_DMACmd)
    USART_GetFlagStatus                      0x08003ced   Thumb Code    26  stm32f10x_usart.o(i.USART_GetFlagStatus)
    USART_GetITStatus                        0x08003d07   Thumb Code    84  stm32f10x_usart.o(i.USART_GetITStatus)
    USART_ITConfig                           0x08003d5b   Thumb Code    74  stm32f10x_usart.o(i.USART_ITConfig)
    USART_Init                               0x08003da5   Thumb Code   210  stm32f10x_usart.o(i.USART_Init)
    USART_ReceiveData                        0x08003e7d   Thumb Code    10  stm32f10x_usart.o(i.USART_ReceiveData)
    USART_SendData                           0x08003e87   Thumb Code     8  stm32f10x_usart.o(i.USART_SendData)
    UsageFault_Handler                       0x08003e8f   Thumb Code     4  stm32f10x_it.o(i.UsageFault_Handler)
    __ARM_fpclassifyf                        0x08003e93   Thumb Code    38  fpclassifyf.o(i.__ARM_fpclassifyf)
    __mathlib_flt_infnan                     0x08003eb9   Thumb Code     6  funder.o(i.__mathlib_flt_infnan)
    __mathlib_flt_infnan2                    0x08003ebf   Thumb Code     4  funder.o(i.__mathlib_flt_infnan2)
    __mathlib_flt_invalid                    0x08003ec3   Thumb Code     8  funder.o(i.__mathlib_flt_invalid)
    __mathlib_flt_underflow                  0x08003ecb   Thumb Code    10  funder.o(i.__mathlib_flt_underflow)
    _is_digit                                0x08003ed5   Thumb Code    14  __printf_wp.o(i._is_digit)
    asinf                                    0x08003ee5   Thumb Code   254  asinf.o(i.asinf)
    atan2f                                   0x08004009   Thumb Code   598  atan2f.o(i.atan2f)
    main                                     0x080042ad   Thumb Code   248  main.o(i.main)
    sqrtf                                    0x0800449d   Thumb Code    44  sqrtf.o(i.sqrtf)
    __aeabi_fadd                             0x080044c9   Thumb Code     0  faddsub_clz.o(x$fpl$fadd)
    _fadd                                    0x080044c9   Thumb Code   196  faddsub_clz.o(x$fpl$fadd)
    __fpl_fcheck_NaN1                        0x0800458d   Thumb Code     6  fcheck1.o(x$fpl$fcheck1)
    __fpl_fcmp_Inf                           0x08004599   Thumb Code    24  fcmpi.o(x$fpl$fcmpinf)
    __aeabi_fdiv                             0x080045b1   Thumb Code     0  fdiv.o(x$fpl$fdiv)
    _fdiv                                    0x080045b1   Thumb Code   384  fdiv.o(x$fpl$fdiv)
    __aeabi_cfcmpeq                          0x08004735   Thumb Code     0  feqf.o(x$fpl$feqf)
    _fcmpeq                                  0x08004735   Thumb Code   104  feqf.o(x$fpl$feqf)
    __aeabi_f2iz                             0x0800479d   Thumb Code     0  ffix.o(x$fpl$ffix)
    _ffix                                    0x0800479d   Thumb Code    54  ffix.o(x$fpl$ffix)
    __aeabi_f2uiz                            0x080047d5   Thumb Code     0  ffixu.o(x$fpl$ffixu)
    _ffixu                                   0x080047d5   Thumb Code    62  ffixu.o(x$fpl$ffixu)
    __aeabi_i2f                              0x08004815   Thumb Code     0  fflt_clz.o(x$fpl$fflt)
    _fflt                                    0x08004815   Thumb Code    48  fflt_clz.o(x$fpl$fflt)
    __aeabi_ui2f                             0x08004845   Thumb Code     0  fflt_clz.o(x$fpl$ffltu)
    _ffltu                                   0x08004845   Thumb Code    38  fflt_clz.o(x$fpl$ffltu)
    __aeabi_fmul                             0x0800486d   Thumb Code     0  fmul.o(x$fpl$fmul)
    _fmul                                    0x0800486d   Thumb Code   258  fmul.o(x$fpl$fmul)
    __fpl_fnaninf                            0x0800496f   Thumb Code   140  fnaninf.o(x$fpl$fnaninf)
    __fpl_fretinf                            0x080049fb   Thumb Code    10  fretinf.o(x$fpl$fretinf)
    __aeabi_frsub                            0x08004a05   Thumb Code     0  faddsub_clz.o(x$fpl$frsb)
    _frsb                                    0x08004a05   Thumb Code    20  faddsub_clz.o(x$fpl$frsb)
    _fsqrt                                   0x08004a19   Thumb Code   272  fsqrt.o(x$fpl$fsqrt)
    __aeabi_fsub                             0x08004b29   Thumb Code     0  faddsub_clz.o(x$fpl$fsub)
    _fsub                                    0x08004b29   Thumb Code   234  faddsub_clz.o(x$fpl$fsub)
    __fpl_return_NaN                         0x08004c13   Thumb Code   100  retnan.o(x$fpl$retnan)
    __ARM_scalbnf                            0x08004c77   Thumb Code    76  scalbnf.o(x$fpl$scalbnf)
    __fpl_cmpreturn                          0x08004cc3   Thumb Code    48  trapv.o(x$fpl$trapveneer)
    OLED_F8x16                               0x08004cf2   Data        1520  oled.o(.constdata)
    __I$use$fp                               0x08004cf2   Number         0  usenofp.o(x$fpl$usenofp)
    Region$$Table$$Base                      0x080053d4   Number         0  anon$$obj.o(Region$$Table)
    Region$$Table$$Limit                     0x080053f4   Number         0  anon$$obj.o(Region$$Table)
    SystemCoreClock                          0x20000000   Data           4  system_stm32f10x.o(.data)
    AHBPrescTable                            0x20000004   Data          16  system_stm32f10x.o(.data)
    g_app_context                            0x20000028   Data           6  app.o(.data)
    g_bldc                                   0x2000003f   Data           1  app_bldc.o(.data)
    g_servos                                 0x20000040   Data           4  app_servo.o(.data)
    g_mpu_quat                               0x20000050   Data          16  bsp_mpu6050.o(.data)
    drop_err_count                           0x20000070   Data           4  msg_queue.o(.data)
    protocol_checksum_err_cnt                0x2000007c   Data           4  protocol.o(.data)
    g_motors                                 0x2000008c   Data          56  app_motor.o(.bss)
    g_mpu_raw                                0x20000244   Data          14  bsp_mpu6050.o(.bss)
    g_mpu_attitude                           0x20000254   Data          12  bsp_mpu6050.o(.bss)
    __libspace_start                         0x20000550   Data          96  libspace.o(.bss)
    __temporary_stack_top$libspace           0x200005b0   Data           0  libspace.o(.bss)



==============================================================================

Memory Map of the image

  Image Entry point : 0x08000131

  Load Region LR_IROM1 (Base: 0x08000000, Size: 0x00005480, Max: 0x00010000, ABSOLUTE)

    Execution Region ER_IROM1 (Exec base: 0x08000000, Load base: 0x08000000, Size: 0x000053f4, Max: 0x00010000, ABSOLUTE)

    Exec Addr    Load Addr    Size         Type   Attr      Idx    E Section Name        Object

    0x08000000   0x08000000   0x00000130   Data   RO            3    RESET               startup_stm32f10x_hd.o
    0x08000130   0x08000130   0x00000008   Code   RO         4388  * !!!main             c_w.l(__main.o)
    0x08000138   0x08000138   0x00000034   Code   RO         4654    !!!scatter          c_w.l(__scatter.o)
    0x0800016c   0x0800016c   0x0000001a   Code   RO         4656    !!handler_copy      c_w.l(__scatter_copy.o)
    0x08000186   0x08000186   0x00000002   PAD
    0x08000188   0x08000188   0x0000001c   Code   RO         4658    !!handler_zi        c_w.l(__scatter_zi.o)
    0x080001a4   0x080001a4   0x00000000   Code   RO         4373    .ARM.Collect$$_printf_percent$$00000000  c_w.l(_printf_percent.o)
    0x080001a4   0x080001a4   0x00000006   Code   RO         4372    .ARM.Collect$$_printf_percent$$00000009  c_w.l(_printf_d.o)
    0x080001aa   0x080001aa   0x00000006   Code   RO         4371    .ARM.Collect$$_printf_percent$$00000014  c_w.l(_printf_s.o)
    0x080001b0   0x080001b0   0x00000004   Code   RO         4457    .ARM.Collect$$_printf_percent$$00000017  c_w.l(_printf_percent_end.o)
    0x080001b4   0x080001b4   0x00000002   Code   RO         4521    .ARM.Collect$$libinit$$00000000  c_w.l(libinit.o)
    0x080001b6   0x080001b6   0x00000000   Code   RO         4527    .ARM.Collect$$libinit$$00000002  c_w.l(libinit2.o)
    0x080001b6   0x080001b6   0x00000000   Code   RO         4529    .ARM.Collect$$libinit$$00000004  c_w.l(libinit2.o)
    0x080001b6   0x080001b6   0x00000000   Code   RO         4532    .ARM.Collect$$libinit$$0000000A  c_w.l(libinit2.o)
    0x080001b6   0x080001b6   0x00000000   Code   RO         4534    .ARM.Collect$$libinit$$0000000C  c_w.l(libinit2.o)
    0x080001b6   0x080001b6   0x00000000   Code   RO         4536    .ARM.Collect$$libinit$$0000000E  c_w.l(libinit2.o)
    0x080001b6   0x080001b6   0x00000000   Code   RO         4539    .ARM.Collect$$libinit$$00000011  c_w.l(libinit2.o)
    0x080001b6   0x080001b6   0x00000000   Code   RO         4541    .ARM.Collect$$libinit$$00000013  c_w.l(libinit2.o)
    0x080001b6   0x080001b6   0x00000000   Code   RO         4543    .ARM.Collect$$libinit$$00000015  c_w.l(libinit2.o)
    0x080001b6   0x080001b6   0x00000000   Code   RO         4545    .ARM.Collect$$libinit$$00000017  c_w.l(libinit2.o)
    0x080001b6   0x080001b6   0x00000000   Code   RO         4547    .ARM.Collect$$libinit$$00000019  c_w.l(libinit2.o)
    0x080001b6   0x080001b6   0x00000000   Code   RO         4549    .ARM.Collect$$libinit$$0000001B  c_w.l(libinit2.o)
    0x080001b6   0x080001b6   0x00000000   Code   RO         4551    .ARM.Collect$$libinit$$0000001D  c_w.l(libinit2.o)
    0x080001b6   0x080001b6   0x00000000   Code   RO         4553    .ARM.Collect$$libinit$$0000001F  c_w.l(libinit2.o)
    0x080001b6   0x080001b6   0x00000000   Code   RO         4555    .ARM.Collect$$libinit$$00000021  c_w.l(libinit2.o)
    0x080001b6   0x080001b6   0x00000000   Code   RO         4557    .ARM.Collect$$libinit$$00000023  c_w.l(libinit2.o)
    0x080001b6   0x080001b6   0x00000000   Code   RO         4559    .ARM.Collect$$libinit$$00000025  c_w.l(libinit2.o)
    0x080001b6   0x080001b6   0x00000000   Code   RO         4563    .ARM.Collect$$libinit$$0000002C  c_w.l(libinit2.o)
    0x080001b6   0x080001b6   0x00000000   Code   RO         4565    .ARM.Collect$$libinit$$0000002E  c_w.l(libinit2.o)
    0x080001b6   0x080001b6   0x00000000   Code   RO         4567    .ARM.Collect$$libinit$$00000030  c_w.l(libinit2.o)
    0x080001b6   0x080001b6   0x00000000   Code   RO         4569    .ARM.Collect$$libinit$$00000032  c_w.l(libinit2.o)
    0x080001b6   0x080001b6   0x00000002   Code   RO         4570    .ARM.Collect$$libinit$$00000033  c_w.l(libinit2.o)
    0x080001b8   0x080001b8   0x00000002   Code   RO         4592    .ARM.Collect$$libshutdown$$00000000  c_w.l(libshutdown.o)
    0x080001ba   0x080001ba   0x00000000   Code   RO         4605    .ARM.Collect$$libshutdown$$00000002  c_w.l(libshutdown2.o)
    0x080001ba   0x080001ba   0x00000000   Code   RO         4607    .ARM.Collect$$libshutdown$$00000004  c_w.l(libshutdown2.o)
    0x080001ba   0x080001ba   0x00000000   Code   RO         4609    .ARM.Collect$$libshutdown$$00000006  c_w.l(libshutdown2.o)
    0x080001ba   0x080001ba   0x00000000   Code   RO         4612    .ARM.Collect$$libshutdown$$00000009  c_w.l(libshutdown2.o)
    0x080001ba   0x080001ba   0x00000000   Code   RO         4615    .ARM.Collect$$libshutdown$$0000000C  c_w.l(libshutdown2.o)
    0x080001ba   0x080001ba   0x00000000   Code   RO         4617    .ARM.Collect$$libshutdown$$0000000E  c_w.l(libshutdown2.o)
    0x080001ba   0x080001ba   0x00000000   Code   RO         4620    .ARM.Collect$$libshutdown$$00000011  c_w.l(libshutdown2.o)
    0x080001ba   0x080001ba   0x00000002   Code   RO         4621    .ARM.Collect$$libshutdown$$00000012  c_w.l(libshutdown2.o)
    0x080001bc   0x080001bc   0x00000000   Code   RO         4446    .ARM.Collect$$rtentry$$00000000  c_w.l(__rtentry.o)
    0x080001bc   0x080001bc   0x00000000   Code   RO         4486    .ARM.Collect$$rtentry$$00000002  c_w.l(__rtentry2.o)
    0x080001bc   0x080001bc   0x00000006   Code   RO         4498    .ARM.Collect$$rtentry$$00000004  c_w.l(__rtentry4.o)
    0x080001c2   0x080001c2   0x00000000   Code   RO         4488    .ARM.Collect$$rtentry$$00000009  c_w.l(__rtentry2.o)
    0x080001c2   0x080001c2   0x00000004   Code   RO         4489    .ARM.Collect$$rtentry$$0000000A  c_w.l(__rtentry2.o)
    0x080001c6   0x080001c6   0x00000000   Code   RO         4491    .ARM.Collect$$rtentry$$0000000C  c_w.l(__rtentry2.o)
    0x080001c6   0x080001c6   0x00000008   Code   RO         4492    .ARM.Collect$$rtentry$$0000000D  c_w.l(__rtentry2.o)
    0x080001ce   0x080001ce   0x00000002   Code   RO         4524    .ARM.Collect$$rtexit$$00000000  c_w.l(rtexit.o)
    0x080001d0   0x080001d0   0x00000000   Code   RO         4574    .ARM.Collect$$rtexit$$00000002  c_w.l(rtexit2.o)
    0x080001d0   0x080001d0   0x00000004   Code   RO         4575    .ARM.Collect$$rtexit$$00000003  c_w.l(rtexit2.o)
    0x080001d4   0x080001d4   0x00000006   Code   RO         4576    .ARM.Collect$$rtexit$$00000004  c_w.l(rtexit2.o)
    0x080001da   0x080001da   0x00000002   PAD
    0x080001dc   0x080001dc   0x00000040   Code   RO            4    .text               startup_stm32f10x_hd.o
    0x0800021c   0x0800021c   0x00000028   Code   RO         4341    .text               c_w.l(noretval__2sprintf.o)
    0x08000244   0x08000244   0x0000004e   Code   RO         4345    .text               c_w.l(_printf_pad.o)
    0x08000292   0x08000292   0x00000052   Code   RO         4347    .text               c_w.l(_printf_str.o)
    0x080002e4   0x080002e4   0x00000078   Code   RO         4349    .text               c_w.l(_printf_dec.o)
    0x0800035c   0x0800035c   0x00000160   Code   RO         4366    .text               c_w.l(__printf_ss_wp.o)
    0x080004bc   0x080004bc   0x00000024   Code   RO         4374    .text               c_w.l(strstr.o)
    0x080004e0   0x080004e0   0x0000003e   Code   RO         4376    .text               c_w.l(strlen.o)
    0x0800051e   0x0800051e   0x0000008a   Code   RO         4378    .text               c_w.l(rt_memcpy_v6.o)
    0x080005a8   0x080005a8   0x00000064   Code   RO         4380    .text               c_w.l(rt_memcpy_w.o)
    0x0800060c   0x0800060c   0x0000007a   Code   RO         4382    .text               c_w.l(rt_memmove_w.o)
    0x08000686   0x08000686   0x0000004e   Code   RO         4384    .text               c_w.l(rt_memclr_w.o)
    0x080006d4   0x080006d4   0x00000006   Code   RO         4386    .text               c_w.l(heapauxi.o)
    0x080006da   0x080006da   0x00000016   Code   RO         4447    .text               c_w.l(_rserrno.o)
    0x080006f0   0x080006f0   0x000000b2   Code   RO         4449    .text               c_w.l(_printf_intcommon.o)
    0x080007a2   0x080007a2   0x00000002   PAD
    0x080007a4   0x080007a4   0x00000030   Code   RO         4451    .text               c_w.l(_printf_char_common.o)
    0x080007d4   0x080007d4   0x0000000a   Code   RO         4453    .text               c_w.l(_sputc.o)
    0x080007de   0x080007de   0x0000002c   Code   RO         4455    .text               c_w.l(_printf_char.o)
    0x0800080a   0x0800080a   0x00000002   PAD
    0x0800080c   0x0800080c   0x00000008   Code   RO         4503    .text               c_w.l(rt_errno_addr_intlibspace.o)
    0x08000814   0x08000814   0x00000008   Code   RO         4509    .text               c_w.l(libspace.o)
    0x0800081c   0x0800081c   0x0000004a   Code   RO         4512    .text               c_w.l(sys_stackheap_outer.o)
    0x08000866   0x08000866   0x00000012   Code   RO         4514    .text               c_w.l(exit.o)
    0x08000878   0x08000878   0x0000000c   Code   RO         4584    .text               c_w.l(sys_exit.o)
    0x08000884   0x08000884   0x00000002   Code   RO         4595    .text               c_w.l(use_no_semi.o)
    0x08000886   0x08000886   0x00000000   Code   RO         4597    .text               c_w.l(indicate_semi.o)
    0x08000886   0x08000886   0x00000002   PAD
    0x08000888   0x08000888   0x0000004c   Code   RO         3300    i.APP_IMU_GetPacketData  app_imu.o
    0x080008d4   0x080008d4   0x0000001c   Code   RO         3301    i.APP_IMU_Update    app_imu.o
    0x080008f0   0x080008f0   0x00000040   Code   RO         3913    i.Angle_To_Pulse    bsp_pwm.o
    0x08000930   0x08000930   0x00000008   Code   RO         3404    i.App_Bldc_Init     app_bldc.o
    0x08000938   0x08000938   0x00000018   Code   RO         3405    i.App_Bldc_Run      app_bldc.o
    0x08000950   0x08000950   0x00000014   Code   RO         3406    i.App_Bldc_Stop     app_bldc.o
    0x08000964   0x08000964   0x00000008   Code   RO         3302    i.App_IMU_Init      app_imu.o
    0x0800096c   0x0800096c   0x00000028   Code   RO         3245    i.App_Init          app.o
    0x08000994   0x08000994   0x000000a0   Code   RO         3328    i.App_Motor_GetParam  app_motor.o
    0x08000a34   0x08000a34   0x00000024   Code   RO         3330    i.App_Motor_Init    app_motor.o
    0x08000a58   0x08000a58   0x00000024   Code   RO         3331    i.App_Motor_RequestState  app_motor.o
    0x08000a7c   0x08000a7c   0x00000034   Code   RO         3332    i.App_Motor_UpdateCallback  app_motor.o
    0x08000ab0   0x08000ab0   0x00000014   Code   RO         3378    i.App_Rgb_GetRaw    app_rgb.o
    0x08000ac4   0x08000ac4   0x00000010   Code   RO         3379    i.App_Rgb_GetResult  app_rgb.o
    0x08000ad4   0x08000ad4   0x00000018   Code   RO         3380    i.App_Rgb_Init      app_rgb.o
    0x08000aec   0x08000aec   0x00000008   Code   RO         3434    i.App_Servo_Init    app_servo.o
    0x08000af4   0x08000af4   0x0000003c   Code   RO         3435    i.App_Servo_SetAngle  app_servo.o
    0x08000b30   0x08000b30   0x00000250   Code   RO         3246    i.App_Tick          app.o
    0x08000d80   0x08000d80   0x00000004   Code   RO         3182    i.BusFault_Handler  stm32f10x_it.o
    0x08000d84   0x08000d84   0x00000024   Code   RO         4057    i.CalculateChecksum  protocol.o
    0x08000da8   0x08000da8   0x00000014   Code   RO         4123    i.Cmd_Handle_Init   cmd_handle.o
    0x08000dbc   0x08000dbc   0x0000000c   Code   RO         4124    i.Cmd_Handle_Packet_Callback  cmd_handle.o
    0x08000dc8   0x08000dc8   0x00000060   Code   RO         4125    i.Cmd_Handle_Tick   cmd_handle.o
    0x08000e28   0x08000e28   0x00000018   Code   RO          887    i.DMA_Cmd           stm32f10x_dma.o
    0x08000e40   0x08000e40   0x0000014c   Code   RO          888    i.DMA_DeInit        stm32f10x_dma.o
    0x08000f8c   0x08000f8c   0x00000008   Code   RO          889    i.DMA_GetCurrDataCounter  stm32f10x_dma.o
    0x08000f94   0x08000f94   0x0000003c   Code   RO          893    i.DMA_Init          stm32f10x_dma.o
    0x08000fd0   0x08000fd0   0x00000002   Code   RO         3183    i.DebugMon_Handler  stm32f10x_it.o
    0x08000fd2   0x08000fd2   0x00000002   PAD
    0x08000fd4   0x08000fd4   0x0000004c   Code   RO         3593    i.Delay_ms          bsp_systick.o
    0x08001020   0x08001020   0x0000004c   Code   RO         3594    i.Delay_us          bsp_systick.o
    0x0800106c   0x0800106c   0x000001d4   Code   RO         3458    i.ESP8266_Config    bsp_esp8266.o
    0x08001240   0x08001240   0x00000018   Code   RO         3459    i.ESP8266_Init      bsp_esp8266.o
    0x08001258   0x08001258   0x0000009a   Code   RO         3460    i.ESP8266_SendCmd   bsp_esp8266.o
    0x080012f2   0x080012f2   0x0000003a   Code   RO         3718    i.Emm_V5_En_Control  emm_v5.o
    0x0800132c   0x0800132c   0x0000003a   Code   RO         3719    i.Emm_V5_Modify_Ctrl_Mode  emm_v5.o
    0x08001366   0x08001366   0x0000002e   Code   RO         3720    i.Emm_V5_Origin_Interrupt  emm_v5.o
    0x08001394   0x08001394   0x000000aa   Code   RO         3721    i.Emm_V5_Origin_Modify_Params  emm_v5.o
    0x0800143e   0x0800143e   0x00000034   Code   RO         3722    i.Emm_V5_Origin_Set_O  emm_v5.o
    0x08001472   0x08001472   0x00000034   Code   RO         3723    i.Emm_V5_Origin_Trigger_Return  emm_v5.o
    0x080014a6   0x080014a6   0x0000006c   Code   RO         3724    i.Emm_V5_Pos_Control  emm_v5.o
    0x08001512   0x08001512   0x0000002e   Code   RO         3726    i.Emm_V5_Reset_Clog_Pro  emm_v5.o
    0x08001540   0x08001540   0x0000002e   Code   RO         3727    i.Emm_V5_Reset_CurPos_To_Zero  emm_v5.o
    0x0800156e   0x0800156e   0x00000034   Code   RO         3728    i.Emm_V5_Stop_Now   emm_v5.o
    0x080015a2   0x080015a2   0x0000002e   Code   RO         3729    i.Emm_V5_Synchronous_motion  emm_v5.o
    0x080015d0   0x080015d0   0x0000004e   Code   RO         3730    i.Emm_V5_Vel_Control  emm_v5.o
    0x0800161e   0x0800161e   0x00000116   Code   RO         1311    i.GPIO_Init         stm32f10x_gpio.o
    0x08001734   0x08001734   0x00000012   Code   RO         1315    i.GPIO_ReadInputDataBit  stm32f10x_gpio.o
    0x08001746   0x08001746   0x00000004   Code   RO         1318    i.GPIO_ResetBits    stm32f10x_gpio.o
    0x0800174a   0x0800174a   0x00000004   Code   RO         1319    i.GPIO_SetBits      stm32f10x_gpio.o
    0x0800174e   0x0800174e   0x0000000a   Code   RO         1322    i.GPIO_WriteBit     stm32f10x_gpio.o
    0x08001758   0x08001758   0x00000020   Code   RO         4126    i.Handle_Bldc_Control  cmd_handle.o
    0x08001778   0x08001778   0x00000014   Code   RO         4127    i.Handle_Bldc_Stop  cmd_handle.o
    0x0800178c   0x0800178c   0x00000054   Code   RO         4128    i.Handle_En_Control  cmd_handle.o
    0x080017e0   0x080017e0   0x00000036   Code   RO         4129    i.Handle_Modify_Ctrl_Mode  cmd_handle.o
    0x08001816   0x08001816   0x00000014   Code   RO         4130    i.Handle_Mpu_Calib  cmd_handle.o
    0x0800182a   0x0800182a   0x00000002   PAD
    0x0800182c   0x0800182c   0x00000024   Code   RO         4131    i.Handle_Mpu_Stream  cmd_handle.o
    0x08001850   0x08001850   0x00000020   Code   RO         4132    i.Handle_Origin_Interrupt  cmd_handle.o
    0x08001870   0x08001870   0x00000092   Code   RO         4133    i.Handle_Origin_Modify_Params  cmd_handle.o
    0x08001902   0x08001902   0x0000003a   Code   RO         4134    i.Handle_Origin_Set_O  cmd_handle.o
    0x0800193c   0x0800193c   0x00000042   Code   RO         4135    i.Handle_Origin_Trigger  cmd_handle.o
    0x0800197e   0x0800197e   0x00000002   PAD
    0x08001980   0x08001980   0x00000024   Code   RO         4136    i.Handle_PWM_State_Stream  cmd_handle.o
    0x080019a4   0x080019a4   0x0000008c   Code   RO         4137    i.Handle_Pos_Control  cmd_handle.o
    0x08001a30   0x08001a30   0x00000024   Code   RO         4138    i.Handle_Query_BldcStat  cmd_handle.o
    0x08001a54   0x08001a54   0x0000002c   Code   RO         4139    i.Handle_Query_ColorRaw  cmd_handle.o
    0x08001a80   0x08001a80   0x00000024   Code   RO         4140    i.Handle_Query_ColorRes  cmd_handle.o
    0x08001aa4   0x08001aa4   0x00000058   Code   RO         4141    i.Handle_Query_MpuAtt  cmd_handle.o
    0x08001afc   0x08001afc   0x0000002c   Code   RO         4142    i.Handle_Query_MpuRaw  cmd_handle.o
    0x08001b28   0x08001b28   0x00000078   Code   RO         4143    i.Handle_Query_ServoStat  cmd_handle.o
    0x08001ba0   0x08001ba0   0x000000a0   Code   RO         4144    i.Handle_Query_StepParam  cmd_handle.o
    0x08001c40   0x08001c40   0x00000048   Code   RO         4145    i.Handle_Query_StepStat  cmd_handle.o
    0x08001c88   0x08001c88   0x00000020   Code   RO         4146    i.Handle_Reset_Clog_Pro  cmd_handle.o
    0x08001ca8   0x08001ca8   0x00000020   Code   RO         4147    i.Handle_Reset_Cur_Pos  cmd_handle.o
    0x08001cc8   0x08001cc8   0x00000014   Code   RO         4148    i.Handle_Rgb_Sensor  cmd_handle.o
    0x08001cdc   0x08001cdc   0x00000024   Code   RO         4149    i.Handle_Rgb_Stream  cmd_handle.o
    0x08001d00   0x08001d00   0x00000028   Code   RO         4150    i.Handle_Servo_Control  cmd_handle.o
    0x08001d28   0x08001d28   0x00000028   Code   RO         4151    i.Handle_Show_Oled  cmd_handle.o
    0x08001d50   0x08001d50   0x00000024   Code   RO         4152    i.Handle_StepMotor_Stream  cmd_handle.o
    0x08001d74   0x08001d74   0x0000003a   Code   RO         4153    i.Handle_Stop_Now   cmd_handle.o
    0x08001dae   0x08001dae   0x00000020   Code   RO         4154    i.Handle_Sync_Motion  cmd_handle.o
    0x08001dce   0x08001dce   0x0000005c   Code   RO         4155    i.Handle_Vel_Control  cmd_handle.o
    0x08001e2a   0x08001e2a   0x00000004   Code   RO         3184    i.HardFault_Handler  stm32f10x_it.o
    0x08001e2e   0x08001e2e   0x00000002   PAD
    0x08001e30   0x08001e30   0x00000034   Code   RO         3496    i.IIC_Ack           bsp_iic.o
    0x08001e64   0x08001e64   0x0000003c   Code   RO         3497    i.IIC_Init          bsp_iic.o
    0x08001ea0   0x08001ea0   0x00000034   Code   RO         3498    i.IIC_NAck          bsp_iic.o
    0x08001ed4   0x08001ed4   0x00000064   Code   RO         3499    i.IIC_Read_Byte     bsp_iic.o
    0x08001f38   0x08001f38   0x0000005c   Code   RO         3500    i.IIC_Send_Byte     bsp_iic.o
    0x08001f94   0x08001f94   0x00000038   Code   RO         3501    i.IIC_Start         bsp_iic.o
    0x08001fcc   0x08001fcc   0x00000034   Code   RO         3502    i.IIC_Stop          bsp_iic.o
    0x08002000   0x08002000   0x00000050   Code   RO         3503    i.IIC_Wait_Ack      bsp_iic.o
    0x08002050   0x08002050   0x00000016   Code   RO         3504    i.IICreadByte       bsp_iic.o
    0x08002066   0x08002066   0x0000008a   Code   RO         3505    i.IICreadBytes      bsp_iic.o
    0x080020f0   0x080020f0   0x00000014   Code   RO         3508    i.IICwriteByte      bsp_iic.o
    0x08002104   0x08002104   0x0000006a   Code   RO         3509    i.IICwriteBytes     bsp_iic.o
    0x0800216e   0x0800216e   0x00000002   PAD
    0x08002170   0x08002170   0x00000088   Code   RO         3957    i.MPU_Calibrate     bsp_mpu6050.o
    0x080021f8   0x080021f8   0x00000068   Code   RO         3959    i.MPU_Init          bsp_mpu6050.o
    0x08002260   0x08002260   0x0000060c   Code   RO         3960    i.MPU_QuaternionUpdate  bsp_mpu6050.o
    0x0800286c   0x0800286c   0x0000008c   Code   RO         3961    i.MPU_ReadRawData   bsp_mpu6050.o
    0x080028f8   0x080028f8   0x00000012   Code   RO         3962    i.MPU_ReadReg       bsp_mpu6050.o
    0x0800290a   0x0800290a   0x00000016   Code   RO         3963    i.MPU_ReadRegs      bsp_mpu6050.o
    0x08002920   0x08002920   0x00000012   Code   RO         3964    i.MPU_WriteReg      bsp_mpu6050.o
    0x08002932   0x08002932   0x00000004   Code   RO         3185    i.MemManage_Handler  stm32f10x_it.o
    0x08002936   0x08002936   0x00000002   PAD
    0x08002938   0x08002938   0x00000050   Code   RO         4022    i.MsgQueue_Dequeue  msg_queue.o
    0x08002988   0x08002988   0x0000005c   Code   RO         4023    i.MsgQueue_Enqueue  msg_queue.o
    0x080029e4   0x080029e4   0x0000001c   Code   RO         4024    i.MsgQueue_Init     msg_queue.o
    0x08002a00   0x08002a00   0x00000002   Code   RO         3186    i.NMI_Handler       stm32f10x_it.o
    0x08002a02   0x08002a02   0x00000002   PAD
    0x08002a04   0x08002a04   0x00000070   Code   RO          137    i.NVIC_Init         misc.o
    0x08002a74   0x08002a74   0x0000002a   Code   RO         3805    i.OLED_Clear        oled.o
    0x08002a9e   0x08002a9e   0x00000002   PAD
    0x08002aa0   0x08002aa0   0x00000040   Code   RO         3806    i.OLED_I2C_Init     oled.o
    0x08002ae0   0x08002ae0   0x0000005c   Code   RO         3807    i.OLED_I2C_SendByte  oled.o
    0x08002b3c   0x08002b3c   0x00000034   Code   RO         3808    i.OLED_I2C_Start    oled.o
    0x08002b70   0x08002b70   0x00000028   Code   RO         3809    i.OLED_I2C_Stop     oled.o
    0x08002b98   0x08002b98   0x000000b0   Code   RO         3810    i.OLED_Init         oled.o
    0x08002c48   0x08002c48   0x00000014   Code   RO         3811    i.OLED_Pow          oled.o
    0x08002c5c   0x08002c5c   0x00000022   Code   RO         3812    i.OLED_SetCursor    oled.o
    0x08002c7e   0x08002c7e   0x00000002   PAD
    0x08002c80   0x08002c80   0x00000074   Code   RO         3814    i.OLED_ShowChar     oled.o
    0x08002cf4   0x08002cf4   0x00000066   Code   RO         3817    i.OLED_ShowSignedNum  oled.o
    0x08002d5a   0x08002d5a   0x00000028   Code   RO         3818    i.OLED_ShowString   oled.o
    0x08002d82   0x08002d82   0x00000020   Code   RO         3819    i.OLED_WriteCommand  oled.o
    0x08002da2   0x08002da2   0x00000020   Code   RO         3820    i.OLED_WriteData    oled.o
    0x08002dc2   0x08002dc2   0x00000002   PAD
    0x08002dc4   0x08002dc4   0x00000094   Code   RO         3914    i.PWM_Bldc_Init     bsp_pwm.o
    0x08002e58   0x08002e58   0x00000028   Code   RO         3915    i.PWM_Bldc_SetDuty  bsp_pwm.o
    0x08002e80   0x08002e80   0x000000b8   Code   RO         3917    i.PWM_Servo_Init    bsp_pwm.o
    0x08002f38   0x08002f38   0x00000038   Code   RO         3918    i.PWM_Servo_SetAngle  bsp_pwm.o
    0x08002f70   0x08002f70   0x0000014c   Code   RO         3333    i.Parse_SystemState  app_motor.o
    0x080030bc   0x080030bc   0x00000002   Code   RO         3187    i.PendSV_Handler    stm32f10x_it.o
    0x080030be   0x080030be   0x00000002   PAD
    0x080030c0   0x080030c0   0x0000000c   Code   RO         4099    i.Protocol_Emm_Init  protocol_emm.o
    0x080030cc   0x080030cc   0x00000098   Code   RO         4100    i.Protocol_Emm_Process  protocol_emm.o
    0x08003164   0x08003164   0x00000014   Code   RO         4058    i.Protocol_Init     protocol.o
    0x08003178   0x08003178   0x00000070   Code   RO         4059    i.Protocol_PackAndSend  protocol.o
    0x080031e8   0x080031e8   0x0000012c   Code   RO         4060    i.Protocol_Process  protocol.o
    0x08003314   0x08003314   0x00000020   Code   RO         1726    i.RCC_AHBPeriphClockCmd  stm32f10x_rcc.o
    0x08003334   0x08003334   0x00000020   Code   RO         1727    i.RCC_APB1PeriphClockCmd  stm32f10x_rcc.o
    0x08003354   0x08003354   0x00000020   Code   RO         1729    i.RCC_APB2PeriphClockCmd  stm32f10x_rcc.o
    0x08003374   0x08003374   0x000000d4   Code   RO         1737    i.RCC_GetClocksFreq  stm32f10x_rcc.o
    0x08003448   0x08003448   0x00000002   Code   RO         3188    i.SVC_Handler       stm32f10x_it.o
    0x0800344a   0x0800344a   0x00000002   PAD
    0x0800344c   0x0800344c   0x00000020   Code   RO         4156    i.Send_Ok_Ack       cmd_handle.o
    0x0800346c   0x0800346c   0x00000008   Code   RO           24    i.SetSysClock       system_stm32f10x.o
    0x08003474   0x08003474   0x000000e0   Code   RO           25    i.SetSysClockTo72   system_stm32f10x.o
    0x08003554   0x08003554   0x00000028   Code   RO          141    i.SysTick_CLKSourceConfig  misc.o
    0x0800357c   0x0800357c   0x00000002   Code   RO         3189    i.SysTick_Handler   stm32f10x_it.o
    0x0800357e   0x0800357e   0x00000002   PAD
    0x08003580   0x08003580   0x00000060   Code   RO           27    i.SystemInit        system_stm32f10x.o
    0x080035e0   0x080035e0   0x00000044   Code   RO         3595    i.Systick_Init      bsp_systick.o
    0x08003624   0x08003624   0x00000018   Code   RO         2361    i.TIM_Cmd           stm32f10x_tim.o
    0x0800363c   0x0800363c   0x00000098   Code   RO         2390    i.TIM_OC1Init       stm32f10x_tim.o
    0x080036d4   0x080036d4   0x00000012   Code   RO         2393    i.TIM_OC1PreloadConfig  stm32f10x_tim.o
    0x080036e6   0x080036e6   0x00000002   PAD
    0x080036e8   0x080036e8   0x000000a0   Code   RO         2400    i.TIM_OC3Init       stm32f10x_tim.o
    0x08003788   0x08003788   0x00000012   Code   RO         2403    i.TIM_OC3PreloadConfig  stm32f10x_tim.o
    0x0800379a   0x0800379a   0x00000002   PAD
    0x0800379c   0x0800379c   0x0000007c   Code   RO         2405    i.TIM_OC4Init       stm32f10x_tim.o
    0x08003818   0x08003818   0x0000001a   Code   RO         2407    i.TIM_OC4PreloadConfig  stm32f10x_tim.o
    0x08003832   0x08003832   0x00000014   Code   RO         2408    i.TIM_OCStructInit  stm32f10x_tim.o
    0x08003846   0x08003846   0x00000004   Code   RO         2422    i.TIM_SetCompare1   stm32f10x_tim.o
    0x0800384a   0x0800384a   0x00000004   Code   RO         2424    i.TIM_SetCompare3   stm32f10x_tim.o
    0x0800384e   0x0800384e   0x00000006   Code   RO         2425    i.TIM_SetCompare4   stm32f10x_tim.o
    0x08003854   0x08003854   0x000000a4   Code   RO         2432    i.TIM_TimeBaseInit  stm32f10x_tim.o
    0x080038f8   0x080038f8   0x0000002c   Code   RO         3619    i.USART1_Available  bsp_usart.o
    0x08003924   0x08003924   0x00000050   Code   RO         3620    i.USART1_IRQHandler  bsp_usart.o
    0x08003974   0x08003974   0x000000a4   Code   RO         3621    i.USART1_Init       bsp_usart.o
    0x08003a18   0x08003a18   0x0000003c   Code   RO         3623    i.USART1_ReadByte   bsp_usart.o
    0x08003a54   0x08003a54   0x0000001c   Code   RO         3624    i.USART1_SendBuffer  bsp_usart.o
    0x08003a70   0x08003a70   0x00000020   Code   RO         3625    i.USART1_SendByte   bsp_usart.o
    0x08003a90   0x08003a90   0x00000040   Code   RO         3626    i.USART2_Available  bsp_usart.o
    0x08003ad0   0x08003ad0   0x0000003c   Code   RO         3627    i.USART2_IRQHandler  bsp_usart.o
    0x08003b0c   0x08003b0c   0x00000100   Code   RO         3628    i.USART2_Init       bsp_usart.o
    0x08003c0c   0x08003c0c   0x00000048   Code   RO         3630    i.USART2_ReadByte   bsp_usart.o
    0x08003c54   0x08003c54   0x0000001c   Code   RO         3631    i.USART2_SendBuffer  bsp_usart.o
    0x08003c70   0x08003c70   0x00000020   Code   RO         3632    i.USART2_SendByte   bsp_usart.o
    0x08003c90   0x08003c90   0x00000014   Code   RO         3633    i.USART_All_Init    bsp_usart.o
    0x08003ca4   0x08003ca4   0x0000001e   Code   RO         2894    i.USART_ClearITPendingBit  stm32f10x_usart.o
    0x08003cc2   0x08003cc2   0x00000018   Code   RO         2897    i.USART_Cmd         stm32f10x_usart.o
    0x08003cda   0x08003cda   0x00000012   Code   RO         2898    i.USART_DMACmd      stm32f10x_usart.o
    0x08003cec   0x08003cec   0x0000001a   Code   RO         2900    i.USART_GetFlagStatus  stm32f10x_usart.o
    0x08003d06   0x08003d06   0x00000054   Code   RO         2901    i.USART_GetITStatus  stm32f10x_usart.o
    0x08003d5a   0x08003d5a   0x0000004a   Code   RO         2903    i.USART_ITConfig    stm32f10x_usart.o
    0x08003da4   0x08003da4   0x000000d8   Code   RO         2904    i.USART_Init        stm32f10x_usart.o
    0x08003e7c   0x08003e7c   0x0000000a   Code   RO         2911    i.USART_ReceiveData  stm32f10x_usart.o
    0x08003e86   0x08003e86   0x00000008   Code   RO         2914    i.USART_SendData    stm32f10x_usart.o
    0x08003e8e   0x08003e8e   0x00000004   Code   RO         3190    i.UsageFault_Handler  stm32f10x_it.o
    0x08003e92   0x08003e92   0x00000026   Code   RO         4469    i.__ARM_fpclassifyf  m_ws.l(fpclassifyf.o)
    0x08003eb8   0x08003eb8   0x00000006   Code   RO         4472    i.__mathlib_flt_infnan  m_ws.l(funder.o)
    0x08003ebe   0x08003ebe   0x00000004   Code   RO         4473    i.__mathlib_flt_infnan2  m_ws.l(funder.o)
    0x08003ec2   0x08003ec2   0x00000008   Code   RO         4474    i.__mathlib_flt_invalid  m_ws.l(funder.o)
    0x08003eca   0x08003eca   0x0000000a   Code   RO         4477    i.__mathlib_flt_underflow  m_ws.l(funder.o)
    0x08003ed4   0x08003ed4   0x0000000e   Code   RO         4361    i._is_digit         c_w.l(__printf_wp.o)
    0x08003ee2   0x08003ee2   0x00000002   PAD
    0x08003ee4   0x08003ee4   0x00000124   Code   RO         4423    i.asinf             m_ws.l(asinf.o)
    0x08004008   0x08004008   0x000002a4   Code   RO         4431    i.atan2f            m_ws.l(atan2f.o)
    0x080042ac   0x080042ac   0x000001f0   Code   RO         3127    i.main              main.o
    0x0800449c   0x0800449c   0x0000002c   Code   RO         4439    i.sqrtf             m_ws.l(sqrtf.o)
    0x080044c8   0x080044c8   0x000000c4   Code   RO         4390    x$fpl$fadd          fz_ws.l(faddsub_clz.o)
    0x0800458c   0x0800458c   0x0000000c   Code   RO         4507    x$fpl$fcheck1       fz_ws.l(fcheck1.o)
    0x08004598   0x08004598   0x00000018   Code   RO         4458    x$fpl$fcmpinf       fz_ws.l(fcmpi.o)
    0x080045b0   0x080045b0   0x00000184   Code   RO         4397    x$fpl$fdiv          fz_ws.l(fdiv.o)
    0x08004734   0x08004734   0x00000068   Code   RO         4400    x$fpl$feqf          fz_ws.l(feqf.o)
    0x0800479c   0x0800479c   0x00000036   Code   RO         4402    x$fpl$ffix          fz_ws.l(ffix.o)
    0x080047d2   0x080047d2   0x00000002   PAD
    0x080047d4   0x080047d4   0x0000003e   Code   RO         4406    x$fpl$ffixu         fz_ws.l(ffixu.o)
    0x08004812   0x08004812   0x00000002   PAD
    0x08004814   0x08004814   0x00000030   Code   RO         4411    x$fpl$fflt          fz_ws.l(fflt_clz.o)
    0x08004844   0x08004844   0x00000026   Code   RO         4410    x$fpl$ffltu         fz_ws.l(fflt_clz.o)
    0x0800486a   0x0800486a   0x00000002   PAD
    0x0800486c   0x0800486c   0x00000102   Code   RO         4418    x$fpl$fmul          fz_ws.l(fmul.o)
    0x0800496e   0x0800496e   0x0000008c   Code   RO         4460    x$fpl$fnaninf       fz_ws.l(fnaninf.o)
    0x080049fa   0x080049fa   0x0000000a   Code   RO         4462    x$fpl$fretinf       fz_ws.l(fretinf.o)
    0x08004a04   0x08004a04   0x00000014   Code   RO         4391    x$fpl$frsb          fz_ws.l(faddsub_clz.o)
    0x08004a18   0x08004a18   0x00000110   Code   RO         4464    x$fpl$fsqrt         fz_ws.l(fsqrt.o)
    0x08004b28   0x08004b28   0x000000ea   Code   RO         4392    x$fpl$fsub          fz_ws.l(faddsub_clz.o)
    0x08004c12   0x08004c12   0x00000064   Code   RO         4522    x$fpl$retnan        fz_ws.l(retnan.o)
    0x08004c76   0x08004c76   0x0000004c   Code   RO         4466    x$fpl$scalbnf       fz_ws.l(scalbnf.o)
    0x08004cc2   0x08004cc2   0x00000030   Code   RO         4571    x$fpl$trapveneer    fz_ws.l(trapv.o)
    0x08004cf2   0x08004cf2   0x00000000   Code   RO         4468    x$fpl$usenofp       fz_ws.l(usenofp.o)
    0x08004cf2   0x08004cf2   0x000005f0   Data   RO         3821    .constdata          oled.o
    0x080052e2   0x080052e2   0x00000002   PAD
    0x080052e4   0x080052e4   0x000000f0   Data   RO         4157    .constdata          cmd_handle.o
    0x080053d4   0x080053d4   0x00000020   Data   RO         4652    Region$$Table       anon$$obj.o


    Execution Region RW_IRAM1 (Exec base: 0x20000000, Load base: 0x080053f4, Size: 0x00000bb0, Max: 0x00005000, ABSOLUTE)

    Exec Addr    Load Addr    Size         Type   Attr      Idx    E Section Name        Object

    0x20000000   0x080053f4   0x00000014   Data   RW           28    .data               system_stm32f10x.o
    0x20000014   0x08005408   0x00000014   Data   RW         1757    .data               stm32f10x_rcc.o
    0x20000028   0x0800541c   0x0000000d   Data   RW         3247    .data               app.o
    0x20000035   0x08005429   0x00000001   PAD
    0x20000036   0x0800542a   0x00000009   Data   RW         3381    .data               app_rgb.o
    0x2000003f   0x08005433   0x00000001   Data   RW         3407    .data               app_bldc.o
    0x20000040   0x08005434   0x00000004   Data   RW         3436    .data               app_servo.o
    0x20000044   0x08005438   0x00000004   Data   RW         3596    .data               bsp_systick.o
    0x20000048   0x0800543c   0x00000008   Data   RW         3635    .data               bsp_usart.o
    0x20000050   0x08005444   0x0000001c   Data   RW         3966    .data               bsp_mpu6050.o
    0x2000006c   0x08005460   0x00000008   Data   RW         4026    .data               msg_queue.o
    0x20000074   0x08005468   0x0000000e   Data   RW         4063    .data               protocol.o
    0x20000082   0x08005476   0x00000002   PAD
    0x20000084   0x08005478   0x00000005   Data   RW         4102    .data               protocol_emm.o
    0x20000089   0x0800547d   0x00000003   PAD
    0x2000008c        -       0x00000038   Zero   RW         3334    .bss                app_motor.o
    0x200000c4        -       0x00000180   Zero   RW         3634    .bss                bsp_usart.o
    0x20000244        -       0x00000028   Zero   RW         3965    .bss                bsp_mpu6050.o
    0x2000026c        -       0x00000220   Zero   RW         4025    .bss                msg_queue.o
    0x2000048c        -       0x00000044   Zero   RW         4062    .bss                protocol.o
    0x200004d0        -       0x00000080   Zero   RW         4101    .bss                protocol_emm.o
    0x20000550        -       0x00000060   Zero   RW         4510    .bss                c_w.l(libspace.o)
    0x200005b0        -       0x00000200   Zero   RW            2    HEAP                startup_stm32f10x_hd.o
    0x200007b0        -       0x00000400   Zero   RW            1    STACK               startup_stm32f10x_hd.o


==============================================================================

Image component sizes


      Code (inc. data)   RO Data    RW Data    ZI Data      Debug   Object Name

       632        112          0         13          0       2798   app.o
        52         10          0          1          0       1800   app_bldc.o
       112         16          0          0          0       1704   app_imu.o
       616         30          0          0         56       4153   app_motor.o
        60         22          0          9          0       1904   app_rgb.o
        68          6          0          4          0       2037   app_servo.o
       646        238          0          0          0       2011   bsp_esp8266.o
       830         40          0          0          0       7218   bsp_iic.o
      1986         52          0         28         40       7786   bsp_mpu6050.o
       492         38          0          0          0       2817   bsp_pwm.o
       220         26          0          4          0       1601   bsp_systick.o
       940        106          0          8        384       7783   bsp_usart.o
      1902         74        240          0          0      22161   cmd_handle.o
         0          0          0          0          0       4524   core_cm3.o
       812          0          0          0          0       7705   emm_v5.o
       496        248          0          0          0       3293   main.o
       152         12          0          0          0     204818   misc.o
       200         40          0          8        544       2931   msg_queue.o
       842         22       1520          0          0       7291   oled.o
       468         40          0         14         68       3902   protocol.o
       164         18          0          5        128       1787   protocol_emm.o
        64         26        304          0       1536        820   startup_stm32f10x_hd.o
       424          8          0          0          0       3835   stm32f10x_dma.o
       314          0          0          0          0       4040   stm32f10x_gpio.o
        26          0          0          0          0       3630   stm32f10x_it.o
       308         38          0         20          0       4822   stm32f10x_rcc.o
       720         82          0          0          0       7209   stm32f10x_tim.o
       490          6          0          0          0       6982   stm32f10x_usart.o
       328         28          0         20          0      55249   system_stm32f10x.o

    ----------------------------------------------------------------------
     14394       1338       2098        140       2756     388611   Object Totals
         0          0         32          0          0          0   (incl. Generated)
        30          0          2          6          0          0   (incl. Padding)

    ----------------------------------------------------------------------

      Code (inc. data)   RO Data    RW Data    ZI Data      Debug   Library Member Name

         8          0          0          0          0         68   __main.o
       352          0          0          0          0         88   __printf_ss_wp.o
        14          0          0          0          0         68   __printf_wp.o
         0          0          0          0          0          0   __rtentry.o
        12          0          0          0          0          0   __rtentry2.o
         6          0          0          0          0          0   __rtentry4.o
        52          8          0          0          0          0   __scatter.o
        26          0          0          0          0          0   __scatter_copy.o
        28          0          0          0          0          0   __scatter_zi.o
        44          0          0          0          0        108   _printf_char.o
        48          6          0          0          0         96   _printf_char_common.o
         6          0          0          0          0          0   _printf_d.o
       120         16          0          0          0         92   _printf_dec.o
       178          0          0          0          0         88   _printf_intcommon.o
        78          0          0          0          0        108   _printf_pad.o
         0          0          0          0          0          0   _printf_percent.o
         4          0          0          0          0          0   _printf_percent_end.o
         6          0          0          0          0          0   _printf_s.o
        82          0          0          0          0         80   _printf_str.o
        22          0          0          0          0        100   _rserrno.o
        10          0          0          0          0         68   _sputc.o
        18          0          0          0          0         80   exit.o
         6          0          0          0          0        152   heapauxi.o
         0          0          0          0          0          0   indicate_semi.o
         2          0          0          0          0          0   libinit.o
         2          0          0          0          0          0   libinit2.o
         2          0          0          0          0          0   libshutdown.o
         2          0          0          0          0          0   libshutdown2.o
         8          4          0          0         96         68   libspace.o
        40          6          0          0          0         84   noretval__2sprintf.o
         8          4          0          0          0         68   rt_errno_addr_intlibspace.o
        78          0          0          0          0         80   rt_memclr_w.o
       138          0          0          0          0         68   rt_memcpy_v6.o
       100          0          0          0          0         80   rt_memcpy_w.o
       122          0          0          0          0         80   rt_memmove_w.o
         2          0          0          0          0          0   rtexit.o
        10          0          0          0          0          0   rtexit2.o
        62          0          0          0          0         76   strlen.o
        36          0          0          0          0         80   strstr.o
        12          4          0          0          0         68   sys_exit.o
        74          0          0          0          0         80   sys_stackheap_outer.o
         2          0          0          0          0         68   use_no_semi.o
       450          8          0          0          0        236   faddsub_clz.o
        12          4          0          0          0         68   fcheck1.o
        24          0          0          0          0         68   fcmpi.o
       388         76          0          0          0         96   fdiv.o
       104          4          0          0          0         84   feqf.o
        54          4          0          0          0         84   ffix.o
        62          4          0          0          0         84   ffixu.o
        86          0          0          0          0        136   fflt_clz.o
       258          4          0          0          0         84   fmul.o
       140          4          0          0          0         84   fnaninf.o
        10          0          0          0          0         68   fretinf.o
       272        100          0          0          0         88   fsqrt.o
       100          0          0          0          0         68   retnan.o
        76          0          0          0          0         68   scalbnf.o
        48          0          0          0          0         68   trapv.o
         0          0          0          0          0          0   usenofp.o
       292         38          0          0          0        120   asinf.o
       676         78          0          0          0        116   atan2f.o
        38          0          0          0          0         68   fpclassifyf.o
        28          0          0          0          0        272   funder.o
        44          0          0          0          0         80   sqrtf.o

    ----------------------------------------------------------------------
      5000        372          0          0         96       4136   Library Totals
        18          0          0          0          0          0   (incl. Padding)

    ----------------------------------------------------------------------

      Code (inc. data)   RO Data    RW Data    ZI Data      Debug   Library Name

      1820         48          0          0         96       2096   c_w.l
      2084        208          0          0          0       1384   fz_ws.l
      1078        116          0          0          0        656   m_ws.l

    ----------------------------------------------------------------------
      5000        372          0          0         96       4136   Library Totals

    ----------------------------------------------------------------------

==============================================================================


      Code (inc. data)   RO Data    RW Data    ZI Data      Debug   

     19394       1710       2098        140       2852     381251   Grand Totals
     19394       1710       2098        140       2852     381251   ELF Image Totals
     19394       1710       2098        140          0          0   ROM Totals

==============================================================================

    Total RO  Size (Code + RO Data)                21492 (  20.99kB)
    Total RW  Size (RW Data + ZI Data)              2992 (   2.92kB)
    Total ROM Size (Code + RO Data + RW Data)      21632 (  21.13kB)

==============================================================================

