Component: ARM Compiler 5.06 update 7 (build 960) Tool: armlink [4d3601]

==============================================================================

Section Cross References

    startup_stm32f10x_hd.o(STACK) refers (Special) to heapauxi.o(.text) for __use_two_region_memory
    startup_stm32f10x_hd.o(HEAP) refers (Special) to heapauxi.o(.text) for __use_two_region_memory
    startup_stm32f10x_hd.o(RESET) refers (Special) to heapauxi.o(.text) for __use_two_region_memory
    startup_stm32f10x_hd.o(RESET) refers to startup_stm32f10x_hd.o(STACK) for __initial_sp
    startup_stm32f10x_hd.o(RESET) refers to startup_stm32f10x_hd.o(.text) for Reset_Handler
    startup_stm32f10x_hd.o(RESET) refers to stm32f10x_it.o(i.NMI_Handler) for NMI_Handler
    startup_stm32f10x_hd.o(RESET) refers to stm32f10x_it.o(i.HardFault_Handler) for HardFault_Handler
    startup_stm32f10x_hd.o(RESET) refers to stm32f10x_it.o(i.MemManage_Handler) for MemManage_Handler
    startup_stm32f10x_hd.o(RESET) refers to stm32f10x_it.o(i.BusFault_Handler) for BusFault_Handler
    startup_stm32f10x_hd.o(RESET) refers to stm32f10x_it.o(i.UsageFault_Handler) for UsageFault_Handler
    startup_stm32f10x_hd.o(RESET) refers to stm32f10x_it.o(i.SVC_Handler) for SVC_Handler
    startup_stm32f10x_hd.o(RESET) refers to stm32f10x_it.o(i.DebugMon_Handler) for DebugMon_Handler
    startup_stm32f10x_hd.o(RESET) refers to stm32f10x_it.o(i.PendSV_Handler) for PendSV_Handler
    startup_stm32f10x_hd.o(RESET) refers to stm32f10x_it.o(i.SysTick_Handler) for SysTick_Handler
    startup_stm32f10x_hd.o(RESET) refers to bsp_usart.o(i.USART1_IRQHandler) for USART1_IRQHandler
    startup_stm32f10x_hd.o(RESET) refers to bsp_usart.o(i.USART2_IRQHandler) for USART2_IRQHandler
    startup_stm32f10x_hd.o(.text) refers (Special) to heapauxi.o(.text) for __use_two_region_memory
    startup_stm32f10x_hd.o(.text) refers to system_stm32f10x.o(i.SystemInit) for SystemInit
    startup_stm32f10x_hd.o(.text) refers to __main.o(!!!main) for __main
    startup_stm32f10x_hd.o(.text) refers to startup_stm32f10x_hd.o(HEAP) for Heap_Mem
    startup_stm32f10x_hd.o(.text) refers to startup_stm32f10x_hd.o(STACK) for Stack_Mem
    system_stm32f10x.o(i.SetSysClock) refers to system_stm32f10x.o(i.SetSysClockTo72) for SetSysClockTo72
    system_stm32f10x.o(i.SystemCoreClockUpdate) refers to system_stm32f10x.o(.data) for SystemCoreClock
    system_stm32f10x.o(i.SystemInit) refers to system_stm32f10x.o(i.SetSysClock) for SetSysClock
    stm32f10x_adc.o(i.ADC_DeInit) refers to stm32f10x_rcc.o(i.RCC_APB2PeriphResetCmd) for RCC_APB2PeriphResetCmd
    stm32f10x_bkp.o(i.BKP_DeInit) refers to stm32f10x_rcc.o(i.RCC_BackupResetCmd) for RCC_BackupResetCmd
    stm32f10x_can.o(i.CAN_DeInit) refers to stm32f10x_rcc.o(i.RCC_APB1PeriphResetCmd) for RCC_APB1PeriphResetCmd
    stm32f10x_can.o(i.CAN_GetITStatus) refers to stm32f10x_can.o(i.CheckITStatus) for CheckITStatus
    stm32f10x_cec.o(i.CEC_DeInit) refers to stm32f10x_rcc.o(i.RCC_APB1PeriphResetCmd) for RCC_APB1PeriphResetCmd
    stm32f10x_dac.o(i.DAC_DeInit) refers to stm32f10x_rcc.o(i.RCC_APB1PeriphResetCmd) for RCC_APB1PeriphResetCmd
    stm32f10x_flash.o(i.FLASH_EnableWriteProtection) refers to stm32f10x_flash.o(i.FLASH_WaitForLastOperation) for FLASH_WaitForLastOperation
    stm32f10x_flash.o(i.FLASH_EraseAllBank1Pages) refers to stm32f10x_flash.o(i.FLASH_WaitForLastBank1Operation) for FLASH_WaitForLastBank1Operation
    stm32f10x_flash.o(i.FLASH_EraseAllPages) refers to stm32f10x_flash.o(i.FLASH_WaitForLastOperation) for FLASH_WaitForLastOperation
    stm32f10x_flash.o(i.FLASH_EraseOptionBytes) refers to stm32f10x_flash.o(i.FLASH_GetReadOutProtectionStatus) for FLASH_GetReadOutProtectionStatus
    stm32f10x_flash.o(i.FLASH_EraseOptionBytes) refers to stm32f10x_flash.o(i.FLASH_WaitForLastOperation) for FLASH_WaitForLastOperation
    stm32f10x_flash.o(i.FLASH_ErasePage) refers to stm32f10x_flash.o(i.FLASH_WaitForLastOperation) for FLASH_WaitForLastOperation
    stm32f10x_flash.o(i.FLASH_ProgramHalfWord) refers to stm32f10x_flash.o(i.FLASH_WaitForLastOperation) for FLASH_WaitForLastOperation
    stm32f10x_flash.o(i.FLASH_ProgramOptionByteData) refers to stm32f10x_flash.o(i.FLASH_WaitForLastOperation) for FLASH_WaitForLastOperation
    stm32f10x_flash.o(i.FLASH_ProgramWord) refers to stm32f10x_flash.o(i.FLASH_WaitForLastOperation) for FLASH_WaitForLastOperation
    stm32f10x_flash.o(i.FLASH_ReadOutProtection) refers to stm32f10x_flash.o(i.FLASH_WaitForLastOperation) for FLASH_WaitForLastOperation
    stm32f10x_flash.o(i.FLASH_UserOptionByteConfig) refers to stm32f10x_flash.o(i.FLASH_WaitForLastOperation) for FLASH_WaitForLastOperation
    stm32f10x_flash.o(i.FLASH_WaitForLastBank1Operation) refers to stm32f10x_flash.o(i.FLASH_GetBank1Status) for FLASH_GetBank1Status
    stm32f10x_flash.o(i.FLASH_WaitForLastOperation) refers to stm32f10x_flash.o(i.FLASH_GetBank1Status) for FLASH_GetBank1Status
[...]
    s_q_eyInt                                0x2000007c   Data           4  bsp_mpu6050.o(.data)
    s_q_ezInt                                0x20000080   Data           4  bsp_mpu6050.o(.data)
    .data                                    0x20000084   Section        8  msg_queue.o(.data)
    head_index                               0x20000084   Data           2  msg_queue.o(.data)
    tail_index                               0x20000086   Data           2  msg_queue.o(.data)
    .data                                    0x2000008c   Section       14  protocol.o(.data)
    state                                    0x2000008c   Data           1  protocol.o(.data)
    data_cnt                                 0x2000008e   Data           2  protocol.o(.data)
    user_handler                             0x20000090   Data           4  protocol.o(.data)
    timeout_ticks                            0x20000098   Data           2  protocol.o(.data)
    .data                                    0x2000009c   Section        5  protocol_emm.o(.data)
    emm_handler                              0x2000009c   Data           4  protocol_emm.o(.data)
    len                                      0x200000a0   Data           1  protocol_emm.o(.data)
    .bss                                     0x200000a4   Section       46  app_motor.o(.bss)
    .bss                                     0x200000d2   Section       64  app_rgb.o(.bss)
    red_window                               0x200000ea   Data          10  app_rgb.o(.bss)
    green_window                             0x200000f4   Data          10  app_rgb.o(.bss)
    blue_window                              0x200000fe   Data          10  app_rgb.o(.bss)
    clear_window                             0x20000108   Data          10  app_rgb.o(.bss)
    .bss                                     0x20000112   Section      384  bsp_usart.o(.bss)
    usart1_rx_buffer                         0x20000112   Data         128  bsp_usart.o(.bss)
    usart2_rx_buffer                         0x20000192   Data         256  bsp_usart.o(.bss)
    .bss                                     0x20000294   Section       40  bsp_mpu6050.o(.bss)
    s_gyro_offset                            0x200002b0   Data          12  bsp_mpu6050.o(.bss)
    .bss                                     0x200002bc   Section      544  msg_queue.o(.bss)
    queue_data                               0x200002bc   Data         544  msg_queue.o(.bss)
    .bss                                     0x200004dc   Section       68  protocol.o(.bss)
    temp_packet                              0x200004dc   Data          68  protocol.o(.bss)
    .bss                                     0x20000520   Section      128  protocol_emm.o(.bss)
    raw_buf                                  0x20000520   Data         128  protocol_emm.o(.bss)
    .bss                                     0x200005a0   Section       96  libspace.o(.bss)
    HEAP                                     0x20000600   Section      512  startup_stm32f10x_hd.o(HEAP)
    Heap_Mem                                 0x20000600   Data         512  startup_stm32f10x_hd.o(HEAP)
    STACK                                    0x20000800   Section     1024  startup_stm32f10x_hd.o(STACK)
    Stack_Mem                                0x20000800   Data        1024  startup_stm32f10x_hd.o(STACK)
    __initial_sp                             0x20000c00   Data           0  startup_stm32f10x_hd.o(STACK)

    Global Symbols

    Symbol Name                              Value     Ov Type        Size  Object(Section)

    BuildAttributes$$THM_ISAv4$P$D$K$B$S$PE$A:L22UL41UL21$X:L11$S22US41US21$IEEE1$IW$USESV6$~STKCKD$USESV7$~SHL$OTIME$ROPI$IEEEX$EBA8$UX$STANDARDLIB$REQ8$PRES8$EABIv2 0x00000000   Number         0  anon$$obj.o ABSOLUTE
    __ARM_use_no_argv                        0x00000000   Number         0  main.o ABSOLUTE
    _printf_flags                            0x00000000   Number         0  printf_stubs.o ABSOLUTE
    _printf_return_value                     0x00000000   Number         0  printf_stubs.o ABSOLUTE
    _printf_sizespec                         0x00000000   Number         0  printf_stubs.o ABSOLUTE
    _printf_widthprec                        0x00000000   Number         0  printf_stubs.o ABSOLUTE
    __ARM_exceptions_init                     - Undefined Weak Reference
    __alloca_initialize                       - Undefined Weak Reference
    __arm_fini_                               - Undefined Weak Reference
    __arm_preinit_                            - Undefined Weak Reference
    __cpp_initialize__aeabi_                  - Undefined Weak Reference
    __cxa_finalize                            - Undefined Weak Reference
    __rt_locale                               - Undefined Weak Reference
    __sigvec_lookup                           - Undefined Weak Reference
    _atexit_init                              - Undefined Weak Reference
    _call_atexit_fns                          - Undefined Weak Reference
    _clock_init                               - Undefined Weak Reference
    _fp_trap_init                             - Undefined Weak Reference
    _fp_trap_shutdown                         - Undefined Weak Reference
    _get_lc_collate                           - Undefined Weak Reference
    _get_lc_ctype                             - Undefined Weak Reference
    _get_lc_monetary                          - Undefined Weak Reference
    _get_lc_numeric                           - Undefined Weak Reference
    _get_lc_time                              - Undefined Weak Reference
    _getenv_init                              - Undefined Weak Reference
    _handle_redirection                       - Undefined Weak Reference
    _init_alloc                               - Undefined Weak Reference
    _init_user_alloc                          - Undefined Weak Reference
    _initio                                   - Undefined Weak Reference
    _printf_mbtowc                            - Undefined Weak Reference
    _printf_truncate_signed                   - Undefined Weak Reference
    _printf_truncate_unsigned                 - Undefined Weak Reference
    _rand_init                                - Undefined Weak Reference
    _signal_finish                            - Undefined Weak Reference
    _signal_init                              - Undefined Weak Reference
    _terminate_alloc                          - Undefined Weak Reference
    _terminate_user_alloc                     - Undefined Weak Reference
    _terminateio                              - Undefined Weak Reference
    __Vectors_Size                           0x00000130   Number         0  startup_stm32f10x_hd.o ABSOLUTE
    __Vectors                                0x08000000   Data           4  startup_stm32f10x_hd.o(RESET)
    __Vectors_End                            0x08000130   Data           0  startup_stm32f10x_hd.o(RESET)
    __main                                   0x08000131   Thumb Code     8  __main.o(!!!main)
    __scatterload                            0x08000139   Thumb Code     0  __scatter.o(!!!scatter)
    __scatterload_rt2                        0x08000139   Thumb Code    44  __scatter.o(!!!scatter)
    __scatterload_rt2_thumb_only             0x08000139   Thumb Code     0  __scatter.o(!!!scatter)
    __scatterload_null                       0x08000147   Thumb Code     0  __scatter.o(!!!scatter)
    __scatterload_copy                       0x0800016d   Thumb Code    26  __scatter_copy.o(!!handler_copy)
    __scatterload_zeroinit                   0x08000189   Thumb Code    28  __scatter_zi.o(!!handler_zi)
    _printf_d                                0x080001a5   Thumb Code     0  _printf_d.o(.ARM.Collect$$_printf_percent$$00000009)
    _printf_percent                          0x080001a5   Thumb Code     0  _printf_percent.o(.ARM.Collect$$_printf_percent$$00000000)
    _printf_s                                0x080001ab   Thumb Code     0  _printf_s.o(.ARM.Collect$$_printf_percent$$00000014)
    _printf_percent_end                      0x080001b1   Thumb Code     0  _printf_percent_end.o(.ARM.Collect$$_printf_percent$$00000017)
    __rt_lib_init                            0x080001b5   Thumb Code     0  libinit.o(.ARM.Collect$$libinit$$00000000)
    __rt_lib_init_alloca_1                   0x080001b7   Thumb Code     0  libinit2.o(.ARM.Collect$$libinit$$0000002E)
    __rt_lib_init_argv_1                     0x080001b7   Thumb Code     0  libinit2.o(.ARM.Collect$$libinit$$0000002C)
    __rt_lib_init_atexit_1                   0x080001b7   Thumb Code     0  libinit2.o(.ARM.Collect$$libinit$$0000001B)
    __rt_lib_init_clock_1                    0x080001b7   Thumb Code     0  libinit2.o(.ARM.Collect$$libinit$$00000021)
    __rt_lib_init_cpp_1                      0x080001b7   Thumb Code     0  libinit2.o(.ARM.Collect$$libinit$$00000032)
    __rt_lib_init_exceptions_1               0x080001b7   Thumb Code     0  libinit2.o(.ARM.Collect$$libinit$$00000030)
    __rt_lib_init_fp_1                       0x080001b7   Thumb Code     0  libinit2.o(.ARM.Collect$$libinit$$00000002)
    __rt_lib_init_fp_trap_1                  0x080001b7   Thumb Code     0  libinit2.o(.ARM.Collect$$libinit$$0000001F)
    __rt_lib_init_getenv_1                   0x080001b7   Thumb Code     0  libinit2.o(.ARM.Collect$$libinit$$00000023)
    __rt_lib_init_heap_1                     0x080001b7   Thumb Code     0  libinit2.o(.ARM.Collect$$libinit$$0000000A)
    __rt_lib_init_lc_collate_1               0x080001b7   Thumb Code     0  libinit2.o(.ARM.Collect$$libinit$$00000011)
    __rt_lib_init_lc_ctype_1                 0x080001b7   Thumb Code     0  libinit2.o(.ARM.Collect$$libinit$$00000013)
    __rt_lib_init_lc_monetary_1              0x080001b7   Thumb Code     0  libinit2.o(.ARM.Collect$$libinit$$00000015)
    __rt_lib_init_lc_numeric_1               0x080001b7   Thumb Code     0  libinit2.o(.ARM.Collect$$libinit$$00000017)
    __rt_lib_init_lc_time_1                  0x080001b7   Thumb Code     0  libinit2.o(.ARM.Collect$$libinit$$00000019)
    __rt_lib_init_preinit_1                  0x080001b7   Thumb Code     0  libinit2.o(.ARM.Collect$$libinit$$00000004)
    __rt_lib_init_rand_1                     0x080001b7   Thumb Code     0  libinit2.o(.ARM.Collect$$libinit$$0000000E)
    __rt_lib_init_return                     0x080001b7   Thumb Code     0  libinit2.o(.ARM.Collect$$libinit$$00000033)
    __rt_lib_init_signal_1                   0x080001b7   Thumb Code     0  libinit2.o(.ARM.Collect$$libinit$$0000001D)
    __rt_lib_init_stdio_1                    0x080001b7   Thumb Code     0  libinit2.o(.ARM.Collect$$libinit$$00000025)
    __rt_lib_init_user_alloc_1               0x080001b7   Thumb Code     0  libinit2.o(.ARM.Collect$$libinit$$0000000C)
    __rt_lib_shutdown                        0x080001b9   Thumb Code     0  libshutdown.o(.ARM.Collect$$libshutdown$$00000000)
    __rt_lib_shutdown_cpp_1                  0x080001bb   Thumb Code     0  libshutdown2.o(.ARM.Collect$$libshutdown$$00000004)
    __rt_lib_shutdown_fini_1                 0x080001bb   Thumb Code     0  libshutdown2.o(.ARM.Collect$$libshutdown$$00000002)
    __rt_lib_shutdown_fp_trap_1              0x080001bb   Thumb Code     0  libshutdown2.o(.ARM.Collect$$libshutdown$$00000009)
    __rt_lib_shutdown_heap_1                 0x080001bb   Thumb Code     0  libshutdown2.o(.ARM.Collect$$libshutdown$$00000011)
    __rt_lib_shutdown_return                 0x080001bb   Thumb Code     0  libshutdown2.o(.ARM.Collect$$libshutdown$$00000012)
    __rt_lib_shutdown_signal_1               0x080001bb   Thumb Code     0  libshutdown2.o(.ARM.Collect$$libshutdown$$0000000C)
    __rt_lib_shutdown_stdio_1                0x080001bb   Thumb Code     0  libshutdown2.o(.ARM.Collect$$libshutdown$$00000006)
    __rt_lib_shutdown_user_alloc_1           0x080001bb   Thumb Code     0  libshutdown2.o(.ARM.Collect$$libshutdown$$0000000E)
    __rt_entry                               0x080001bd   Thumb Code     0  __rtentry.o(.ARM.Collect$$rtentry$$00000000)
    __rt_entry_presh_1                       0x080001bd   Thumb Code     0  __rtentry2.o(.ARM.Collect$$rtentry$$00000002)
    __rt_entry_sh                            0x080001bd   Thumb Code     0  __rtentry4.o(.ARM.Collect$$rtentry$$00000004)
    __rt_entry_li                            0x080001c3   Thumb Code     0  __rtentry2.o(.ARM.Collect$$rtentry$$0000000A)
    __rt_entry_postsh_1                      0x080001c3   Thumb Code     0  __rtentry2.o(.ARM.Collect$$rtentry$$00000009)
    __rt_entry_main                          0x080001c7   Thumb Code     0  __rtentry2.o(.ARM.Collect$$rtentry$$0000000D)
    __rt_entry_postli_1                      0x080001c7   Thumb Code     0  __rtentry2.o(.ARM.Collect$$rtentry$$0000000C)
    __rt_exit                                0x080001cf   Thumb Code     0  rtexit.o(.ARM.Collect$$rtexit$$00000000)
    __rt_exit_ls                             0x080001d1   Thumb Code     0  rtexit2.o(.ARM.Collect$$rtexit$$00000003)
    __rt_exit_prels_1                        0x080001d1   Thumb Code     0  rtexit2.o(.ARM.Collect$$rtexit$$00000002)
    __rt_exit_exit                           0x080001d5   Thumb Code     0  rtexit2.o(.ARM.Collect$$rtexit$$00000004)
    Reset_Handler                            0x080001dd   Thumb Code     8  startup_stm32f10x_hd.o(.text)
    ADC1_2_IRQHandler                        0x080001f7   Thumb Code     0  startup_stm32f10x_hd.o(.text)
    ADC3_IRQHandler                          0x080001f7   Thumb Code     0  startup_stm32f10x_hd.o(.text)
    CAN1_RX1_IRQHandler                      0x080001f7   Thumb Code     0  startup_stm32f10x_hd.o(.text)
    CAN1_SCE_IRQHandler                      0x080001f7   Thumb Code     0  startup_stm32f10x_hd.o(.text)
    DMA1_Channel1_IRQHandler                 0x080001f7   Thumb Code     0  startup_stm32f10x_hd.o(.text)
    DMA1_Channel2_IRQHandler                 0x080001f7   Thumb Code     0  startup_stm32f10x_hd.o(.text)
    DMA1_Channel3_IRQHandler                 0x080001f7   Thumb Code     0  startup_stm32f10x_hd.o(.text)
    DMA1_Channel4_IRQHandler                 0x080001f7   Thumb Code     0  startup_stm32f10x_hd.o(.text)
    DMA1_Channel5_IRQHandler                 0x080001f7   Thumb Code     0  startup_stm32f10x_hd.o(.text)
    DMA1_Channel6_IRQHandler                 0x080001f7   Thumb Code     0  startup_stm32f10x_hd.o(.text)
    DMA1_Channel7_IRQHandler                 0x080001f7   Thumb Code     0  startup_stm32f10x_hd.o(.text)
    DMA2_Channel1_IRQHandler                 0x080001f7   Thumb Code     0  startup_stm32f10x_hd.o(.text)
    DMA2_Channel2_IRQHandler                 0x080001f7   Thumb Code     0  startup_stm32f10x_hd.o(.text)
    DMA2_Channel3_IRQHandler                 0x080001f7   Thumb Code     0  startup_stm32f10x_hd.o(.text)
    DMA2_Channel4_5_IRQHandler               0x080001f7   Thumb Code     0  startup_stm32f10x_hd.o(.text)
    EXTI0_IRQHandler                         0x080001f7   Thumb Code     0  startup_stm32f10x_hd.o(.text)
    EXTI15_10_IRQHandler                     0x080001f7   Thumb Code     0  startup_stm32f10x_hd.o(.text)
    EXTI1_IRQHandler                         0x080001f7   Thumb Code     0  startup_stm32f10x_hd.o(.text)
    EXTI2_IRQHandler                         0x080001f7   Thumb Code     0  startup_stm32f10x_hd.o(.text)
    EXTI3_IRQHandler                         0x080001f7   Thumb Code     0  startup_stm32f10x_hd.o(.text)
    EXTI4_IRQHandler                         0x080001f7   Thumb Code     0  startup_stm32f10x_hd.o(.text)
    EXTI9_5_IRQHandler                       0x080001f7   Thumb Code     0  startup_stm32f10x_hd.o(.text)
    FLASH_IRQHandler                         0x080001f7   Thumb Code     0  startup_stm32f10x_hd.o(.text)
    FSMC_IRQHandler                          0x080001f7   Thumb Code     0  startup_stm32f10x_hd.o(.text)
    I2C1_ER_IRQHandler                       0x080001f7   Thumb Code     0  startup_stm32f10x_hd.o(.text)
    I2C1_EV_IRQHandler                       0x080001f7   Thumb Code     0  startup_stm32f10x_hd.o(.text)
    I2C2_ER_IRQHandler                       0x080001f7   Thumb Code     0  startup_stm32f10x_hd.o(.text)
    I2C2_EV_IRQHandler                       0x080001f7   Thumb Code     0  startup_stm32f10x_hd.o(.text)
    PVD_IRQHandler                           0x080001f7   Thumb Code     0  startup_stm32f10x_hd.o(.text)
    RCC_IRQHandler                           0x080001f7   Thumb Code     0  startup_stm32f10x_hd.o(.text)
    RTCAlarm_IRQHandler                      0x080001f7   Thumb Code     0  startup_stm32f10x_hd.o(.text)
    RTC_IRQHandler                           0x080001f7   Thumb Code     0  startup_stm32f10x_hd.o(.text)
    SDIO_IRQHandler                          0x080001f7   Thumb Code     0  startup_stm32f10x_hd.o(.text)
    SPI1_IRQHandler                          0x080001f7   Thumb Code     0  startup_stm32f10x_hd.o(.text)
    SPI2_IRQHandler                          0x080001f7   Thumb Code     0  startup_stm32f10x_hd.o(.text)
    SPI3_IRQHandler                          0x080001f7   Thumb Code     0  startup_stm32f10x_hd.o(.text)
    TAMPER_IRQHandler                        0x080001f7   Thumb Code     0  startup_stm32f10x_hd.o(.text)
    TIM1_BRK_IRQHandler                      0x080001f7   Thumb Code     0  startup_stm32f10x_hd.o(.text)
    TIM1_CC_IRQHandler                       0x080001f7   Thumb Code     0  startup_stm32f10x_hd.o(.text)
    TIM1_TRG_COM_IRQHandler                  0x080001f7   Thumb Code     0  startup_stm32f10x_hd.o(.text)
    TIM1_UP_IRQHandler                       0x080001f7   Thumb Code     0  startup_stm32f10x_hd.o(.text)
    TIM2_IRQHandler                          0x080001f7   Thumb Code     0  startup_stm32f10x_hd.o(.text)
    TIM3_IRQHandler                          0x080001f7   Thumb Code     0  startup_stm32f10x_hd.o(.text)
    TIM4_IRQHandler                          0x080001f7   Thumb Code     0  startup_stm32f10x_hd.o(.text)
    TIM5_IRQHandler                          0x080001f7   Thumb Code     0  startup_stm32f10x_hd.o(.text)
    TIM6_IRQHandler                          0x080001f7   Thumb Code     0  startup_stm32f10x_hd.o(.text)
    TIM7_IRQHandler                          0x080001f7   Thumb Code     0  startup_stm32f10x_hd.o(.text)
    TIM8_BRK_IRQHandler                      0x080001f7   Thumb Code     0  startup_stm32f10x_hd.o(.text)
    TIM8_CC_IRQHandler                       0x080001f7   Thumb Code     0  startup_stm32f10x_hd.o(.text)
    TIM8_TRG_COM_IRQHandler                  0x080001f7   Thumb Code     0  startup_stm32f10x_hd.o(.text)
    TIM8_UP_IRQHandler                       0x080001f7   Thumb Code     0  startup_stm32f10x_hd.o(.text)
    UART4_IRQHandler                         0x080001f7   Thumb Code     0  startup_stm32f10x_hd.o(.text)
    UART5_IRQHandler                         0x080001f7   Thumb Code     0  startup_stm32f10x_hd.o(.text)
    USART3_IRQHandler                        0x080001f7   Thumb Code     0  startup_stm32f10x_hd.o(.text)
    USBWakeUp_IRQHandler                     0x080001f7   Thumb Code     0  startup_stm32f10x_hd.o(.text)
    USB_HP_CAN1_TX_IRQHandler                0x080001f7   Thumb Code     0  startup_stm32f10x_hd.o(.text)
    USB_LP_CAN1_RX0_IRQHandler               0x080001f7   Thumb Code     0  startup_stm32f10x_hd.o(.text)
    WWDG_IRQHandler                          0x080001f7   Thumb Code     0  startup_stm32f10x_hd.o(.text)
    __user_initial_stackheap                 0x080001f9   Thumb Code     0  startup_stm32f10x_hd.o(.text)
    __2sprintf                               0x0800021d   Thumb Code    34  noretval__2sprintf.o(.text)
    _printf_pre_padding                      0x08000245   Thumb Code    44  _printf_pad.o(.text)
    _printf_post_padding                     0x08000271   Thumb Code    34  _printf_pad.o(.text)
    _printf_str                              0x08000293   Thumb Code    82  _printf_str.o(.text)
    _printf_int_dec                          0x080002e5   Thumb Code   104  _printf_dec.o(.text)
    __printf                                 0x0800035d   Thumb Code   352  __printf_ss_wp.o(.text)
    strstr                                   0x080004bd   Thumb Code    36  strstr.o(.text)
    strlen                                   0x080004e1   Thumb Code    62  strlen.o(.text)
    __aeabi_memcpy                           0x0800051f   Thumb Code     0  rt_memcpy_v6.o(.text)
    __rt_memcpy                              0x0800051f   Thumb Code   138  rt_memcpy_v6.o(.text)
    _memcpy_lastbytes                        0x08000585   Thumb Code     0  rt_memcpy_v6.o(.text)
    __aeabi_memcpy4                          0x080005a9   Thumb Code     0  rt_memcpy_w.o(.text)
    __aeabi_memcpy8                          0x080005a9   Thumb Code     0  rt_memcpy_w.o(.text)
    __rt_memcpy_w                            0x080005a9   Thumb Code   100  rt_memcpy_w.o(.text)
    _memcpy_lastbytes_aligned                0x080005f1   Thumb Code     0  rt_memcpy_w.o(.text)
    __aeabi_memmove4                         0x0800060d   Thumb Code     0  rt_memmove_w.o(.text)
    __aeabi_memmove8                         0x0800060d   Thumb Code     0  rt_memmove_w.o(.text)
    __rt_memmove_w                           0x0800060d   Thumb Code   122  rt_memmove_w.o(.text)
    __memmove_aligned                        0x08000633   Thumb Code     0  rt_memmove_w.o(.text)
    __memmove_lastfew_aligned                0x0800066b   Thumb Code     0  rt_memmove_w.o(.text)
    __aeabi_memclr                           0x08000687   Thumb Code     0  rt_memclr.o(.text)
    __rt_memclr                              0x08000687   Thumb Code    68  rt_memclr.o(.text)
    _memset                                  0x0800068b   Thumb Code     0  rt_memclr.o(.text)
    __aeabi_memclr4                          0x080006cb   Thumb Code     0  rt_memclr_w.o(.text)
    __aeabi_memclr8                          0x080006cb   Thumb Code     0  rt_memclr_w.o(.text)
    __rt_memclr_w                            0x080006cb   Thumb Code    78  rt_memclr_w.o(.text)
    _memset_w                                0x080006cf   Thumb Code     0  rt_memclr_w.o(.text)
    __use_two_region_memory                  0x08000719   Thumb Code     2  heapauxi.o(.text)
    __rt_heap_escrow$2region                 0x0800071b   Thumb Code     2  heapauxi.o(.text)
    __rt_heap_expand$2region                 0x0800071d   Thumb Code     2  heapauxi.o(.text)
    __read_errno                             0x0800071f   Thumb Code    10  _rserrno.o(.text)
    __set_errno                              0x08000729   Thumb Code    12  _rserrno.o(.text)
    _printf_int_common                       0x08000735   Thumb Code   178  _printf_intcommon.o(.text)
    _printf_char_common                      0x080007f3   Thumb Code    32  _printf_char_common.o(.text)
    _sputc                                   0x08000819   Thumb Code    10  _sputc.o(.text)
    _printf_cs_common                        0x08000823   Thumb Code    20  _printf_char.o(.text)
    _printf_char                             0x08000837   Thumb Code    16  _printf_char.o(.text)
    _printf_string                           0x08000847   Thumb Code     8  _printf_char.o(.text)
    __aeabi_errno_addr                       0x08000851   Thumb Code     8  rt_errno_addr_intlibspace.o(.text)
    __errno$intlibspace                      0x08000851   Thumb Code     0  rt_errno_addr_intlibspace.o(.text)
    __rt_errno_addr$intlibspace              0x08000851   Thumb Code     0  rt_errno_addr_intlibspace.o(.text)
    __user_libspace                          0x08000859   Thumb Code     8  libspace.o(.text)
    __user_perproc_libspace                  0x08000859   Thumb Code     0  libspace.o(.text)
    __user_perthread_libspace                0x08000859   Thumb Code     0  libspace.o(.text)
    __user_setup_stackheap                   0x08000861   Thumb Code    74  sys_stackheap_outer.o(.text)
    exit                                     0x080008ab   Thumb Code    18  exit.o(.text)
    _sys_exit                                0x080008bd   Thumb Code     8  sys_exit.o(.text)
    __I$use$semihosting                      0x080008c9   Thumb Code     0  use_no_semi.o(.text)
    __use_no_semihosting_swi                 0x080008c9   Thumb Code     2  use_no_semi.o(.text)
    __semihosting_library_function           0x080008cb   Thumb Code     0  indicate_semi.o(.text)
    APP_IMU_GetPacketData                    0x080008cd   Thumb Code    68  app_imu.o(i.APP_IMU_GetPacketData)
    APP_IMU_Update                           0x08000919   Thumb Code    74  app_imu.o(i.APP_IMU_Update)
    App_Action_Grab                          0x080009b5   Thumb Code   580  app_action.o(i.App_Action_Grab)
    App_Action_GrabStart                     0x08000c15   Thumb Code    24  app_action.o(i.App_Action_GrabStart)
    App_Action_MoveTo                        0x08000c39   Thumb Code   134  app_action.o(i.App_Action_MoveTo)
    App_Bldc_Init                            0x08000ccd   Thumb Code     8  app_bldc.o(i.App_Bldc_Init)
    App_Bldc_Run                             0x08000cd5   Thumb Code    18  app_bldc.o(i.App_Bldc_Run)
    App_Bldc_Stop                            0x08000ced   Thumb Code    16  app_bldc.o(i.App_Bldc_Stop)
    App_IMU_Init                             0x08000de9   Thumb Code     8  app_imu.o(i.App_IMU_Init)
    App_Init                                 0x08000df1   Thumb Code    34  app.o(i.App_Init)
    App_Motor_GetParam                       0x08000e19   Thumb Code   182  app_motor.o(i.App_Motor_GetParam)
    App_Motor_Init                           0x08000ed5   Thumb Code    28  app_motor.o(i.App_Motor_Init)
    App_Motor_RequestState                   0x08000ef9   Thumb Code    36  app_motor.o(i.App_Motor_RequestState)
    App_Motor_UpdateCallback                 0x08000f1d   Thumb Code    52  app_motor.o(i.App_Motor_UpdateCallback)
    App_Rgb_Get_Result                       0x08000fbd   Thumb Code    92  app_rgb.o(i.App_Rgb_Get_Result)
    App_Rgb_Get_Validated_Result             0x0800101d   Thumb Code    88  app_rgb.o(i.App_Rgb_Get_Validated_Result)
    App_Rgb_Init                             0x08001081   Thumb Code     8  app_rgb.o(i.App_Rgb_Init)
    App_Rgb_Update                           0x08001089   Thumb Code    26  app_rgb.o(i.App_Rgb_Update)
    App_Servo_Init                           0x080010a9   Thumb Code    34  app_servo.o(i.App_Servo_Init)
    App_Servo_SetAngle                       0x080010d1   Thumb Code    56  app_servo.o(i.App_Servo_SetAngle)
    App_Tick                                 0x080011a1   Thumb Code  1608  app.o(i.App_Tick)
    BusFault_Handler                         0x08001899   Thumb Code     4  stm32f10x_it.o(i.BusFault_Handler)
    Cmd_Handle_Init                          0x080018c1   Thumb Code    14  cmd_handle.o(i.Cmd_Handle_Init)
    Cmd_Handle_Packet_Callback               0x080018d5   Thumb Code    12  cmd_handle.o(i.Cmd_Handle_Packet_Callback)
    Cmd_Handle_Tick                          0x080018e1   Thumb Code    90  cmd_handle.o(i.Cmd_Handle_Tick)
    DMA_Cmd                                  0x08001941   Thumb Code    24  stm32f10x_dma.o(i.DMA_Cmd)
    DMA_DeInit                               0x08001959   Thumb Code   324  stm32f10x_dma.o(i.DMA_DeInit)
    DMA_GetCurrDataCounter                   0x08001aa5   Thumb Code     8  stm32f10x_dma.o(i.DMA_GetCurrDataCounter)
    DMA_Init                                 0x08001aad   Thumb Code    60  stm32f10x_dma.o(i.DMA_Init)
    DebugMon_Handler                         0x08001ae9   Thumb Code     2  stm32f10x_it.o(i.DebugMon_Handler)
    Delay_ms                                 0x08001aed   Thumb Code    72  bsp_systick.o(i.Delay_ms)
    Delay_us                                 0x08001b39   Thumb Code    72  bsp_systick.o(i.Delay_us)
    DtTimer_GetUs                            0x08001b85   Thumb Code    16  bsp_timer.o(i.DtTimer_GetUs)
    DtTimer_Init                             0x08001b95   Thumb Code    66  bsp_timer.o(i.DtTimer_Init)
    ESP8266_Init                             0x08001dad   Thumb Code    24  bsp_esp8266.o(i.ESP8266_Init)
    Emm_V5_En_Control                        0x08001e5f   Thumb Code    58  emm_v5.o(i.Emm_V5_En_Control)
    Emm_V5_Modify_Ctrl_Mode                  0x08001e99   Thumb Code    58  emm_v5.o(i.Emm_V5_Modify_Ctrl_Mode)
    Emm_V5_Origin_Interrupt                  0x08001ed3   Thumb Code    46  emm_v5.o(i.Emm_V5_Origin_Interrupt)
    Emm_V5_Origin_Modify_Params              0x08001f01   Thumb Code   170  emm_v5.o(i.Emm_V5_Origin_Modify_Params)
    Emm_V5_Origin_Set_O                      0x08001fab   Thumb Code    52  emm_v5.o(i.Emm_V5_Origin_Set_O)
    Emm_V5_Origin_Trigger_Return             0x08001fdf   Thumb Code    52  emm_v5.o(i.Emm_V5_Origin_Trigger_Return)
    Emm_V5_Pos_Control                       0x08002013   Thumb Code   108  emm_v5.o(i.Emm_V5_Pos_Control)
    Emm_V5_Reset_Clog_Pro                    0x0800207f   Thumb Code    46  emm_v5.o(i.Emm_V5_Reset_Clog_Pro)
    Emm_V5_Reset_CurPos_To_Zero              0x080020ad   Thumb Code    46  emm_v5.o(i.Emm_V5_Reset_CurPos_To_Zero)
    Emm_V5_Stop_Now                          0x080020db   Thumb Code    52  emm_v5.o(i.Emm_V5_Stop_Now)
    Emm_V5_Synchronous_motion                0x0800210f   Thumb Code    46  emm_v5.o(i.Emm_V5_Synchronous_motion)
    Emm_V5_Vel_Control                       0x0800213d   Thumb Code    78  emm_v5.o(i.Emm_V5_Vel_Control)
    GPIO_Init                                0x0800218b   Thumb Code   278  stm32f10x_gpio.o(i.GPIO_Init)
    GPIO_ReadInputDataBit                    0x080022a1   Thumb Code    18  stm32f10x_gpio.o(i.GPIO_ReadInputDataBit)
    GPIO_ResetBits                           0x080022b3   Thumb Code     4  stm32f10x_gpio.o(i.GPIO_ResetBits)
    GPIO_SetBits                             0x080022b7   Thumb Code     4  stm32f10x_gpio.o(i.GPIO_SetBits)
    GPIO_WriteBit                            0x080022bb   Thumb Code    10  stm32f10x_gpio.o(i.GPIO_WriteBit)
    HardFault_Handler                        0x08002a53   Thumb Code     4  stm32f10x_it.o(i.HardFault_Handler)
    IIC_Ack                                  0x08002a59   Thumb Code    48  bsp_iic.o(i.IIC_Ack)
    IIC_Init                                 0x08002a8d   Thumb Code    54  bsp_iic.o(i.IIC_Init)
    IIC_NAck                                 0x08002ac9   Thumb Code    48  bsp_iic.o(i.IIC_NAck)
    IIC_Read_Byte                            0x08002afd   Thumb Code    96  bsp_iic.o(i.IIC_Read_Byte)
    IIC_Send_Byte                            0x08002b61   Thumb Code    88  bsp_iic.o(i.IIC_Send_Byte)
    IIC_Start                                0x08002bbd   Thumb Code    50  bsp_iic.o(i.IIC_Start)
    IIC_Stop                                 0x08002bf5   Thumb Code    46  bsp_iic.o(i.IIC_Stop)
    IIC_Wait_Ack                             0x08002c29   Thumb Code    74  bsp_iic.o(i.IIC_Wait_Ack)
    IICreadByte                              0x08002c79   Thumb Code    22  bsp_iic.o(i.IICreadByte)
    IICreadBytes                             0x08002c8f   Thumb Code   138  bsp_iic.o(i.IICreadBytes)
    IICwriteByte                             0x08002d19   Thumb Code    20  bsp_iic.o(i.IICwriteByte)
    IICwriteBytes                            0x08002d2d   Thumb Code   106  bsp_iic.o(i.IICwriteBytes)
    MPU_Calibrate                            0x08002d99   Thumb Code   128  bsp_mpu6050.o(i.MPU_Calibrate)
    MPU_Init                                 0x08002e21   Thumb Code   114  bsp_mpu6050.o(i.MPU_Init)
    MPU_QuaternionUpdate                     0x08002e95   Thumb Code  1536  bsp_mpu6050.o(i.MPU_QuaternionUpdate)
    MPU_ReadRawData                          0x080034a1   Thumb Code   140  bsp_mpu6050.o(i.MPU_ReadRawData)
    MPU_ReadReg                              0x0800352d   Thumb Code    18  bsp_mpu6050.o(i.MPU_ReadReg)
    MPU_ReadRegs                             0x0800353f   Thumb Code    22  bsp_mpu6050.o(i.MPU_ReadRegs)
    MPU_WriteReg                             0x08003555   Thumb Code    18  bsp_mpu6050.o(i.MPU_WriteReg)
    MemManage_Handler                        0x0800369d   Thumb Code     4  stm32f10x_it.o(i.MemManage_Handler)
    MsgQueue_Dequeue                         0x080036a1   Thumb Code    68  msg_queue.o(i.MsgQueue_Dequeue)
    MsgQueue_Enqueue                         0x080036f1   Thumb Code    76  msg_queue.o(i.MsgQueue_Enqueue)
    MsgQueue_Init                            0x0800374d   Thumb Code    16  msg_queue.o(i.MsgQueue_Init)
    NMI_Handler                              0x08003769   Thumb Code     2  stm32f10x_it.o(i.NMI_Handler)
    NVIC_Init                                0x0800376d   Thumb Code   100  misc.o(i.NVIC_Init)
    OLED_Clear                               0x080037dd   Thumb Code    42  oled.o(i.OLED_Clear)
    OLED_I2C_Init                            0x08003809   Thumb Code    60  oled.o(i.OLED_I2C_Init)
    OLED_I2C_SendByte                        0x08003849   Thumb Code    88  oled.o(i.OLED_I2C_SendByte)
    OLED_I2C_Start                           0x080038a5   Thumb Code    48  oled.o(i.OLED_I2C_Start)
    OLED_I2C_Stop                            0x080038d9   Thumb Code    36  oled.o(i.OLED_I2C_Stop)
    OLED_Init                                0x08003901   Thumb Code   176  oled.o(i.OLED_Init)
    OLED_Pow                                 0x080039b1   Thumb Code    20  oled.o(i.OLED_Pow)
    OLED_SetCursor                           0x080039c5   Thumb Code    34  oled.o(i.OLED_SetCursor)
    OLED_ShowChar                            0x080039e9   Thumb Code   110  oled.o(i.OLED_ShowChar)
    OLED_ShowSignedNum                       0x08003a5d   Thumb Code   102  oled.o(i.OLED_ShowSignedNum)
    OLED_ShowString                          0x08003ac3   Thumb Code    40  oled.o(i.OLED_ShowString)
    OLED_WriteCommand                        0x08003aeb   Thumb Code    32  oled.o(i.OLED_WriteCommand)
    OLED_WriteData                           0x08003b0b   Thumb Code    32  oled.o(i.OLED_WriteData)
    PWM_Bldc_Init                            0x08003b2d   Thumb Code   140  bsp_pwm.o(i.PWM_Bldc_Init)
    PWM_Bldc_SetDuty                         0x08003bc1   Thumb Code    34  bsp_pwm.o(i.PWM_Bldc_SetDuty)
    PWM_Servo_Init                           0x08003be9   Thumb Code   176  bsp_pwm.o(i.PWM_Servo_Init)
    PWM_Servo_SetAngle                       0x08003ca1   Thumb Code    52  bsp_pwm.o(i.PWM_Servo_SetAngle)
    PendSV_Handler                           0x08003e35   Thumb Code     2  stm32f10x_it.o(i.PendSV_Handler)
    Protocol_Emm_Init                        0x08003e39   Thumb Code     6  protocol_emm.o(i.Protocol_Emm_Init)
    Protocol_Emm_Process                     0x08003e45   Thumb Code   140  protocol_emm.o(i.Protocol_Emm_Process)
    Protocol_Init                            0x08003edd   Thumb Code    12  protocol.o(i.Protocol_Init)
    Protocol_PackAndSend                     0x08003ef1   Thumb Code   112  protocol.o(i.Protocol_PackAndSend)
    Protocol_Process                         0x08003f61   Thumb Code   274  protocol.o(i.Protocol_Process)
    RCC_AHBPeriphClockCmd                    0x0800408d   Thumb Code    26  stm32f10x_rcc.o(i.RCC_AHBPeriphClockCmd)
    RCC_APB1PeriphClockCmd                   0x080040ad   Thumb Code    26  stm32f10x_rcc.o(i.RCC_APB1PeriphClockCmd)
    RCC_APB2PeriphClockCmd                   0x080040cd   Thumb Code    26  stm32f10x_rcc.o(i.RCC_APB2PeriphClockCmd)
    RCC_GetClocksFreq                        0x080040ed   Thumb Code   192  stm32f10x_rcc.o(i.RCC_GetClocksFreq)
    SVC_Handler                              0x080041c1   Thumb Code     2  stm32f10x_it.o(i.SVC_Handler)
    SysTick_CLKSourceConfig                  0x080042cd   Thumb Code    40  misc.o(i.SysTick_CLKSourceConfig)
    SysTick_Handler                          0x080042f5   Thumb Code     2  stm32f10x_it.o(i.SysTick_Handler)
    SystemInit                               0x080042f9   Thumb Code    78  system_stm32f10x.o(i.SystemInit)
    Systick_Init                             0x08004359   Thumb Code    50  bsp_systick.o(i.Systick_Init)
    TCS3472_Init                             0x0800439d   Thumb Code    42  bsp_tcs3472.o(i.TCS3472_Init)
    TCS3472_ReadRGBC                         0x080043c7   Thumb Code   102  bsp_tcs3472.o(i.TCS3472_ReadRGBC)
    TIM_Cmd                                  0x08004557   Thumb Code    24  stm32f10x_tim.o(i.TIM_Cmd)
    TIM_GetCounter                           0x0800456f   Thumb Code     6  stm32f10x_tim.o(i.TIM_GetCounter)
    TIM_OC1Init                              0x08004575   Thumb Code   132  stm32f10x_tim.o(i.TIM_OC1Init)
    TIM_OC1PreloadConfig                     0x0800460d   Thumb Code    18  stm32f10x_tim.o(i.TIM_OC1PreloadConfig)
    TIM_OC3Init                              0x08004621   Thumb Code   150  stm32f10x_tim.o(i.TIM_OC3Init)
    TIM_OC3PreloadConfig                     0x080046c1   Thumb Code    18  stm32f10x_tim.o(i.TIM_OC3PreloadConfig)
    TIM_OC4Init                              0x080046d5   Thumb Code   114  stm32f10x_tim.o(i.TIM_OC4Init)
    TIM_OC4PreloadConfig                     0x08004751   Thumb Code    26  stm32f10x_tim.o(i.TIM_OC4PreloadConfig)
    TIM_OCStructInit                         0x0800476b   Thumb Code    20  stm32f10x_tim.o(i.TIM_OCStructInit)
    TIM_SetCompare1                          0x0800477f   Thumb Code     4  stm32f10x_tim.o(i.TIM_SetCompare1)
    TIM_SetCompare3                          0x08004783   Thumb Code     4  stm32f10x_tim.o(i.TIM_SetCompare3)
    TIM_SetCompare4                          0x08004787   Thumb Code     6  stm32f10x_tim.o(i.TIM_SetCompare4)
    TIM_TimeBaseInit                         0x0800478d   Thumb Code   122  stm32f10x_tim.o(i.TIM_TimeBaseInit)
    TIM_TimeBaseStructInit                   0x08004831   Thumb Code    18  stm32f10x_tim.o(i.TIM_TimeBaseStructInit)
    USART1_Available                         0x08004845   Thumb Code    36  bsp_usart.o(i.USART1_Available)
    USART1_IRQHandler                        0x08004871   Thumb Code    66  bsp_usart.o(i.USART1_IRQHandler)
    USART1_Init                              0x080048c1   Thumb Code   156  bsp_usart.o(i.USART1_Init)
    USART1_ReadByte                          0x08004965   Thumb Code    48  bsp_usart.o(i.USART1_ReadByte)
    USART1_SendBuffer                        0x080049a1   Thumb Code    28  bsp_usart.o(i.USART1_SendBuffer)
    USART1_SendByte                          0x080049bd   Thumb Code    28  bsp_usart.o(i.USART1_SendByte)
    USART2_Available                         0x080049dd   Thumb Code    50  bsp_usart.o(i.USART2_Available)
    USART2_IRQHandler                        0x08004a1d   Thumb Code    48  bsp_usart.o(i.USART2_IRQHandler)
    USART2_Init                              0x08004a59   Thumb Code   240  bsp_usart.o(i.USART2_Init)
    USART2_ReadByte                          0x08004b59   Thumb Code    58  bsp_usart.o(i.USART2_ReadByte)
    USART2_SendBuffer                        0x08004ba1   Thumb Code    28  bsp_usart.o(i.USART2_SendBuffer)
    USART2_SendByte                          0x08004bbd   Thumb Code    28  bsp_usart.o(i.USART2_SendByte)
    USART_All_Init                           0x08004bdd   Thumb Code    20  bsp_usart.o(i.USART_All_Init)
    USART_ClearITPendingBit                  0x08004bf1   Thumb Code    30  stm32f10x_usart.o(i.USART_ClearITPendingBit)
    USART_Cmd                                0x08004c0f   Thumb Code    24  stm32f10x_usart.o(i.USART_Cmd)
    USART_DMACmd                             0x08004c27   Thumb Code    18  stm32f10x_usart.o(i.USART_DMACmd)
    USART_GetFlagStatus                      0x08004c39   Thumb Code    26  stm32f10x_usart.o(i.USART_GetFlagStatus)
    USART_GetITStatus                        0x08004c53   Thumb Code    84  stm32f10x_usart.o(i.USART_GetITStatus)
    USART_ITConfig                           0x08004ca7   Thumb Code    74  stm32f10x_usart.o(i.USART_ITConfig)
    USART_Init                               0x08004cf1   Thumb Code   210  stm32f10x_usart.o(i.USART_Init)
    USART_ReceiveData                        0x08004dc9   Thumb Code    10  stm32f10x_usart.o(i.USART_ReceiveData)
    USART_SendData                           0x08004dd3   Thumb Code     8  stm32f10x_usart.o(i.USART_SendData)
    UsageFault_Handler                       0x08004ddb   Thumb Code     4  stm32f10x_it.o(i.UsageFault_Handler)
    __ARM_fpclassifyf                        0x08004ddf   Thumb Code    38  fpclassifyf.o(i.__ARM_fpclassifyf)
    __mathlib_flt_infnan                     0x08004e05   Thumb Code     6  funder.o(i.__mathlib_flt_infnan)
    __mathlib_flt_infnan2                    0x08004e0b   Thumb Code     4  funder.o(i.__mathlib_flt_infnan2)
    __mathlib_flt_invalid                    0x08004e0f   Thumb Code     8  funder.o(i.__mathlib_flt_invalid)
    __mathlib_flt_underflow                  0x08004e17   Thumb Code    10  funder.o(i.__mathlib_flt_underflow)
    _is_digit                                0x08004e21   Thumb Code    14  __printf_wp.o(i._is_digit)
    asinf                                    0x08004e31   Thumb Code   254  asinf.o(i.asinf)
    atan2f                                   0x08004f55   Thumb Code   598  atan2f.o(i.atan2f)
    main                                     0x080051f9   Thumb Code   252  main.o(i.main)
    sqrtf                                    0x080053ed   Thumb Code    44  sqrtf.o(i.sqrtf)
    __aeabi_fadd                             0x08005419   Thumb Code     0  faddsub_clz.o(x$fpl$fadd)
    _fadd                                    0x08005419   Thumb Code   196  faddsub_clz.o(x$fpl$fadd)
    __fpl_fcheck_NaN1                        0x080054dd   Thumb Code     6  fcheck1.o(x$fpl$fcheck1)
    __fpl_fcmp_Inf                           0x080054e9   Thumb Code    24  fcmpi.o(x$fpl$fcmpinf)
    __aeabi_fdiv                             0x08005501   Thumb Code     0  fdiv.o(x$fpl$fdiv)
    _fdiv                                    0x08005501   Thumb Code   384  fdiv.o(x$fpl$fdiv)
    __aeabi_cfcmpeq                          0x08005685   Thumb Code     0  feqf.o(x$fpl$feqf)
    _fcmpeq                                  0x08005685   Thumb Code   104  feqf.o(x$fpl$feqf)
    __aeabi_f2iz                             0x080056ed   Thumb Code     0  ffix.o(x$fpl$ffix)
    _ffix                                    0x080056ed   Thumb Code    54  ffix.o(x$fpl$ffix)
    __aeabi_f2uiz                            0x08005725   Thumb Code     0  ffixu.o(x$fpl$ffixu)
    _ffixu                                   0x08005725   Thumb Code    62  ffixu.o(x$fpl$ffixu)
    __aeabi_i2f                              0x08005765   Thumb Code     0  fflt_clz.o(x$fpl$fflt)
    _fflt                                    0x08005765   Thumb Code    48  fflt_clz.o(x$fpl$fflt)
    __aeabi_ui2f                             0x08005795   Thumb Code     0  fflt_clz.o(x$fpl$ffltu)
    _ffltu                                   0x08005795   Thumb Code    38  fflt_clz.o(x$fpl$ffltu)
    __aeabi_cfcmple                          0x080057bd   Thumb Code     0  fleqf.o(x$fpl$fleqf)
    _fcmple                                  0x080057bd   Thumb Code   104  fleqf.o(x$fpl$fleqf)
    __fpl_fcmple_InfNaN                      0x0800580f   Thumb Code     0  fleqf.o(x$fpl$fleqf)
    __aeabi_fmul                             0x08005825   Thumb Code     0  fmul.o(x$fpl$fmul)
    _fmul                                    0x08005825   Thumb Code   258  fmul.o(x$fpl$fmul)
    __fpl_fnaninf                            0x08005927   Thumb Code   140  fnaninf.o(x$fpl$fnaninf)
    __fpl_fretinf                            0x080059b3   Thumb Code    10  fretinf.o(x$fpl$fretinf)
    __aeabi_cfrcmple                         0x080059bd   Thumb Code     0  frleqf.o(x$fpl$frleqf)
    _frcmple                                 0x080059bd   Thumb Code    98  frleqf.o(x$fpl$frleqf)
    __aeabi_frsub                            0x08005a1f   Thumb Code     0  faddsub_clz.o(x$fpl$frsb)
    _frsb                                    0x08005a1f   Thumb Code    20  faddsub_clz.o(x$fpl$frsb)
    _fsqrt                                   0x08005a35   Thumb Code   272  fsqrt.o(x$fpl$fsqrt)
    __aeabi_fsub                             0x08005b45   Thumb Code     0  faddsub_clz.o(x$fpl$fsub)
    _fsub                                    0x08005b45   Thumb Code   234  faddsub_clz.o(x$fpl$fsub)
    __fpl_return_NaN                         0x08005c2f   Thumb Code   100  retnan.o(x$fpl$retnan)
    __ARM_scalbnf                            0x08005c93   Thumb Code    76  scalbnf.o(x$fpl$scalbnf)
    __fpl_cmpreturn                          0x08005cdf   Thumb Code    48  trapv.o(x$fpl$trapveneer)
    __I$use$fp                               0x08005d0e   Number         0  usenofp.o(x$fpl$usenofp)
    OLED_F8x16                               0x08005d30   Data        1520  oled.o(.constdata)
    Region$$Table$$Base                      0x08006428   Number         0  anon$$obj.o(Region$$Table)
    Region$$Table$$Limit                     0x08006448   Number         0  anon$$obj.o(Region$$Table)
    SystemCoreClock                          0x20000000   Data           4  system_stm32f10x.o(.data)
    AHBPrescTable                            0x20000004   Data          16  system_stm32f10x.o(.data)
    g_app_context                            0x20000028   Data           6  app.o(.data)
    g_raw_rgbc                               0x2000003c   Data           8  app_rgb.o(.data)
    g_bldc                                   0x2000004b   Data           1  app_bldc.o(.data)
    g_servos                                 0x2000004c   Data           4  app_servo.o(.data)
    g_mpu_quat                               0x20000068   Data          16  bsp_mpu6050.o(.data)
    drop_err_count                           0x20000088   Data           4  msg_queue.o(.data)
    protocol_checksum_err_cnt                0x20000094   Data           4  protocol.o(.data)
    g_motors                                 0x200000a4   Data          46  app_motor.o(.bss)
    g_app_rgb_data                           0x200000d2   Data          24  app_rgb.o(.bss)
    g_mpu_raw                                0x20000294   Data          14  bsp_mpu6050.o(.bss)
    g_mpu_attitude                           0x200002a4   Data          12  bsp_mpu6050.o(.bss)
    __libspace_start                         0x200005a0   Data          96  libspace.o(.bss)
    __temporary_stack_top$libspace           0x20000600   Data           0  libspace.o(.bss)



==============================================================================

Memory Map of the image

  Image Entry point : 0x08000131

  Load Region LR_IROM1 (Base: 0x08000000, Size: 0x000064ec, Max: 0x00010000, ABSOLUTE)

    Execution Region ER_IROM1 (Exec base: 0x08000000, Load base: 0x08000000, Size: 0x00006448, Max: 0x00010000, ABSOLUTE)

    Exec Addr    Load Addr    Size         Type   Attr      Idx    E Section Name        Object

    0x08000000   0x08000000   0x00000130   Data   RO            3    RESET               startup_stm32f10x_hd.o
    0x08000130   0x08000130   0x00000008   Code   RO         4525  * !!!main             c_w.l(__main.o)
    0x08000138   0x08000138   0x00000034   Code   RO         4791    !!!scatter          c_w.l(__scatter.o)
    0x0800016c   0x0800016c   0x0000001a   Code   RO         4793    !!handler_copy      c_w.l(__scatter_copy.o)
    0x08000186   0x08000186   0x00000002   PAD
    0x08000188   0x08000188   0x0000001c   Code   RO         4795    !!handler_zi        c_w.l(__scatter_zi.o)
    0x080001a4   0x080001a4   0x00000000   Code   RO         4508    .ARM.Collect$$_printf_percent$$00000000  c_w.l(_printf_percent.o)
    0x080001a4   0x080001a4   0x00000006   Code   RO         4507    .ARM.Collect$$_printf_percent$$00000009  c_w.l(_printf_d.o)
    0x080001aa   0x080001aa   0x00000006   Code   RO         4506    .ARM.Collect$$_printf_percent$$00000014  c_w.l(_printf_s.o)
    0x080001b0   0x080001b0   0x00000004   Code   RO         4594    .ARM.Collect$$_printf_percent$$00000017  c_w.l(_printf_percent_end.o)
    0x080001b4   0x080001b4   0x00000002   Code   RO         4658    .ARM.Collect$$libinit$$00000000  c_w.l(libinit.o)
    0x080001b6   0x080001b6   0x00000000   Code   RO         4664    .ARM.Collect$$libinit$$00000002  c_w.l(libinit2.o)
    0x080001b6   0x080001b6   0x00000000   Code   RO         4666    .ARM.Collect$$libinit$$00000004  c_w.l(libinit2.o)
    0x080001b6   0x080001b6   0x00000000   Code   RO         4669    .ARM.Collect$$libinit$$0000000A  c_w.l(libinit2.o)
    0x080001b6   0x080001b6   0x00000000   Code   RO         4671    .ARM.Collect$$libinit$$0000000C  c_w.l(libinit2.o)
    0x080001b6   0x080001b6   0x00000000   Code   RO         4673    .ARM.Collect$$libinit$$0000000E  c_w.l(libinit2.o)
    0x080001b6   0x080001b6   0x00000000   Code   RO         4676    .ARM.Collect$$libinit$$00000011  c_w.l(libinit2.o)
    0x080001b6   0x080001b6   0x00000000   Code   RO         4678    .ARM.Collect$$libinit$$00000013  c_w.l(libinit2.o)
    0x080001b6   0x080001b6   0x00000000   Code   RO         4680    .ARM.Collect$$libinit$$00000015  c_w.l(libinit2.o)
    0x080001b6   0x080001b6   0x00000000   Code   RO         4682    .ARM.Collect$$libinit$$00000017  c_w.l(libinit2.o)
    0x080001b6   0x080001b6   0x00000000   Code   RO         4684    .ARM.Collect$$libinit$$00000019  c_w.l(libinit2.o)
    0x080001b6   0x080001b6   0x00000000   Code   RO         4686    .ARM.Collect$$libinit$$0000001B  c_w.l(libinit2.o)
    0x080001b6   0x080001b6   0x00000000   Code   RO         4688    .ARM.Collect$$libinit$$0000001D  c_w.l(libinit2.o)
    0x080001b6   0x080001b6   0x00000000   Code   RO         4690    .ARM.Collect$$libinit$$0000001F  c_w.l(libinit2.o)
    0x080001b6   0x080001b6   0x00000000   Code   RO         4692    .ARM.Collect$$libinit$$00000021  c_w.l(libinit2.o)
    0x080001b6   0x080001b6   0x00000000   Code   RO         4694    .ARM.Collect$$libinit$$00000023  c_w.l(libinit2.o)
    0x080001b6   0x080001b6   0x00000000   Code   RO         4696    .ARM.Collect$$libinit$$00000025  c_w.l(libinit2.o)
    0x080001b6   0x080001b6   0x00000000   Code   RO         4700    .ARM.Collect$$libinit$$0000002C  c_w.l(libinit2.o)
    0x080001b6   0x080001b6   0x00000000   Code   RO         4702    .ARM.Collect$$libinit$$0000002E  c_w.l(libinit2.o)
    0x080001b6   0x080001b6   0x00000000   Code   RO         4704    .ARM.Collect$$libinit$$00000030  c_w.l(libinit2.o)
    0x080001b6   0x080001b6   0x00000000   Code   RO         4706    .ARM.Collect$$libinit$$00000032  c_w.l(libinit2.o)
    0x080001b6   0x080001b6   0x00000002   Code   RO         4707    .ARM.Collect$$libinit$$00000033  c_w.l(libinit2.o)
    0x080001b8   0x080001b8   0x00000002   Code   RO         4729    .ARM.Collect$$libshutdown$$00000000  c_w.l(libshutdown.o)
    0x080001ba   0x080001ba   0x00000000   Code   RO         4742    .ARM.Collect$$libshutdown$$00000002  c_w.l(libshutdown2.o)
    0x080001ba   0x080001ba   0x00000000   Code   RO         4744    .ARM.Collect$$libshutdown$$00000004  c_w.l(libshutdown2.o)
    0x080001ba   0x080001ba   0x00000000   Code   RO         4746    .ARM.Collect$$libshutdown$$00000006  c_w.l(libshutdown2.o)
    0x080001ba   0x080001ba   0x00000000   Code   RO         4749    .ARM.Collect$$libshutdown$$00000009  c_w.l(libshutdown2.o)
    0x080001ba   0x080001ba   0x00000000   Code   RO         4752    .ARM.Collect$$libshutdown$$0000000C  c_w.l(libshutdown2.o)
    0x080001ba   0x080001ba   0x00000000   Code   RO         4754    .ARM.Collect$$libshutdown$$0000000E  c_w.l(libshutdown2.o)
    0x080001ba   0x080001ba   0x00000000   Code   RO         4757    .ARM.Collect$$libshutdown$$00000011  c_w.l(libshutdown2.o)
    0x080001ba   0x080001ba   0x00000002   Code   RO         4758    .ARM.Collect$$libshutdown$$00000012  c_w.l(libshutdown2.o)
    0x080001bc   0x080001bc   0x00000000   Code   RO         4583    .ARM.Collect$$rtentry$$00000000  c_w.l(__rtentry.o)
    0x080001bc   0x080001bc   0x00000000   Code   RO         4623    .ARM.Collect$$rtentry$$00000002  c_w.l(__rtentry2.o)
    0x080001bc   0x080001bc   0x00000006   Code   RO         4635    .ARM.Collect$$rtentry$$00000004  c_w.l(__rtentry4.o)
    0x080001c2   0x080001c2   0x00000000   Code   RO         4625    .ARM.Collect$$rtentry$$00000009  c_w.l(__rtentry2.o)
    0x080001c2   0x080001c2   0x00000004   Code   RO         4626    .ARM.Collect$$rtentry$$0000000A  c_w.l(__rtentry2.o)
    0x080001c6   0x080001c6   0x00000000   Code   RO         4628    .ARM.Collect$$rtentry$$0000000C  c_w.l(__rtentry2.o)
    0x080001c6   0x080001c6   0x00000008   Code   RO         4629    .ARM.Collect$$rtentry$$0000000D  c_w.l(__rtentry2.o)
    0x080001ce   0x080001ce   0x00000002   Code   RO         4661    .ARM.Collect$$rtexit$$00000000  c_w.l(rtexit.o)
    0x080001d0   0x080001d0   0x00000000   Code   RO         4711    .ARM.Collect$$rtexit$$00000002  c_w.l(rtexit2.o)
    0x080001d0   0x080001d0   0x00000004   Code   RO         4712    .ARM.Collect$$rtexit$$00000003  c_w.l(rtexit2.o)
    0x080001d4   0x080001d4   0x00000006   Code   RO         4713    .ARM.Collect$$rtexit$$00000004  c_w.l(rtexit2.o)
    0x080001da   0x080001da   0x00000002   PAD
    0x080001dc   0x080001dc   0x00000040   Code   RO            4    .text               startup_stm32f10x_hd.o
    0x0800021c   0x0800021c   0x00000028   Code   RO         4476    .text               c_w.l(noretval__2sprintf.o)
    0x08000244   0x08000244   0x0000004e   Code   RO         4480    .text               c_w.l(_printf_pad.o)
    0x08000292   0x08000292   0x00000052   Code   RO         4482    .text               c_w.l(_printf_str.o)
    0x080002e4   0x080002e4   0x00000078   Code   RO         4484    .text               c_w.l(_printf_dec.o)
    0x0800035c   0x0800035c   0x00000160   Code   RO         4501    .text               c_w.l(__printf_ss_wp.o)
    0x080004bc   0x080004bc   0x00000024   Code   RO         4509    .text               c_w.l(strstr.o)
    0x080004e0   0x080004e0   0x0000003e   Code   RO         4511    .text               c_w.l(strlen.o)
    0x0800051e   0x0800051e   0x0000008a   Code   RO         4513    .text               c_w.l(rt_memcpy_v6.o)
    0x080005a8   0x080005a8   0x00000064   Code   RO         4515    .text               c_w.l(rt_memcpy_w.o)
    0x0800060c   0x0800060c   0x0000007a   Code   RO         4517    .text               c_w.l(rt_memmove_w.o)
    0x08000686   0x08000686   0x00000044   Code   RO         4519    .text               c_w.l(rt_memclr.o)
    0x080006ca   0x080006ca   0x0000004e   Code   RO         4521    .text               c_w.l(rt_memclr_w.o)
    0x08000718   0x08000718   0x00000006   Code   RO         4523    .text               c_w.l(heapauxi.o)
    0x0800071e   0x0800071e   0x00000016   Code   RO         4584    .text               c_w.l(_rserrno.o)
    0x08000734   0x08000734   0x000000b2   Code   RO         4586    .text               c_w.l(_printf_intcommon.o)
    0x080007e6   0x080007e6   0x00000002   PAD
    0x080007e8   0x080007e8   0x00000030   Code   RO         4588    .text               c_w.l(_printf_char_common.o)
    0x08000818   0x08000818   0x0000000a   Code   RO         4590    .text               c_w.l(_sputc.o)
    0x08000822   0x08000822   0x0000002c   Code   RO         4592    .text               c_w.l(_printf_char.o)
    0x0800084e   0x0800084e   0x00000002   PAD
    0x08000850   0x08000850   0x00000008   Code   RO         4640    .text               c_w.l(rt_errno_addr_intlibspace.o)
    0x08000858   0x08000858   0x00000008   Code   RO         4646    .text               c_w.l(libspace.o)
    0x08000860   0x08000860   0x0000004a   Code   RO         4649    .text               c_w.l(sys_stackheap_outer.o)
    0x080008aa   0x080008aa   0x00000012   Code   RO         4651    .text               c_w.l(exit.o)
    0x080008bc   0x080008bc   0x0000000c   Code   RO         4721    .text               c_w.l(sys_exit.o)
    0x080008c8   0x080008c8   0x00000002   Code   RO         4732    .text               c_w.l(use_no_semi.o)
    0x080008ca   0x080008ca   0x00000000   Code   RO         4734    .text               c_w.l(indicate_semi.o)
    0x080008ca   0x080008ca   0x00000002   PAD
    0x080008cc   0x080008cc   0x0000004c   Code   RO         3306    i.APP_IMU_GetPacketData  app_imu.o
    0x08000918   0x08000918   0x0000005c   Code   RO         3307    i.APP_IMU_Update    app_imu.o
    0x08000974   0x08000974   0x00000040   Code   RO         3976    i.Angle_To_Pulse    bsp_pwm.o
    0x080009b4   0x080009b4   0x00000260   Code   RO         3502    i.App_Action_Grab   app_action.o
    0x08000c14   0x08000c14   0x00000024   Code   RO         3503    i.App_Action_GrabStart  app_action.o
    0x08000c38   0x08000c38   0x00000094   Code   RO         3504    i.App_Action_MoveTo  app_action.o
    0x08000ccc   0x08000ccc   0x00000008   Code   RO         3448    i.App_Bldc_Init     app_bldc.o
    0x08000cd4   0x08000cd4   0x00000018   Code   RO         3449    i.App_Bldc_Run      app_bldc.o
    0x08000cec   0x08000cec   0x00000014   Code   RO         3450    i.App_Bldc_Stop     app_bldc.o
    0x08000d00   0x08000d00   0x000000e8   Code   RO         3381    i.App_EMA           app_rgb.o
    0x08000de8   0x08000de8   0x00000008   Code   RO         3308    i.App_IMU_Init      app_imu.o
    0x08000df0   0x08000df0   0x00000028   Code   RO         3248    i.App_Init          app.o
    0x08000e18   0x08000e18   0x000000bc   Code   RO         3331    i.App_Motor_GetParam  app_motor.o
    0x08000ed4   0x08000ed4   0x00000024   Code   RO         3333    i.App_Motor_Init    app_motor.o
    0x08000ef8   0x08000ef8   0x00000024   Code   RO         3334    i.App_Motor_RequestState  app_motor.o
    0x08000f1c   0x08000f1c   0x00000034   Code   RO         3335    i.App_Motor_UpdateCallback  app_motor.o
    0x08000f50   0x08000f50   0x00000020   Code   RO         3382    i.App_RGB2HSV       app_rgb.o
    0x08000f70   0x08000f70   0x0000004c   Code   RO         3383    i.App_RGB_Ratio     app_rgb.o
    0x08000fbc   0x08000fbc   0x00000060   Code   RO         3384    i.App_Rgb_Get_Result  app_rgb.o
    0x0800101c   0x0800101c   0x00000064   Code   RO         3385    i.App_Rgb_Get_Validated_Result  app_rgb.o
    0x08001080   0x08001080   0x00000008   Code   RO         3386    i.App_Rgb_Init      app_rgb.o
    0x08001088   0x08001088   0x00000020   Code   RO         3387    i.App_Rgb_Update    app_rgb.o
    0x080010a8   0x080010a8   0x00000028   Code   RO         3478    i.App_Servo_Init    app_servo.o
    0x080010d0   0x080010d0   0x0000003c   Code   RO         3479    i.App_Servo_SetAngle  app_servo.o
    0x0800110c   0x0800110c   0x00000094   Code   RO         3388    i.App_SlidingWindowFilter  app_rgb.o
    0x080011a0   0x080011a0   0x000006f8   Code   RO         3249    i.App_Tick          app.o
    0x08001898   0x08001898   0x00000004   Code   RO         3185    i.BusFault_Handler  stm32f10x_it.o
    0x0800189c   0x0800189c   0x00000024   Code   RO         4177    i.CalculateChecksum  protocol.o
    0x080018c0   0x080018c0   0x00000014   Code   RO         4243    i.Cmd_Handle_Init   cmd_handle.o
    0x080018d4   0x080018d4   0x0000000c   Code   RO         4244    i.Cmd_Handle_Packet_Callback  cmd_handle.o
    0x080018e0   0x080018e0   0x00000060   Code   RO         4245    i.Cmd_Handle_Tick   cmd_handle.o
    0x08001940   0x08001940   0x00000018   Code   RO          887    i.DMA_Cmd           stm32f10x_dma.o
    0x08001958   0x08001958   0x0000014c   Code   RO          888    i.DMA_DeInit        stm32f10x_dma.o
    0x08001aa4   0x08001aa4   0x00000008   Code   RO          889    i.DMA_GetCurrDataCounter  stm32f10x_dma.o
    0x08001aac   0x08001aac   0x0000003c   Code   RO          893    i.DMA_Init          stm32f10x_dma.o
    0x08001ae8   0x08001ae8   0x00000002   Code   RO         3186    i.DebugMon_Handler  stm32f10x_it.o
    0x08001aea   0x08001aea   0x00000002   PAD
    0x08001aec   0x08001aec   0x0000004c   Code   RO         3656    i.Delay_ms          bsp_systick.o
    0x08001b38   0x08001b38   0x0000004c   Code   RO         3657    i.Delay_us          bsp_systick.o
    0x08001b84   0x08001b84   0x00000010   Code   RO         4121    i.DtTimer_GetUs     bsp_timer.o
    0x08001b94   0x08001b94   0x00000042   Code   RO         4122    i.DtTimer_Init      bsp_timer.o
    0x08001bd6   0x08001bd6   0x00000002   PAD
    0x08001bd8   0x08001bd8   0x000001d4   Code   RO         3529    i.ESP8266_Config    bsp_esp8266.o
    0x08001dac   0x08001dac   0x00000018   Code   RO         3530    i.ESP8266_Init      bsp_esp8266.o
    0x08001dc4   0x08001dc4   0x0000009a   Code   RO         3531    i.ESP8266_SendCmd   bsp_esp8266.o
    0x08001e5e   0x08001e5e   0x0000003a   Code   RO         3781    i.Emm_V5_En_Control  emm_v5.o
    0x08001e98   0x08001e98   0x0000003a   Code   RO         3782    i.Emm_V5_Modify_Ctrl_Mode  emm_v5.o
    0x08001ed2   0x08001ed2   0x0000002e   Code   RO         3783    i.Emm_V5_Origin_Interrupt  emm_v5.o
    0x08001f00   0x08001f00   0x000000aa   Code   RO         3784    i.Emm_V5_Origin_Modify_Params  emm_v5.o
    0x08001faa   0x08001faa   0x00000034   Code   RO         3785    i.Emm_V5_Origin_Set_O  emm_v5.o
    0x08001fde   0x08001fde   0x00000034   Code   RO         3786    i.Emm_V5_Origin_Trigger_Return  emm_v5.o
    0x08002012   0x08002012   0x0000006c   Code   RO         3787    i.Emm_V5_Pos_Control  emm_v5.o
    0x0800207e   0x0800207e   0x0000002e   Code   RO         3789    i.Emm_V5_Reset_Clog_Pro  emm_v5.o
    0x080020ac   0x080020ac   0x0000002e   Code   RO         3790    i.Emm_V5_Reset_CurPos_To_Zero  emm_v5.o
    0x080020da   0x080020da   0x00000034   Code   RO         3791    i.Emm_V5_Stop_Now   emm_v5.o
    0x0800210e   0x0800210e   0x0000002e   Code   RO         3792    i.Emm_V5_Synchronous_motion  emm_v5.o
    0x0800213c   0x0800213c   0x0000004e   Code   RO         3793    i.Emm_V5_Vel_Control  emm_v5.o
    0x0800218a   0x0800218a   0x00000116   Code   RO         1311    i.GPIO_Init         stm32f10x_gpio.o
    0x080022a0   0x080022a0   0x00000012   Code   RO         1315    i.GPIO_ReadInputDataBit  stm32f10x_gpio.o
    0x080022b2   0x080022b2   0x00000004   Code   RO         1318    i.GPIO_ResetBits    stm32f10x_gpio.o
    0x080022b6   0x080022b6   0x00000004   Code   RO         1319    i.GPIO_SetBits      stm32f10x_gpio.o
    0x080022ba   0x080022ba   0x0000000a   Code   RO         1322    i.GPIO_WriteBit     stm32f10x_gpio.o
    0x080022c4   0x080022c4   0x00000014   Code   RO         4246    i.Handle_Action_Grab  cmd_handle.o
    0x080022d8   0x080022d8   0x00000020   Code   RO         4247    i.Handle_Action_Move  cmd_handle.o
    0x080022f8   0x080022f8   0x00000020   Code   RO         4248    i.Handle_Bldc_Control  cmd_handle.o
    0x08002318   0x08002318   0x00000014   Code   RO         4249    i.Handle_Bldc_Stop  cmd_handle.o
    0x0800232c   0x0800232c   0x00000054   Code   RO         4250    i.Handle_En_Control  cmd_handle.o
    0x08002380   0x08002380   0x00000036   Code   RO         4251    i.Handle_Modify_Ctrl_Mode  cmd_handle.o
    0x080023b6   0x080023b6   0x00000014   Code   RO         4252    i.Handle_Mpu_Calib  cmd_handle.o
    0x080023ca   0x080023ca   0x00000002   PAD
    0x080023cc   0x080023cc   0x00000024   Code   RO         4253    i.Handle_Mpu_Stream  cmd_handle.o
    0x080023f0   0x080023f0   0x00000020   Code   RO         4254    i.Handle_Origin_Interrupt  cmd_handle.o
    0x08002410   0x08002410   0x00000092   Code   RO         4255    i.Handle_Origin_Modify_Params  cmd_handle.o
    0x080024a2   0x080024a2   0x0000003a   Code   RO         4256    i.Handle_Origin_Set_O  cmd_handle.o
    0x080024dc   0x080024dc   0x00000042   Code   RO         4257    i.Handle_Origin_Trigger  cmd_handle.o
    0x0800251e   0x0800251e   0x00000002   PAD
    0x08002520   0x08002520   0x00000024   Code   RO         4258    i.Handle_PWM_State_Stream  cmd_handle.o
    0x08002544   0x08002544   0x0000008c   Code   RO         4259    i.Handle_Pos_Control  cmd_handle.o
    0x080025d0   0x080025d0   0x000000d0   Code   RO         4260    i.Handle_Pos_Control_Cm  cmd_handle.o
    0x080026a0   0x080026a0   0x00000024   Code   RO         4261    i.Handle_Query_BldcStat  cmd_handle.o
    0x080026c4   0x080026c4   0x00000002   Code   RO         4262    i.Handle_Query_ColorRaw  cmd_handle.o
    0x080026c6   0x080026c6   0x00000002   Code   RO         4263    i.Handle_Query_ColorRes  cmd_handle.o
    0x080026c8   0x080026c8   0x00000058   Code   RO         4264    i.Handle_Query_MpuAtt  cmd_handle.o
    0x08002720   0x08002720   0x0000002c   Code   RO         4265    i.Handle_Query_MpuRaw  cmd_handle.o
    0x0800274c   0x0800274c   0x00000078   Code   RO         4266    i.Handle_Query_ServoStat  cmd_handle.o
    0x080027c4   0x080027c4   0x000000a0   Code   RO         4267    i.Handle_Query_StepParam  cmd_handle.o
    0x08002864   0x08002864   0x0000004c   Code   RO         4268    i.Handle_Query_StepStat  cmd_handle.o
    0x080028b0   0x080028b0   0x00000020   Code   RO         4269    i.Handle_Reset_Clog_Pro  cmd_handle.o
    0x080028d0   0x080028d0   0x00000020   Code   RO         4270    i.Handle_Reset_Cur_Pos  cmd_handle.o
    0x080028f0   0x080028f0   0x00000014   Code   RO         4271    i.Handle_Rgb_Sensor  cmd_handle.o
    0x08002904   0x08002904   0x00000024   Code   RO         4272    i.Handle_Rgb_Stream  cmd_handle.o
    0x08002928   0x08002928   0x00000028   Code   RO         4273    i.Handle_Servo_Control  cmd_handle.o
    0x08002950   0x08002950   0x00000028   Code   RO         4274    i.Handle_Show_Oled  cmd_handle.o
    0x08002978   0x08002978   0x00000024   Code   RO         4275    i.Handle_StepMotor_Stream  cmd_handle.o
    0x0800299c   0x0800299c   0x0000003a   Code   RO         4276    i.Handle_Stop_Now   cmd_handle.o
    0x080029d6   0x080029d6   0x00000020   Code   RO         4277    i.Handle_Sync_Motion  cmd_handle.o
    0x080029f6   0x080029f6   0x0000005c   Code   RO         4278    i.Handle_Vel_Control  cmd_handle.o
    0x08002a52   0x08002a52   0x00000004   Code   RO         3187    i.HardFault_Handler  stm32f10x_it.o
    0x08002a56   0x08002a56   0x00000002   PAD
    0x08002a58   0x08002a58   0x00000034   Code   RO         3563    i.IIC_Ack           bsp_iic.o
    0x08002a8c   0x08002a8c   0x0000003c   Code   RO         3564    i.IIC_Init          bsp_iic.o
    0x08002ac8   0x08002ac8   0x00000034   Code   RO         3565    i.IIC_NAck          bsp_iic.o
    0x08002afc   0x08002afc   0x00000064   Code   RO         3566    i.IIC_Read_Byte     bsp_iic.o
    0x08002b60   0x08002b60   0x0000005c   Code   RO         3567    i.IIC_Send_Byte     bsp_iic.o
    0x08002bbc   0x08002bbc   0x00000038   Code   RO         3568    i.IIC_Start         bsp_iic.o
    0x08002bf4   0x08002bf4   0x00000034   Code   RO         3569    i.IIC_Stop          bsp_iic.o
    0x08002c28   0x08002c28   0x00000050   Code   RO         3570    i.IIC_Wait_Ack      bsp_iic.o
    0x08002c78   0x08002c78   0x00000016   Code   RO         3571    i.IICreadByte       bsp_iic.o
    0x08002c8e   0x08002c8e   0x0000008a   Code   RO         3572    i.IICreadBytes      bsp_iic.o
    0x08002d18   0x08002d18   0x00000014   Code   RO         3575    i.IICwriteByte      bsp_iic.o
    0x08002d2c   0x08002d2c   0x0000006a   Code   RO         3576    i.IICwriteBytes     bsp_iic.o
    0x08002d96   0x08002d96   0x00000002   PAD
    0x08002d98   0x08002d98   0x00000088   Code   RO         4020    i.MPU_Calibrate     bsp_mpu6050.o
    0x08002e20   0x08002e20   0x00000072   Code   RO         4022    i.MPU_Init          bsp_mpu6050.o
    0x08002e92   0x08002e92   0x00000002   PAD
    0x08002e94   0x08002e94   0x0000060c   Code   RO         4023    i.MPU_QuaternionUpdate  bsp_mpu6050.o
    0x080034a0   0x080034a0   0x0000008c   Code   RO         4024    i.MPU_ReadRawData   bsp_mpu6050.o
    0x0800352c   0x0800352c   0x00000012   Code   RO         4025    i.MPU_ReadReg       bsp_mpu6050.o
    0x0800353e   0x0800353e   0x00000016   Code   RO         4026    i.MPU_ReadRegs      bsp_mpu6050.o
    0x08003554   0x08003554   0x00000012   Code   RO         4027    i.MPU_WriteReg      bsp_mpu6050.o
    0x08003566   0x08003566   0x0000006c   Code   RO         3389    i.Math_Average_Tool  app_rgb.o
    0x080035d2   0x080035d2   0x000000ca   Code   RO         3390    i.Math_Convert_Tool  app_rgb.o
    0x0800369c   0x0800369c   0x00000004   Code   RO         3188    i.MemManage_Handler  stm32f10x_it.o
    0x080036a0   0x080036a0   0x00000050   Code   RO         4142    i.MsgQueue_Dequeue  msg_queue.o
    0x080036f0   0x080036f0   0x0000005c   Code   RO         4143    i.MsgQueue_Enqueue  msg_queue.o
    0x0800374c   0x0800374c   0x0000001c   Code   RO         4144    i.MsgQueue_Init     msg_queue.o
    0x08003768   0x08003768   0x00000002   Code   RO         3189    i.NMI_Handler       stm32f10x_it.o
    0x0800376a   0x0800376a   0x00000002   PAD
    0x0800376c   0x0800376c   0x00000070   Code   RO          137    i.NVIC_Init         misc.o
    0x080037dc   0x080037dc   0x0000002a   Code   RO         3868    i.OLED_Clear        oled.o
    0x08003806   0x08003806   0x00000002   PAD
    0x08003808   0x08003808   0x00000040   Code   RO         3869    i.OLED_I2C_Init     oled.o
    0x08003848   0x08003848   0x0000005c   Code   RO         3870    i.OLED_I2C_SendByte  oled.o
    0x080038a4   0x080038a4   0x00000034   Code   RO         3871    i.OLED_I2C_Start    oled.o
    0x080038d8   0x080038d8   0x00000028   Code   RO         3872    i.OLED_I2C_Stop     oled.o
    0x08003900   0x08003900   0x000000b0   Code   RO         3873    i.OLED_Init         oled.o
    0x080039b0   0x080039b0   0x00000014   Code   RO         3874    i.OLED_Pow          oled.o
    0x080039c4   0x080039c4   0x00000022   Code   RO         3875    i.OLED_SetCursor    oled.o
    0x080039e6   0x080039e6   0x00000002   PAD
    0x080039e8   0x080039e8   0x00000074   Code   RO         3877    i.OLED_ShowChar     oled.o
    0x08003a5c   0x08003a5c   0x00000066   Code   RO         3880    i.OLED_ShowSignedNum  oled.o
    0x08003ac2   0x08003ac2   0x00000028   Code   RO         3881    i.OLED_ShowString   oled.o
    0x08003aea   0x08003aea   0x00000020   Code   RO         3882    i.OLED_WriteCommand  oled.o
    0x08003b0a   0x08003b0a   0x00000020   Code   RO         3883    i.OLED_WriteData    oled.o
    0x08003b2a   0x08003b2a   0x00000002   PAD
    0x08003b2c   0x08003b2c   0x00000094   Code   RO         3977    i.PWM_Bldc_Init     bsp_pwm.o
    0x08003bc0   0x08003bc0   0x00000028   Code   RO         3978    i.PWM_Bldc_SetDuty  bsp_pwm.o
    0x08003be8   0x08003be8   0x000000b8   Code   RO         3980    i.PWM_Servo_Init    bsp_pwm.o
    0x08003ca0   0x08003ca0   0x00000038   Code   RO         3981    i.PWM_Servo_SetAngle  bsp_pwm.o
    0x08003cd8   0x08003cd8   0x0000015c   Code   RO         3336    i.Parse_SystemState  app_motor.o
    0x08003e34   0x08003e34   0x00000002   Code   RO         3190    i.PendSV_Handler    stm32f10x_it.o
    0x08003e36   0x08003e36   0x00000002   PAD
    0x08003e38   0x08003e38   0x0000000c   Code   RO         4219    i.Protocol_Emm_Init  protocol_emm.o
    0x08003e44   0x08003e44   0x00000098   Code   RO         4220    i.Protocol_Emm_Process  protocol_emm.o
    0x08003edc   0x08003edc   0x00000014   Code   RO         4178    i.Protocol_Init     protocol.o
    0x08003ef0   0x08003ef0   0x00000070   Code   RO         4179    i.Protocol_PackAndSend  protocol.o
    0x08003f60   0x08003f60   0x0000012c   Code   RO         4180    i.Protocol_Process  protocol.o
    0x0800408c   0x0800408c   0x00000020   Code   RO         1726    i.RCC_AHBPeriphClockCmd  stm32f10x_rcc.o
    0x080040ac   0x080040ac   0x00000020   Code   RO         1727    i.RCC_APB1PeriphClockCmd  stm32f10x_rcc.o
    0x080040cc   0x080040cc   0x00000020   Code   RO         1729    i.RCC_APB2PeriphClockCmd  stm32f10x_rcc.o
    0x080040ec   0x080040ec   0x000000d4   Code   RO         1737    i.RCC_GetClocksFreq  stm32f10x_rcc.o
    0x080041c0   0x080041c0   0x00000002   Code   RO         3191    i.SVC_Handler       stm32f10x_it.o
    0x080041c2   0x080041c2   0x00000002   PAD
    0x080041c4   0x080041c4   0x00000020   Code   RO         4279    i.Send_Ok_Ack       cmd_handle.o
    0x080041e4   0x080041e4   0x00000008   Code   RO           24    i.SetSysClock       system_stm32f10x.o
    0x080041ec   0x080041ec   0x000000e0   Code   RO           25    i.SetSysClockTo72   system_stm32f10x.o
    0x080042cc   0x080042cc   0x00000028   Code   RO          141    i.SysTick_CLKSourceConfig  misc.o
    0x080042f4   0x080042f4   0x00000002   Code   RO         3192    i.SysTick_Handler   stm32f10x_it.o
    0x080042f6   0x080042f6   0x00000002   PAD
    0x080042f8   0x080042f8   0x00000060   Code   RO           27    i.SystemInit        system_stm32f10x.o
    0x08004358   0x08004358   0x00000044   Code   RO         3658    i.Systick_Init      bsp_systick.o
    0x0800439c   0x0800439c   0x0000002a   Code   RO         4085    i.TCS3472_Init      bsp_tcs3472.o
    0x080043c6   0x080043c6   0x00000066   Code   RO         4086    i.TCS3472_ReadRGBC  bsp_tcs3472.o
    0x0800442c   0x0800442c   0x0000005c   Code   RO         4087    i.TCS3472_ReadReg   bsp_tcs3472.o
    0x08004488   0x08004488   0x0000007e   Code   RO         4088    i.TCS3472_ReadRegs  bsp_tcs3472.o
    0x08004506   0x08004506   0x00000050   Code   RO         4089    i.TCS3472_WriteReg  bsp_tcs3472.o
    0x08004556   0x08004556   0x00000018   Code   RO         2361    i.TIM_Cmd           stm32f10x_tim.o
    0x0800456e   0x0800456e   0x00000006   Code   RO         2380    i.TIM_GetCounter    stm32f10x_tim.o
    0x08004574   0x08004574   0x00000098   Code   RO         2390    i.TIM_OC1Init       stm32f10x_tim.o
    0x0800460c   0x0800460c   0x00000012   Code   RO         2393    i.TIM_OC1PreloadConfig  stm32f10x_tim.o
    0x0800461e   0x0800461e   0x00000002   PAD
    0x08004620   0x08004620   0x000000a0   Code   RO         2400    i.TIM_OC3Init       stm32f10x_tim.o
    0x080046c0   0x080046c0   0x00000012   Code   RO         2403    i.TIM_OC3PreloadConfig  stm32f10x_tim.o
    0x080046d2   0x080046d2   0x00000002   PAD
    0x080046d4   0x080046d4   0x0000007c   Code   RO         2405    i.TIM_OC4Init       stm32f10x_tim.o
    0x08004750   0x08004750   0x0000001a   Code   RO         2407    i.TIM_OC4PreloadConfig  stm32f10x_tim.o
    0x0800476a   0x0800476a   0x00000014   Code   RO         2408    i.TIM_OCStructInit  stm32f10x_tim.o
    0x0800477e   0x0800477e   0x00000004   Code   RO         2422    i.TIM_SetCompare1   stm32f10x_tim.o
    0x08004782   0x08004782   0x00000004   Code   RO         2424    i.TIM_SetCompare3   stm32f10x_tim.o
    0x08004786   0x08004786   0x00000006   Code   RO         2425    i.TIM_SetCompare4   stm32f10x_tim.o
    0x0800478c   0x0800478c   0x000000a4   Code   RO         2432    i.TIM_TimeBaseInit  stm32f10x_tim.o
    0x08004830   0x08004830   0x00000012   Code   RO         2433    i.TIM_TimeBaseStructInit  stm32f10x_tim.o
    0x08004842   0x08004842   0x00000002   PAD
    0x08004844   0x08004844   0x0000002c   Code   RO         3682    i.USART1_Available  bsp_usart.o
    0x08004870   0x08004870   0x00000050   Code   RO         3683    i.USART1_IRQHandler  bsp_usart.o
    0x080048c0   0x080048c0   0x000000a4   Code   RO         3684    i.USART1_Init       bsp_usart.o
    0x08004964   0x08004964   0x0000003c   Code   RO         3686    i.USART1_ReadByte   bsp_usart.o
    0x080049a0   0x080049a0   0x0000001c   Code   RO         3687    i.USART1_SendBuffer  bsp_usart.o
    0x080049bc   0x080049bc   0x00000020   Code   RO         3688    i.USART1_SendByte   bsp_usart.o
    0x080049dc   0x080049dc   0x00000040   Code   RO         3689    i.USART2_Available  bsp_usart.o
    0x08004a1c   0x08004a1c   0x0000003c   Code   RO         3690    i.USART2_IRQHandler  bsp_usart.o
    0x08004a58   0x08004a58   0x00000100   Code   RO         3691    i.USART2_Init       bsp_usart.o
    0x08004b58   0x08004b58   0x00000048   Code   RO         3693    i.USART2_ReadByte   bsp_usart.o
    0x08004ba0   0x08004ba0   0x0000001c   Code   RO         3694    i.USART2_SendBuffer  bsp_usart.o
    0x08004bbc   0x08004bbc   0x00000020   Code   RO         3695    i.USART2_SendByte   bsp_usart.o
    0x08004bdc   0x08004bdc   0x00000014   Code   RO         3696    i.USART_All_Init    bsp_usart.o
    0x08004bf0   0x08004bf0   0x0000001e   Code   RO         2894    i.USART_ClearITPendingBit  stm32f10x_usart.o
    0x08004c0e   0x08004c0e   0x00000018   Code   RO         2897    i.USART_Cmd         stm32f10x_usart.o
    0x08004c26   0x08004c26   0x00000012   Code   RO         2898    i.USART_DMACmd      stm32f10x_usart.o
    0x08004c38   0x08004c38   0x0000001a   Code   RO         2900    i.USART_GetFlagStatus  stm32f10x_usart.o
    0x08004c52   0x08004c52   0x00000054   Code   RO         2901    i.USART_GetITStatus  stm32f10x_usart.o
    0x08004ca6   0x08004ca6   0x0000004a   Code   RO         2903    i.USART_ITConfig    stm32f10x_usart.o
    0x08004cf0   0x08004cf0   0x000000d8   Code   RO         2904    i.USART_Init        stm32f10x_usart.o
    0x08004dc8   0x08004dc8   0x0000000a   Code   RO         2911    i.USART_ReceiveData  stm32f10x_usart.o
    0x08004dd2   0x08004dd2   0x00000008   Code   RO         2914    i.USART_SendData    stm32f10x_usart.o
    0x08004dda   0x08004dda   0x00000004   Code   RO         3193    i.UsageFault_Handler  stm32f10x_it.o
    0x08004dde   0x08004dde   0x00000026   Code   RO         4606    i.__ARM_fpclassifyf  m_ws.l(fpclassifyf.o)
    0x08004e04   0x08004e04   0x00000006   Code   RO         4609    i.__mathlib_flt_infnan  m_ws.l(funder.o)
    0x08004e0a   0x08004e0a   0x00000004   Code   RO         4610    i.__mathlib_flt_infnan2  m_ws.l(funder.o)
    0x08004e0e   0x08004e0e   0x00000008   Code   RO         4611    i.__mathlib_flt_invalid  m_ws.l(funder.o)
    0x08004e16   0x08004e16   0x0000000a   Code   RO         4614    i.__mathlib_flt_underflow  m_ws.l(funder.o)
    0x08004e20   0x08004e20   0x0000000e   Code   RO         4496    i._is_digit         c_w.l(__printf_wp.o)
    0x08004e2e   0x08004e2e   0x00000002   PAD
    0x08004e30   0x08004e30   0x00000124   Code   RO         4560    i.asinf             m_ws.l(asinf.o)
    0x08004f54   0x08004f54   0x000002a4   Code   RO         4568    i.atan2f            m_ws.l(atan2f.o)
    0x080051f8   0x080051f8   0x000001f4   Code   RO         3127    i.main              main.o
    0x080053ec   0x080053ec   0x0000002c   Code   RO         4576    i.sqrtf             m_ws.l(sqrtf.o)
    0x08005418   0x08005418   0x000000c4   Code   RO         4527    x$fpl$fadd          fz_ws.l(faddsub_clz.o)
    0x080054dc   0x080054dc   0x0000000c   Code   RO         4644    x$fpl$fcheck1       fz_ws.l(fcheck1.o)
    0x080054e8   0x080054e8   0x00000018   Code   RO         4595    x$fpl$fcmpinf       fz_ws.l(fcmpi.o)
    0x08005500   0x08005500   0x00000184   Code   RO         4534    x$fpl$fdiv          fz_ws.l(fdiv.o)
    0x08005684   0x08005684   0x00000068   Code   RO         4537    x$fpl$feqf          fz_ws.l(feqf.o)
    0x080056ec   0x080056ec   0x00000036   Code   RO         4539    x$fpl$ffix          fz_ws.l(ffix.o)
    0x08005722   0x08005722   0x00000002   PAD
    0x08005724   0x08005724   0x0000003e   Code   RO         4543    x$fpl$ffixu         fz_ws.l(ffixu.o)
    0x08005762   0x08005762   0x00000002   PAD
    0x08005764   0x08005764   0x00000030   Code   RO         4548    x$fpl$fflt          fz_ws.l(fflt_clz.o)
    0x08005794   0x08005794   0x00000026   Code   RO         4547    x$fpl$ffltu         fz_ws.l(fflt_clz.o)
    0x080057ba   0x080057ba   0x00000002   PAD
    0x080057bc   0x080057bc   0x00000068   Code   RO         4553    x$fpl$fleqf         fz_ws.l(fleqf.o)
    0x08005824   0x08005824   0x00000102   Code   RO         4555    x$fpl$fmul          fz_ws.l(fmul.o)
    0x08005926   0x08005926   0x0000008c   Code   RO         4597    x$fpl$fnaninf       fz_ws.l(fnaninf.o)
    0x080059b2   0x080059b2   0x0000000a   Code   RO         4599    x$fpl$fretinf       fz_ws.l(fretinf.o)
    0x080059bc   0x080059bc   0x00000062   Code   RO         4557    x$fpl$frleqf        fz_ws.l(frleqf.o)
    0x08005a1e   0x08005a1e   0x00000014   Code   RO         4528    x$fpl$frsb          fz_ws.l(faddsub_clz.o)
    0x08005a32   0x08005a32   0x00000002   PAD
    0x08005a34   0x08005a34   0x00000110   Code   RO         4601    x$fpl$fsqrt         fz_ws.l(fsqrt.o)
    0x08005b44   0x08005b44   0x000000ea   Code   RO         4529    x$fpl$fsub          fz_ws.l(faddsub_clz.o)
    0x08005c2e   0x08005c2e   0x00000064   Code   RO         4659    x$fpl$retnan        fz_ws.l(retnan.o)
    0x08005c92   0x08005c92   0x0000004c   Code   RO         4603    x$fpl$scalbnf       fz_ws.l(scalbnf.o)
    0x08005cde   0x08005cde   0x00000030   Code   RO         4708    x$fpl$trapveneer    fz_ws.l(trapv.o)
    0x08005d0e   0x08005d0e   0x00000000   Code   RO         4605    x$fpl$usenofp       fz_ws.l(usenofp.o)
    0x08005d0e   0x08005d0e   0x00000002   PAD
    0x08005d10   0x08005d10   0x00000020   Data   RO         3505    .constdata          app_action.o
    0x08005d30   0x08005d30   0x000005f0   Data   RO         3884    .constdata          oled.o
    0x08006320   0x08006320   0x00000108   Data   RO         4280    .constdata          cmd_handle.o
    0x08006428   0x08006428   0x00000020   Data   RO         4789    Region$$Table       anon$$obj.o


    Execution Region RW_IRAM1 (Exec base: 0x20000000, Load base: 0x08006448, Size: 0x00000c00, Max: 0x00005000, ABSOLUTE)

    Exec Addr    Load Addr    Size         Type   Attr      Idx    E Section Name        Object

    0x20000000   0x08006448   0x00000014   Data   RW           28    .data               system_stm32f10x.o
    0x20000014   0x0800645c   0x00000014   Data   RW         1757    .data               stm32f10x_rcc.o
    0x20000028   0x08006470   0x0000000d   Data   RW         3250    .data               app.o
    0x20000035   0x0800647d   0x00000003   PAD
    0x20000038   0x08006480   0x00000004   Data   RW         3309    .data               app_imu.o
    0x2000003c   0x08006484   0x0000000f   Data   RW         3392    .data               app_rgb.o
    0x2000004b   0x08006493   0x00000001   Data   RW         3451    .data               app_bldc.o
    0x2000004c   0x08006494   0x00000004   Data   RW         3480    .data               app_servo.o
    0x20000050   0x08006498   0x00000009   Data   RW         3506    .data               app_action.o
    0x20000059   0x080064a1   0x00000001   PAD
    0x2000005a   0x080064a2   0x00000004   Data   RW         3659    .data               bsp_systick.o
    0x2000005e   0x080064a6   0x00000008   Data   RW         3698    .data               bsp_usart.o
    0x20000066   0x080064ae   0x00000002   PAD
    0x20000068   0x080064b0   0x0000001c   Data   RW         4029    .data               bsp_mpu6050.o
    0x20000084   0x080064cc   0x00000008   Data   RW         4146    .data               msg_queue.o
    0x2000008c   0x080064d4   0x0000000e   Data   RW         4183    .data               protocol.o
    0x2000009a   0x080064e2   0x00000002   PAD
    0x2000009c   0x080064e4   0x00000005   Data   RW         4222    .data               protocol_emm.o
    0x200000a1   0x080064e9   0x00000003   PAD
    0x200000a4        -       0x0000002e   Zero   RW         3337    .bss                app_motor.o
    0x200000d2        -       0x00000040   Zero   RW         3391    .bss                app_rgb.o
    0x20000112        -       0x00000180   Zero   RW         3697    .bss                bsp_usart.o
    0x20000292   0x080064e9   0x00000002   PAD
    0x20000294        -       0x00000028   Zero   RW         4028    .bss                bsp_mpu6050.o
    0x200002bc        -       0x00000220   Zero   RW         4145    .bss                msg_queue.o
    0x200004dc        -       0x00000044   Zero   RW         4182    .bss                protocol.o
    0x20000520        -       0x00000080   Zero   RW         4221    .bss                protocol_emm.o
    0x200005a0        -       0x00000060   Zero   RW         4647    .bss                c_w.l(libspace.o)
    0x20000600        -       0x00000200   Zero   RW            2    HEAP                startup_stm32f10x_hd.o
    0x20000800        -       0x00000400   Zero   RW            1    STACK               startup_stm32f10x_hd.o


==============================================================================

Image component sizes


      Code (inc. data)   RO Data    RW Data    ZI Data      Debug   Object Name

      1824        610          0         13          0       4694   app.o
       792         78         32          9          0       3245   app_action.o
        52         10          0          1          0       2068   app_bldc.o
       176         26          0          4          0       1968   app_imu.o
       660         28          0          0         46       4449   app_motor.o
      1034         66          0         15         64       7856   app_rgb.o
       100         10          0          4          0       2189   app_servo.o
       646        238          0          0          0       2167   bsp_esp8266.o
       830         40          0          0          0       7774   bsp_iic.o
      1996         52          0         28         40       8198   bsp_mpu6050.o
       492         38          0          0          0       3081   bsp_pwm.o
       220         26          0          4          0       1809   bsp_systick.o
       442          0          0          0          0       4914   bsp_tcs3472.o
        82          0          0          0          0       1031   bsp_timer.o
       940        106          0          8        384       8451   bsp_usart.o
      2090         90        264          0          0      25553   cmd_handle.o
         0          0          0          0          0       4524   core_cm3.o
       812          0          0          0          0       8337   emm_v5.o
       500        248          0          0          0       3453   main.o
       152         12          0          0          0     204958   misc.o
       200         40          0          8        544       3127   msg_queue.o
       842         22       1520          0          0       8095   oled.o
       468         40          0         14         68       4154   protocol.o
       164         18          0          5        128       2003   protocol_emm.o
        64         26        304          0       1536        856   startup_stm32f10x_hd.o
       424          8          0          0          0       3983   stm32f10x_dma.o
       314          0          0          0          0       4232   stm32f10x_gpio.o
        26          0          0          0          0       4106   stm32f10x_it.o
       308         38          0         20          0       5018   stm32f10x_rcc.o
       744         82          0          0          0       8867   stm32f10x_tim.o
       490          6          0          0          0       7390   stm32f10x_usart.o
       328         28          0         20          0      55669   system_stm32f10x.o

    ----------------------------------------------------------------------
     18246       1986       2152        164       2812     418219   Object Totals
         0          0         32          0          0          0   (incl. Generated)
        34          0          0         11          2          0   (incl. Padding)

    ----------------------------------------------------------------------

      Code (inc. data)   RO Data    RW Data    ZI Data      Debug   Library Member Name

         8          0          0          0          0         68   __main.o
       352          0          0          0          0         88   __printf_ss_wp.o
        14          0          0          0          0         68   __printf_wp.o
         0          0          0          0          0          0   __rtentry.o
        12          0          0          0          0          0   __rtentry2.o
         6          0          0          0          0          0   __rtentry4.o
        52          8          0          0          0          0   __scatter.o
        26          0          0          0          0          0   __scatter_copy.o
        28          0          0          0          0          0   __scatter_zi.o
        44          0          0          0          0        108   _printf_char.o
        48          6          0          0          0         96   _printf_char_common.o
         6          0          0          0          0          0   _printf_d.o
       120         16          0          0          0         92   _printf_dec.o
       178          0          0          0          0         88   _printf_intcommon.o
        78          0          0          0          0        108   _printf_pad.o
         0          0          0          0          0          0   _printf_percent.o
         4          0          0          0          0          0   _printf_percent_end.o
         6          0          0          0          0          0   _printf_s.o
        82          0          0          0          0         80   _printf_str.o
        22          0          0          0          0        100   _rserrno.o
        10          0          0          0          0         68   _sputc.o
        18          0          0          0          0         80   exit.o
         6          0          0          0          0        152   heapauxi.o
         0          0          0          0          0          0   indicate_semi.o
         2          0          0          0          0          0   libinit.o
         2          0          0          0          0          0   libinit2.o
         2          0          0          0          0          0   libshutdown.o
         2          0          0          0          0          0   libshutdown2.o
         8          4          0          0         96         68   libspace.o
        40          6          0          0          0         84   noretval__2sprintf.o
         8          4          0          0          0         68   rt_errno_addr_intlibspace.o
        68          0          0          0          0         68   rt_memclr.o
        78          0          0          0          0         80   rt_memclr_w.o
       138          0          0          0          0         68   rt_memcpy_v6.o
       100          0          0          0          0         80   rt_memcpy_w.o
       122          0          0          0          0         80   rt_memmove_w.o
         2          0          0          0          0          0   rtexit.o
        10          0          0          0          0          0   rtexit2.o
        62          0          0          0          0         76   strlen.o
        36          0          0          0          0         80   strstr.o
        12          4          0          0          0         68   sys_exit.o
        74          0          0          0          0         80   sys_stackheap_outer.o
         2          0          0          0          0         68   use_no_semi.o
       450          8          0          0          0        236   faddsub_clz.o
        12          4          0          0          0         68   fcheck1.o
        24          0          0          0          0         68   fcmpi.o
       388         76          0          0          0         96   fdiv.o
       104          4          0          0          0         84   feqf.o
        54          4          0          0          0         84   ffix.o
        62          4          0          0          0         84   ffixu.o
        86          0          0          0          0        136   fflt_clz.o
       104          4          0          0          0         84   fleqf.o
       258          4          0          0          0         84   fmul.o
       140          4          0          0          0         84   fnaninf.o
        10          0          0          0          0         68   fretinf.o
        98          0          0          0          0         68   frleqf.o
       272        100          0          0          0         88   fsqrt.o
       100          0          0          0          0         68   retnan.o
        76          0          0          0          0         68   scalbnf.o
        48          0          0          0          0         68   trapv.o
         0          0          0          0          0          0   usenofp.o
       292         38          0          0          0        120   asinf.o
       676         78          0          0          0        116   atan2f.o
        38          0          0          0          0         68   fpclassifyf.o
        28          0          0          0          0        272   funder.o
        44          0          0          0          0         80   sqrtf.o

    ----------------------------------------------------------------------
      5274        376          0          0         96       4356   Library Totals
        22          0          0          0          0          0   (incl. Padding)

    ----------------------------------------------------------------------

      Code (inc. data)   RO Data    RW Data    ZI Data      Debug   Library Name

      1888         48          0          0         96       2164   c_w.l
      2286        212          0          0          0       1536   fz_ws.l
      1078        116          0          0          0        656   m_ws.l

    ----------------------------------------------------------------------
      5274        376          0          0         96       4356   Library Totals

    ----------------------------------------------------------------------

==============================================================================


      Code (inc. data)   RO Data    RW Data    ZI Data      Debug   

     23520       2362       2152        164       2908     409779   Grand Totals
     23520       2362       2152        164       2908     409779   ELF Image Totals
     23520       2362       2152        164          0          0   ROM Totals

==============================================================================

    Total RO  Size (Code + RO Data)                25672 (  25.07kB)
    Total RW  Size (RW Data + ZI Data)              3072 (   3.00kB)
    Total ROM Size (Code + RO Data + RW Data)      25836 (  25.23kB)

==============================================================================

