<!doctype html public "-//w3c//dtd html 4.0 transitional//en">
<html><head>
<title>Static Call Graph - [.\Objects\Slave.axf]</title></head>
<body><HR>
<H1>Static Call Graph for image .\Objects\Slave.axf</H1><HR>
<BR><P>#&#060CALLGRAPH&#062# ARM Linker, 5060960: Last Updated: Wed Jul 08 12:48:34 2026
<BR><P>
<H3>Maximum Stack Usage =        328 bytes + Unknown(Functions without stacksize, Cycles, Untraceable Function Pointers)</H3><H3>
Call chain for Maximum Stack Depth:</H3>
__rt_entry_main &rArr; main &rArr; ESP8266_Init &rArr; ESP8266_Config &rArr; ESP8266_SendCmd &rArr; USART2_SendBuffer &rArr; USART2_SendByte
<P>
<H3>
Functions with no stack information
</H3><UL>
 <LI><a href="#[9d]">__user_initial_stackheap</a>
</UL>
</UL>
<P>
<H3>
Mutually Recursive functions
</H3> <LI><a href="#[20]">ADC1_2_IRQHandler</a>&nbsp;&nbsp;&nbsp;&rArr;&nbsp;&nbsp;&nbsp;<a href="#[20]">ADC1_2_IRQHandler</a><BR>
</UL>
<P>
<H3>
Function Pointers
</H3><UL>
 <LI><a href="#[20]">ADC1_2_IRQHandler</a> from startup_stm32f10x_hd.o(.text) referenced from startup_stm32f10x_hd.o(RESET)
 <LI><a href="#[3d]">ADC3_IRQHandler</a> from startup_stm32f10x_hd.o(.text) referenced from startup_stm32f10x_hd.o(RESET)
 <LI><a href="#[4e]">App_Motor_UpdateCallback</a> from app_motor.o(i.App_Motor_UpdateCallback) referenced from app_motor.o(i.App_Motor_Init)
 <LI><a href="#[8]">BusFault_Handler</a> from stm32f10x_it.o(i.BusFault_Handler) referenced from startup_stm32f10x_hd.o(RESET)
 <LI><a href="#[23]">CAN1_RX1_IRQHandler</a> from startup_stm32f10x_hd.o(.text) referenced from startup_stm32f10x_hd.o(RESET)
 <LI><a href="#[24]">CAN1_SCE_IRQHandler</a> from startup_stm32f10x_hd.o(.text) referenced from startup_stm32f10x_hd.o(RESET)
 <LI><a href="#[4f]">Cmd_Handle_Packet_Callback</a> from cmd_handle.o(i.Cmd_Handle_Packet_Callback) referenced from cmd_handle.o(i.Cmd_Handle_Init)
 <LI><a href="#[19]">DMA1_Channel1_IRQHandler</a> from startup_stm32f10x_hd.o(.text) referenced from startup_stm32f10x_hd.o(RESET)
 <LI><a href="#[1a]">DMA1_Channel2_IRQHandler</a> from startup_stm32f10x_hd.o(.text) referenced from startup_stm32f10x_hd.o(RESET)
 <LI><a href="#[1b]">DMA1_Channel3_IRQHandler</a> from startup_stm32f10x_hd.o(.text) referenced from startup_stm32f10x_hd.o(RESET)
 <LI><a href="#[1c]">DMA1_Channel4_IRQHandler</a> from startup_stm32f10x_hd.o(.text) referenced from startup_stm32f10x_hd.o(RESET)
 <LI><a href="#[1d]">DMA1_Channel5_IRQHandler</a> from startup_stm32f10x_hd.o(.text) referenced from startup_stm32f10x_hd.o(RESET)
 <LI><a href="#[1e]">DMA1_Channel6_IRQHandler</a> from startup_stm32f10x_hd.o(.text) referenced from startup_stm32f10x_hd.o(RESET)
 <LI><a href="#[1f]">DMA1_Channel7_IRQHandler</a> from startup_stm32f10x_hd.o(.text) referenced from startup_stm32f10x_hd.o(RESET)
 <LI><a href="#[46]">DMA2_Channel1_IRQHandler</a> from startup_stm32f10x_hd.o(.text) referenced from startup_stm32f10x_hd.o(RESET)
 <LI><a href="#[47]">DMA2_Channel2_IRQHandler</a> from startup_stm32f10x_hd.o(.text) referenced from startup_stm32f10x_hd.o(RESET)
 <LI><a href="#[48]">DMA2_Channel3_IRQHandler</a> from startup_stm32f10x_hd.o(.text) referenced from startup_stm32f10x_hd.o(RESET)
 <LI><a href="#[49]">DMA2_Channel4_5_IRQHandler</a> from startup_stm32f10x_hd.o(.text) referenced from startup_stm32f10x_hd.o(RESET)
 <LI><a href="#[b]">DebugMon_Handler</a> from stm32f10x_it.o(i.DebugMon_Handler) referenced from startup_stm32f10x_hd.o(RESET)
 <LI><a href="#[14]">EXTI0_IRQHandler</a> from startup_stm32f10x_hd.o(.text) referenced from startup_stm32f10x_hd.o(RESET)
 <LI><a href="#[36]">EXTI15_10_IRQHandler</a> from startup_stm32f10x_hd.o(.text) referenced from startup_stm32f10x_hd.o(RESET)
 <LI><a href="#[15]">EXTI1_IRQHandler</a> from startup_stm32f10x_hd.o(.text) referenced from startup_stm32f10x_hd.o(RESET)
 <LI><a href="#[16]">EXTI2_IRQHandler</a> from startup_stm32f10x_hd.o(.text) referenced from startup_stm32f10x_hd.o(RESET)
 <LI><a href="#[17]">EXTI3_IRQHandler</a> from startup_stm32f10x_hd.o(.text) referenced from startup_stm32f10x_hd.o(RESET)
 <LI><a href="#[18]">EXTI4_IRQHandler</a> from startup_stm32f10x_hd.o(.text) referenced from startup_stm32f10x_hd.o(RESET)
 <LI><a href="#[25]">EXTI9_5_IRQHandler</a> from startup_stm32f10x_hd.o(.text) referenced from startup_stm32f10x_hd.o(RESET)
 <LI><a href="#[12]">FLASH_IRQHandler</a> from startup_stm32f10x_hd.o(.text) referenced from startup_stm32f10x_hd.o(RESET)
 <LI><a href="#[3e]">FSMC_IRQHandler</a> from startup_stm32f10x_hd.o(.text) referenced from startup_stm32f10x_hd.o(RESET)
 <LI><a href="#[6a]">Handle_Action_Emergency</a> from cmd_handle.o(i.Handle_Action_Emergency) referenced from cmd_handle.o(.constdata)
 <LI><a href="#[54]">Handle_Action_Grab</a> from cmd_handle.o(i.Handle_Action_Grab) referenced from cmd_handle.o(.constdata)
 <LI><a href="#[55]">Handle_Action_Move</a> from cmd_handle.o(i.Handle_Action_Move) referenced from cmd_handle.o(.constdata)
 <LI><a href="#[61]">Handle_Bldc_Control</a> from cmd_handle.o(i.Handle_Bldc_Control) referenced from cmd_handle.o(.constdata)
 <LI><a href="#[62]">Handle_Bldc_Stop</a> from cmd_handle.o(i.Handle_Bldc_Stop) referenced from cmd_handle.o(.constdata)
 <LI><a href="#[50]">Handle_En_Control</a> from cmd_handle.o(i.Handle_En_Control) referenced from cmd_handle.o(.constdata)
 <LI><a href="#[5d]">Handle_Modify_Ctrl_Mode</a> from cmd_handle.o(i.Handle_Modify_Ctrl_Mode) referenced from cmd_handle.o(.constdata)
 <LI><a href="#[65]">Handle_Mpu_Calib</a> from cmd_handle.o(i.Handle_Mpu_Calib) referenced from cmd_handle.o(.constdata)
 <LI><a href="#[66]">Handle_Mpu_Stream</a> from cmd_handle.o(i.Handle_Mpu_Stream) referenced from cmd_handle.o(.constdata)
 <LI><a href="#[5c]">Handle_Origin_Interrupt</a> from cmd_handle.o(i.Handle_Origin_Interrupt) referenced from cmd_handle.o(.constdata)
 <LI><a href="#[5a]">Handle_Origin_Modify_Params</a> from cmd_handle.o(i.Handle_Origin_Modify_Params) referenced from cmd_handle.o(.constdata)
 <LI><a href="#[59]">Handle_Origin_Set_O</a> from cmd_handle.o(i.Handle_Origin_Set_O) referenced from cmd_handle.o(.constdata)
 <LI><a href="#[5b]">Handle_Origin_Trigger</a> from cmd_handle.o(i.Handle_Origin_Trigger) referenced from cmd_handle.o(.constdata)
 <LI><a href="#[68]">Handle_PWM_State_Stream</a> from cmd_handle.o(i.Handle_PWM_State_Stream) referenced from cmd_handle.o(.constdata)
 <LI><a href="#[52]">Handle_Pos_Control</a> from cmd_handle.o(i.Handle_Pos_Control) referenced from cmd_handle.o(.constdata)
 <LI><a href="#[53]">Handle_Pos_Control_Cm</a> from cmd_handle.o(i.Handle_Pos_Control_Cm) referenced from cmd_handle.o(.constdata)
 <LI><a href="#[70]">Handle_Query_BldcStat</a> from cmd_handle.o(i.Handle_Query_BldcStat) referenced from cmd_handle.o(.constdata)
 <LI><a href="#[6d]">Handle_Query_ColorRaw</a> from cmd_handle.o(i.Handle_Query_ColorRaw) referenced from cmd_handle.o(.constdata)
 <LI><a href="#[6e]">Handle_Query_ColorRes</a> from cmd_handle.o(i.Handle_Query_ColorRes) referenced from cmd_handle.o(.constdata)
 <LI><a href="#[6b]">Handle_Query_MpuAtt</a> from cmd_handle.o(i.Handle_Query_MpuAtt) referenced from cmd_handle.o(.constdata)
 <LI><a href="#[6c]">Handle_Query_MpuRaw</a> from cmd_handle.o(i.Handle_Query_MpuRaw) referenced from cmd_handle.o(.constdata)
 <LI><a href="#[6f]">Handle_Query_ServoStat</a> from cmd_handle.o(i.Handle_Query_ServoStat) referenced from cmd_handle.o(.constdata)
 <LI><a href="#[72]">Handle_Query_StepParam</a> from cmd_handle.o(i.Handle_Query_StepParam) referenced from cmd_handle.o(.constdata)
 <LI><a href="#[71]">Handle_Query_StepStat</a> from cmd_handle.o(i.Handle_Query_StepStat) referenced from cmd_handle.o(.constdata)
 <LI><a href="#[5f]">Handle_Reset_Clog_Pro</a> from cmd_handle.o(i.Handle_Reset_Clog_Pro) referenced from cmd_handle.o(.constdata)
 <LI><a href="#[5e]">Handle_Reset_Cur_Pos</a> from cmd_handle.o(i.Handle_Reset_Cur_Pos) referenced from cmd_handle.o(.constdata)
 <LI><a href="#[63]">Handle_Rgb_Sensor</a> from cmd_handle.o(i.Handle_Rgb_Sensor) referenced from cmd_handle.o(.constdata)
 <LI><a href="#[69]">Handle_Rgb_Stream</a> from cmd_handle.o(i.Handle_Rgb_Stream) referenced from cmd_handle.o(.constdata)
 <LI><a href="#[60]">Handle_Servo_Control</a> from cmd_handle.o(i.Handle_Servo_Control) referenced from cmd_handle.o(.constdata)
 <LI><a href="#[56]">Handle_SetOrigin</a> from cmd_handle.o(i.Handle_SetOrigin) referenced from cmd_handle.o(.constdata)
 <LI><a href="#[64]">Handle_Show_Oled</a> from cmd_handle.o(i.Handle_Show_Oled) referenced from cmd_handle.o(.constdata)
 <LI><a href="#[67]">Handle_StepMotor_Stream</a> from cmd_handle.o(i.Handle_StepMotor_Stream) referenced from cmd_handle.o(.constdata)
 <LI><a href="#[57]">Handle_Stop_Now</a> from cmd_handle.o(i.Handle_Stop_Now) referenced from cmd_handle.o(.constdata)
 <LI><a href="#[58]">Handle_Sync_Motion</a> from cmd_handle.o(i.Handle_Sync_Motion) referenced from cmd_handle.o(.constdata)
 <LI><a href="#[51]">Handle_Vel_Control</a> from cmd_handle.o(i.Handle_Vel_Control) referenced from cmd_handle.o(.constdata)
 <LI><a href="#[6]">HardFault_Handler</a> from stm32f10x_it.o(i.HardFault_Handler) referenced from startup_stm32f10x_hd.o(RESET)
 <LI><a href="#[2e]">I2C1_ER_IRQHandler</a> from startup_stm32f10x_hd.o(.text) referenced from startup_stm32f10x_hd.o(RESET)
 <LI><a href="#[2d]">I2C1_EV_IRQHandler</a> from startup_stm32f10x_hd.o(.text) referenced from startup_stm32f10x_hd.o(RESET)
 <LI><a href="#[30]">I2C2_ER_IRQHandler</a> from startup_stm32f10x_hd.o(.text) referenced from startup_stm32f10x_hd.o(RESET)
 <LI><a href="#[2f]">I2C2_EV_IRQHandler</a> from startup_stm32f10x_hd.o(.text) referenced from startup_stm32f10x_hd.o(RESET)
 <LI><a href="#[7]">MemManage_Handler</a> from stm32f10x_it.o(i.MemManage_Handler) referenced from startup_stm32f10x_hd.o(RESET)
 <LI><a href="#[5]">NMI_Handler</a> from stm32f10x_it.o(i.NMI_Handler) referenced from startup_stm32f10x_hd.o(RESET)
 <LI><a href="#[f]">PVD_IRQHandler</a> from startup_stm32f10x_hd.o(.text) referenced from startup_stm32f10x_hd.o(RESET)
 <LI><a href="#[c]">PendSV_Handler</a> from stm32f10x_it.o(i.PendSV_Handler) referenced from startup_stm32f10x_hd.o(RESET)
 <LI><a href="#[13]">RCC_IRQHandler</a> from startup_stm32f10x_hd.o(.text) referenced from startup_stm32f10x_hd.o(RESET)
 <LI><a href="#[37]">RTCAlarm_IRQHandler</a> from startup_stm32f10x_hd.o(.text) referenced from startup_stm32f10x_hd.o(RESET)
 <LI><a href="#[11]">RTC_IRQHandler</a> from startup_stm32f10x_hd.o(.text) referenced from startup_stm32f10x_hd.o(RESET)
 <LI><a href="#[4]">Reset_Handler</a> from startup_stm32f10x_hd.o(.text) referenced from startup_stm32f10x_hd.o(RESET)
 <LI><a href="#[3f]">SDIO_IRQHandler</a> from startup_stm32f10x_hd.o(.text) referenced from startup_stm32f10x_hd.o(RESET)
 <LI><a href="#[31]">SPI1_IRQHandler</a> from startup_stm32f10x_hd.o(.text) referenced from startup_stm32f10x_hd.o(RESET)
 <LI><a href="#[32]">SPI2_IRQHandler</a> from startup_stm32f10x_hd.o(.text) referenced from startup_stm32f10x_hd.o(RESET)
 <LI><a href="#[41]">SPI3_IRQHandler</a> from startup_stm32f10x_hd.o(.text) referenced from startup_stm32f10x_hd.o(RESET)
 <LI><a href="#[a]">SVC_Handler</a> from stm32f10x_it.o(i.SVC_Handler) referenced from startup_stm32f10x_hd.o(RESET)
 <LI><a href="#[d]">SysTick_Handler</a> from stm32f10x_it.o(i.SysTick_Handler) referenced from startup_stm32f10x_hd.o(RESET)
 <LI><a href="#[4a]">SystemInit</a> from system_stm32f10x.o(i.SystemInit) referenced from startup_stm32f10x_hd.o(.text)
 <LI><a href="#[10]">TAMPER_IRQHandler</a> from startup_stm32f10x_hd.o(.text) referenced from startup_stm32f10x_hd.o(RESET)
 <LI><a href="#[26]">TIM1_BRK_IRQHandler</a> from startup_stm32f10x_hd.o(.text) referenced from startup_stm32f10x_hd.o(RESET)
 <LI><a href="#[29]">TIM1_CC_IRQHandler</a> from startup_stm32f10x_hd.o(.text) referenced from startup_stm32f10x_hd.o(RESET)
 <LI><a href="#[28]">TIM1_TRG_COM_IRQHandler</a> from startup_stm32f10x_hd.o(.text) referenced from startup_stm32f10x_hd.o(RESET)
 <LI><a href="#[27]">TIM1_UP_IRQHandler</a> from startup_stm32f10x_hd.o(.text) referenced from startup_stm32f10x_hd.o(RESET)
 <LI><a href="#[2a]">TIM2_IRQHandler</a> from startup_stm32f10x_hd.o(.text) referenced from startup_stm32f10x_hd.o(RESET)
 <LI><a href="#[2b]">TIM3_IRQHandler</a> from startup_stm32f10x_hd.o(.text) referenced from startup_stm32f10x_hd.o(RESET)
 <LI><a href="#[2c]">TIM4_IRQHandler</a> from startup_stm32f10x_hd.o(.text) referenced from startup_stm32f10x_hd.o(RESET)
 <LI><a href="#[40]">TIM5_IRQHandler</a> from startup_stm32f10x_hd.o(.text) referenced from startup_stm32f10x_hd.o(RESET)
 <LI><a href="#[44]">TIM6_IRQHandler</a> from startup_stm32f10x_hd.o(.text) referenced from startup_stm32f10x_hd.o(RESET)
 <LI><a href="#[45]">TIM7_IRQHandler</a> from startup_stm32f10x_hd.o(.text) referenced from startup_stm32f10x_hd.o(RESET)
 <LI><a href="#[39]">TIM8_BRK_IRQHandler</a> from startup_stm32f10x_hd.o(.text) referenced from startup_stm32f10x_hd.o(RESET)
 <LI><a href="#[3c]">TIM8_CC_IRQHandler</a> from startup_stm32f10x_hd.o(.text) referenced from startup_stm32f10x_hd.o(RESET)
 <LI><a href="#[3b]">TIM8_TRG_COM_IRQHandler</a> from startup_stm32f10x_hd.o(.text) referenced from startup_stm32f10x_hd.o(RESET)
 <LI><a href="#[3a]">TIM8_UP_IRQHandler</a> from startup_stm32f10x_hd.o(.text) referenced from startup_stm32f10x_hd.o(RESET)
 <LI><a href="#[42]">UART4_IRQHandler</a> from startup_stm32f10x_hd.o(.text) referenced from startup_stm32f10x_hd.o(RESET)
 <LI><a href="#[43]">UART5_IRQHandler</a> from startup_stm32f10x_hd.o(.text) referenced from startup_stm32f10x_hd.o(RESET)
 <LI><a href="#[33]">USART1_IRQHandler</a> from bsp_usart.o(i.USART1_IRQHandler) referenced from startup_stm32f10x_hd.o(RESET)
 <LI><a href="#[34]">USART2_IRQHandler</a> from bsp_usart.o(i.USART2_IRQHandler) referenced from startup_stm32f10x_hd.o(RESET)
 <LI><a href="#[35]">USART3_IRQHandler</a> from startup_stm32f10x_hd.o(.text) referenced from startup_stm32f10x_hd.o(RESET)
 <LI><a href="#[38]">USBWakeUp_IRQHandler</a> from startup_stm32f10x_hd.o(.text) referenced from startup_stm32f10x_hd.o(RESET)
 <LI><a href="#[21]">USB_HP_CAN1_TX_IRQHandler</a> from startup_stm32f10x_hd.o(.text) referenced from startup_stm32f10x_hd.o(RESET)
 <LI><a href="#[22]">USB_LP_CAN1_RX0_IRQHandler</a> from startup_stm32f10x_hd.o(.text) referenced from startup_stm32f10x_hd.o(RESET)
 <LI><a href="#[9]">UsageFault_Handler</a> from stm32f10x_it.o(i.UsageFault_Handler) referenced from startup_stm32f10x_hd.o(RESET)
 <LI><a href="#[e]">WWDG_IRQHandler</a> from startup_stm32f10x_hd.o(.text) referenced from startup_stm32f10x_hd.o(RESET)
 <LI><a href="#[73]">__main</a> from __main.o(!!!main) referenced from startup_stm32f10x_hd.o(.text)
 <LI><a href="#[4d]">_printf_input_char</a> from _printf_char_common.o(.text) referenced from _printf_char_common.o(.text)
 <LI><a href="#[4c]">_sputc</a> from _sputc.o(.text) referenced from noretval__2sprintf.o(.text)
</UL>
<P>
<H3>
Global Symbols
</H3>
<P><STRONG><a name="[73]"></a>__main</STRONG> (Thumb, 8 bytes, Stack size 0 bytes, __main.o(!!!main))
<BR><BR>[Calls]<UL><LI><a href="#[75]">&gt;&gt;</a>&nbsp;&nbsp;&nbsp;__rt_entry
<LI><a href="#[74]">&gt;&gt;</a>&nbsp;&nbsp;&nbsp;__scatterload
</UL>

<P><STRONG><a name="[74]"></a>__scatterload</STRONG> (Thumb, 0 bytes, Stack size unknown bytes, __scatter.o(!!!scatter))
<BR><BR>[Called By]<UL><LI><a href="#[73]">&gt;&gt;</a>&nbsp;&nbsp;&nbsp;__main
</UL>

<P><STRONG><a name="[76]"></a>__scatterload_rt2</STRONG> (Thumb, 44 bytes, Stack size unknown bytes, __scatter.o(!!!scatter), UNUSED)
<BR><BR>[Calls]<UL><LI><a href="#[75]">&gt;&gt;</a>&nbsp;&nbsp;&nbsp;__rt_entry
</UL>

<P><STRONG><a name="[169]"></a>__scatterload_rt2_thumb_only</STRONG> (Thumb, 0 bytes, Stack size unknown bytes, __scatter.o(!!!scatter), UNUSED)

<P><STRONG><a name="[16a]"></a>__scatterload_null</STRONG> (Thumb, 0 bytes, Stack size unknown bytes, __scatter.o(!!!scatter), UNUSED)

<P><STRONG><a name="[77]"></a>__scatterload_copy</STRONG> (Thumb, 26 bytes, Stack size unknown bytes, __scatter_copy.o(!!handler_copy), UNUSED)
<BR><BR>[Calls]<UL><LI><a href="#[77]">&gt;&gt;</a>&nbsp;&nbsp;&nbsp;__scatterload_copy
</UL>
<BR>[Called By]<UL><LI><a href="#[77]">&gt;&gt;</a>&nbsp;&nbsp;&nbsp;__scatterload_copy
</UL>

<P><STRONG><a name="[16b]"></a>__scatterload_zeroinit</STRONG> (Thumb, 28 bytes, Stack size unknown bytes, __scatter_zi.o(!!handler_zi), UNUSED)

<P><STRONG><a name="[78]"></a>_printf_d</STRONG> (Thumb, 0 bytes, Stack size unknown bytes, _printf_d.o(.ARM.Collect$$_printf_percent$$00000009))
<BR><BR>[Stack]<UL><LI>Max Depth = 72 + Unknown Stack Size
<LI>Call Chain = _printf_d &rArr; _printf_int_dec &rArr; _printf_int_common &rArr; _printf_post_padding
</UL>
<BR>[Calls]<UL><LI><a href="#[79]">&gt;&gt;</a>&nbsp;&nbsp;&nbsp;_printf_int_dec
</UL>

<P><STRONG><a name="[91]"></a>_printf_percent</STRONG> (Thumb, 0 bytes, Stack size unknown bytes, _printf_percent.o(.ARM.Collect$$_printf_percent$$00000000))
<BR><BR>[Called By]<UL><LI><a href="#[8f]">&gt;&gt;</a>&nbsp;&nbsp;&nbsp;__printf
</UL>

<P><STRONG><a name="[7a]"></a>_printf_s</STRONG> (Thumb, 0 bytes, Stack size unknown bytes, _printf_s.o(.ARM.Collect$$_printf_percent$$00000014))
<BR><BR>[Stack]<UL><LI>Max Depth = 40 + Unknown Stack Size
<LI>Call Chain = _printf_s &rArr; _printf_string &rArr; _printf_cs_common &rArr; _printf_str &rArr; _printf_post_padding
</UL>
<BR>[Calls]<UL><LI><a href="#[7b]">&gt;&gt;</a>&nbsp;&nbsp;&nbsp;_printf_string
</UL>

<P><STRONG><a name="[16c]"></a>_printf_percent_end</STRONG> (Thumb, 0 bytes, Stack size unknown bytes, _printf_percent_end.o(.ARM.Collect$$_printf_percent$$00000017))

<P><STRONG><a name="[7f]"></a>__rt_lib_init</STRONG> (Thumb, 0 bytes, Stack size unknown bytes, libinit.o(.ARM.Collect$$libinit$$00000000))
<BR><BR>[Called By]<UL><LI><a href="#[7e]">&gt;&gt;</a>&nbsp;&nbsp;&nbsp;__rt_entry_li
</UL>

<P><STRONG><a name="[16d]"></a>__rt_lib_init_alloca_1</STRONG> (Thumb, 0 bytes, Stack size unknown bytes, libinit2.o(.ARM.Collect$$libinit$$0000002E))

<P><STRONG><a name="[16e]"></a>__rt_lib_init_argv_1</STRONG> (Thumb, 0 bytes, Stack size unknown bytes, libinit2.o(.ARM.Collect$$libinit$$0000002C))

<P><STRONG><a name="[16f]"></a>__rt_lib_init_atexit_1</STRONG> (Thumb, 0 bytes, Stack size unknown bytes, libinit2.o(.ARM.Collect$$libinit$$0000001B))

<P><STRONG><a name="[170]"></a>__rt_lib_init_clock_1</STRONG> (Thumb, 0 bytes, Stack size unknown bytes, libinit2.o(.ARM.Collect$$libinit$$00000021))

<P><STRONG><a name="[171]"></a>__rt_lib_init_cpp_1</STRONG> (Thumb, 0 bytes, Stack size unknown bytes, libinit2.o(.ARM.Collect$$libinit$$00000032))

<P><STRONG><a name="[172]"></a>__rt_lib_init_exceptions_1</STRONG> (Thumb, 0 bytes, Stack size unknown bytes, libinit2.o(.ARM.Collect$$libinit$$00000030))

<P><STRONG><a name="[173]"></a>__rt_lib_init_fp_1</STRONG> (Thumb, 0 bytes, Stack size unknown bytes, libinit2.o(.ARM.Collect$$libinit$$00000002))

<P><STRONG><a name="[174]"></a>__rt_lib_init_fp_trap_1</STRONG> (Thumb, 0 bytes, Stack size unknown bytes, libinit2.o(.ARM.Collect$$libinit$$0000001F))

<P><STRONG><a name="[175]"></a>__rt_lib_init_getenv_1</STRONG> (Thumb, 0 bytes, Stack size unknown bytes, libinit2.o(.ARM.Collect$$libinit$$00000023))

<P><STRONG><a name="[176]"></a>__rt_lib_init_heap_1</STRONG> (Thumb, 0 bytes, Stack size unknown bytes, libinit2.o(.ARM.Collect$$libinit$$0000000A))

<P><STRONG><a name="[177]"></a>__rt_lib_init_lc_collate_1</STRONG> (Thumb, 0 bytes, Stack size unknown bytes, libinit2.o(.ARM.Collect$$libinit$$00000011))

<P><STRONG><a name="[178]"></a>__rt_lib_init_lc_ctype_1</STRONG> (Thumb, 0 bytes, Stack size unknown bytes, libinit2.o(.ARM.Collect$$libinit$$00000013))

<P><STRONG><a name="[179]"></a>__rt_lib_init_lc_monetary_1</STRONG> (Thumb, 0 bytes, Stack size unknown bytes, libinit2.o(.ARM.Collect$$libinit$$00000015))

<P><STRONG><a name="[17a]"></a>__rt_lib_init_lc_numeric_1</STRONG> (Thumb, 0 bytes, Stack size unknown bytes, libinit2.o(.ARM.Collect$$libinit$$00000017))

<P><STRONG><a name="[17b]"></a>__rt_lib_init_lc_time_1</STRONG> (Thumb, 0 bytes, Stack size unknown bytes, libinit2.o(.ARM.Collect$$libinit$$00000019))

<P><STRONG><a name="[17c]"></a>__rt_lib_init_preinit_1</STRONG> (Thumb, 0 bytes, Stack size unknown bytes, libinit2.o(.ARM.Collect$$libinit$$00000004))

<P><STRONG><a name="[17d]"></a>__rt_lib_init_rand_1</STRONG> (Thumb, 0 bytes, Stack size unknown bytes, libinit2.o(.ARM.Collect$$libinit$$0000000E))

<P><STRONG><a name="[17e]"></a>__rt_lib_init_return</STRONG> (Thumb, 0 bytes, Stack size unknown bytes, libinit2.o(.ARM.Collect$$libinit$$00000033))

<P><STRONG><a name="[17f]"></a>__rt_lib_init_signal_1</STRONG> (Thumb, 0 bytes, Stack size unknown bytes, libinit2.o(.ARM.Collect$$libinit$$0000001D))

<P><STRONG><a name="[180]"></a>__rt_lib_init_stdio_1</STRONG> (Thumb, 0 bytes, Stack size unknown bytes, libinit2.o(.ARM.Collect$$libinit$$00000025))

<P><STRONG><a name="[181]"></a>__rt_lib_init_user_alloc_1</STRONG> (Thumb, 0 bytes, Stack size unknown bytes, libinit2.o(.ARM.Collect$$libinit$$0000000C))

<P><STRONG><a name="[84]"></a>__rt_lib_shutdown</STRONG> (Thumb, 0 bytes, Stack size unknown bytes, libshutdown.o(.ARM.Collect$$libshutdown$$00000000))
<BR><BR>[Called By]<UL><LI><a href="#[83]">&gt;&gt;</a>&nbsp;&nbsp;&nbsp;__rt_exit_ls
</UL>

<P><STRONG><a name="[182]"></a>__rt_lib_shutdown_cpp_1</STRONG> (Thumb, 0 bytes, Stack size unknown bytes, libshutdown2.o(.ARM.Collect$$libshutdown$$00000004))

<P><STRONG><a name="[183]"></a>__rt_lib_shutdown_fini_1</STRONG> (Thumb, 0 bytes, Stack size unknown bytes, libshutdown2.o(.ARM.Collect$$libshutdown$$00000002))

<P><STRONG><a name="[184]"></a>__rt_lib_shutdown_fp_trap_1</STRONG> (Thumb, 0 bytes, Stack size unknown bytes, libshutdown2.o(.ARM.Collect$$libshutdown$$00000009))

<P><STRONG><a name="[185]"></a>__rt_lib_shutdown_heap_1</STRONG> (Thumb, 0 bytes, Stack size unknown bytes, libshutdown2.o(.ARM.Collect$$libshutdown$$00000011))

<P><STRONG><a name="[186]"></a>__rt_lib_shutdown_return</STRONG> (Thumb, 0 bytes, Stack size unknown bytes, libshutdown2.o(.ARM.Collect$$libshutdown$$00000012))

<P><STRONG><a name="[187]"></a>__rt_lib_shutdown_signal_1</STRONG> (Thumb, 0 bytes, Stack size unknown bytes, libshutdown2.o(.ARM.Collect$$libshutdown$$0000000C))

<P><STRONG><a name="[188]"></a>__rt_lib_shutdown_stdio_1</STRONG> (Thumb, 0 bytes, Stack size unknown bytes, libshutdown2.o(.ARM.Collect$$libshutdown$$00000006))

<P><STRONG><a name="[189]"></a>__rt_lib_shutdown_user_alloc_1</STRONG> (Thumb, 0 bytes, Stack size unknown bytes, libshutdown2.o(.ARM.Collect$$libshutdown$$0000000E))

<P><STRONG><a name="[75]"></a>__rt_entry</STRONG> (Thumb, 0 bytes, Stack size unknown bytes, __rtentry.o(.ARM.Collect$$rtentry$$00000000))
<BR><BR>[Called By]<UL><LI><a href="#[73]">&gt;&gt;</a>&nbsp;&nbsp;&nbsp;__main
<LI><a href="#[76]">&gt;&gt;</a>&nbsp;&nbsp;&nbsp;__scatterload_rt2
</UL>

<P><STRONG><a name="[18a]"></a>__rt_entry_presh_1</STRONG> (Thumb, 0 bytes, Stack size unknown bytes, __rtentry2.o(.ARM.Collect$$rtentry$$00000002))

<P><STRONG><a name="[7c]"></a>__rt_entry_sh</STRONG> (Thumb, 0 bytes, Stack size unknown bytes, __rtentry4.o(.ARM.Collect$$rtentry$$00000004))
<BR><BR>[Stack]<UL><LI>Max Depth = 8 + Unknown Stack Size
<LI>Call Chain = __rt_entry_sh &rArr; __user_setup_stackheap
</UL>
<BR>[Calls]<UL><LI><a href="#[7d]">&gt;&gt;</a>&nbsp;&nbsp;&nbsp;__user_setup_stackheap
</UL>

<P><STRONG><a name="[7e]"></a>__rt_entry_li</STRONG> (Thumb, 0 bytes, Stack size unknown bytes, __rtentry2.o(.ARM.Collect$$rtentry$$0000000A))
<BR><BR>[Calls]<UL><LI><a href="#[7f]">&gt;&gt;</a>&nbsp;&nbsp;&nbsp;__rt_lib_init
</UL>

<P><STRONG><a name="[18b]"></a>__rt_entry_postsh_1</STRONG> (Thumb, 0 bytes, Stack size unknown bytes, __rtentry2.o(.ARM.Collect$$rtentry$$00000009))

<P><STRONG><a name="[80]"></a>__rt_entry_main</STRONG> (Thumb, 0 bytes, Stack size unknown bytes, __rtentry2.o(.ARM.Collect$$rtentry$$0000000D))
<BR><BR>[Stack]<UL><LI>Max Depth = 328 + Unknown Stack Size
<LI>Call Chain = __rt_entry_main &rArr; main &rArr; ESP8266_Init &rArr; ESP8266_Config &rArr; ESP8266_SendCmd &rArr; USART2_SendBuffer &rArr; USART2_SendByte
</UL>
<BR>[Calls]<UL><LI><a href="#[81]">&gt;&gt;</a>&nbsp;&nbsp;&nbsp;main
<LI><a href="#[82]">&gt;&gt;</a>&nbsp;&nbsp;&nbsp;exit
</UL>

<P><STRONG><a name="[18c]"></a>__rt_entry_postli_1</STRONG> (Thumb, 0 bytes, Stack size unknown bytes, __rtentry2.o(.ARM.Collect$$rtentry$$0000000C))

<P><STRONG><a name="[9e]"></a>__rt_exit</STRONG> (Thumb, 0 bytes, Stack size unknown bytes, rtexit.o(.ARM.Collect$$rtexit$$00000000))
<BR><BR>[Called By]<UL><LI><a href="#[82]">&gt;&gt;</a>&nbsp;&nbsp;&nbsp;exit
</UL>

<P><STRONG><a name="[83]"></a>__rt_exit_ls</STRONG> (Thumb, 0 bytes, Stack size unknown bytes, rtexit2.o(.ARM.Collect$$rtexit$$00000003))
<BR><BR>[Calls]<UL><LI><a href="#[84]">&gt;&gt;</a>&nbsp;&nbsp;&nbsp;__rt_lib_shutdown
</UL>

<P><STRONG><a name="[18d]"></a>__rt_exit_prels_1</STRONG> (Thumb, 0 bytes, Stack size unknown bytes, rtexit2.o(.ARM.Collect$$rtexit$$00000002))

<P><STRONG><a name="[85]"></a>__rt_exit_exit</STRONG> (Thumb, 0 bytes, Stack size unknown bytes, rtexit2.o(.ARM.Collect$$rtexit$$00000004))
<BR><BR>[Calls]<UL><LI><a href="#[86]">&gt;&gt;</a>&nbsp;&nbsp;&nbsp;_sys_exit
</UL>

<P><STRONG><a name="[4]"></a>Reset_Handler</STRONG> (Thumb, 8 bytes, Stack size 0 bytes, startup_stm32f10x_hd.o(.text))
<BR>[Address Reference Count : 1]<UL><LI> startup_stm32f10x_hd.o(RESET)
</UL>
<P><STRONG><a name="[20]"></a>ADC1_2_IRQHandler</STRONG> (Thumb, 0 bytes, Stack size 0 bytes, startup_stm32f10x_hd.o(.text))
<BR><BR>[Calls]<UL><LI><a href="#[20]">&gt;&gt;</a>&nbsp;&nbsp;&nbsp;ADC1_2_IRQHandler
</UL>
<BR>[Called By]<UL><LI><a href="#[20]">&gt;&gt;</a>&nbsp;&nbsp;&nbsp;ADC1_2_IRQHandler
</UL>
<BR>[Address Reference Count : 1]<UL><LI> startup_stm32f10x_hd.o(RESET)
</UL>
<P><STRONG><a name="[3d]"></a>ADC3_IRQHandler</STRONG> (Thumb, 0 bytes, Stack size 0 bytes, startup_stm32f10x_hd.o(.text))
<BR>[Address Reference Count : 1]<UL><LI> startup_stm32f10x_hd.o(RESET)
</UL>
<P><STRONG><a name="[23]"></a>CAN1_RX1_IRQHandler</STRONG> (Thumb, 0 bytes, Stack size 0 bytes, startup_stm32f10x_hd.o(.text))
<BR>[Address Reference Count : 1]<UL><LI> startup_stm32f10x_hd.o(RESET)
</UL>
<P><STRONG><a name="[24]"></a>CAN1_SCE_IRQHandler</STRONG> (Thumb, 0 bytes, Stack size 0 bytes, startup_stm32f10x_hd.o(.text))
<BR>[Address Reference Count : 1]<UL><LI> startup_stm32f10x_hd.o(RESET)
</UL>
<P><STRONG><a name="[19]"></a>DMA1_Channel1_IRQHandler</STRONG> (Thumb, 0 bytes, Stack size 0 bytes, startup_stm32f10x_hd.o(.text))
<BR>[Address Reference Count : 1]<UL><LI> startup_stm32f10x_hd.o(RESET)
</UL>
<P><STRONG><a name="[1a]"></a>DMA1_Channel2_IRQHandler</STRONG> (Thumb, 0 bytes, Stack size 0 bytes, startup_stm32f10x_hd.o(.text))
<BR>[Address Reference Count : 1]<UL><LI> startup_stm32f10x_hd.o(RESET)
</UL>
<P><STRONG><a name="[1b]"></a>DMA1_Channel3_IRQHandler</STRONG> (Thumb, 0 bytes, Stack size 0 bytes, startup_stm32f10x_hd.o(.text))
<BR>[Address Reference Count : 1]<UL><LI> startup_stm32f10x_hd.o(RESET)
</UL>
<P><STRONG><a name="[1c]"></a>DMA1_Channel4_IRQHandler</STRONG> (Thumb, 0 bytes, Stack size 0 bytes, startup_stm32f10x_hd.o(.text))
<BR>[Address Reference Count : 1]<UL><LI> startup_stm32f10x_hd.o(RESET)
</UL>
<P><STRONG><a name="[1d]"></a>DMA1_Channel5_IRQHandler</STRONG> (Thumb, 0 bytes, Stack size 0 bytes, startup_stm32f10x_hd.o(.text))
<BR>[Address Reference Count : 1]<UL><LI> startup_stm32f10x_hd.o(RESET)
</UL>
<P><STRONG><a name="[1e]"></a>DMA1_Channel6_IRQHandler</STRONG> (Thumb, 0 bytes, Stack size 0 bytes, startup_stm32f10x_hd.o(.text))
<BR>[Address Reference Count : 1]<UL><LI> startup_stm32f10x_hd.o(RESET)
</UL>
<P><STRONG><a name="[1f]"></a>DMA1_Channel7_IRQHandler</STRONG> (Thumb, 0 bytes, Stack size 0 bytes, startup_stm32f10x_hd.o(.text))
<BR>[Address Reference Count : 1]<UL><LI> startup_stm32f10x_hd.o(RESET)
</UL>
<P><STRONG><a name="[46]"></a>DMA2_Channel1_IRQHandler</STRONG> (Thumb, 0 bytes, Stack size 0 bytes, startup_stm32f10x_hd.o(.text))
<BR>[Address Reference Count : 1]<UL><LI> startup_stm32f10x_hd.o(RESET)
</UL>
<P><STRONG><a name="[47]"></a>DMA2_Channel2_IRQHandler</STRONG> (Thumb, 0 bytes, Stack size 0 bytes, startup_stm32f10x_hd.o(.text))
<BR>[Address Reference Count : 1]<UL><LI> startup_stm32f10x_hd.o(RESET)
</UL>
<P><STRONG><a name="[48]"></a>DMA2_Channel3_IRQHandler</STRONG> (Thumb, 0 bytes, Stack size 0 bytes, startup_stm32f10x_hd.o(.text))
<BR>[Address Reference Count : 1]<UL><LI> startup_stm32f10x_hd.o(RESET)
</UL>
<P><STRONG><a name="[49]"></a>DMA2_Channel4_5_IRQHandler</STRONG> (Thumb, 0 bytes, Stack size 0 bytes, startup_stm32f10x_hd.o(.text))
<BR>[Address Reference Count : 1]<UL><LI> startup_stm32f10x_hd.o(RESET)
</UL>
<P><STRONG><a name="[14]"></a>EXTI0_IRQHandler</STRONG> (Thumb, 0 bytes, Stack size 0 bytes, startup_stm32f10x_hd.o(.text))
<BR>[Address Reference Count : 1]<UL><LI> startup_stm32f10x_hd.o(RESET)
</UL>
<P><STRONG><a name="[36]"></a>EXTI15_10_IRQHandler</STRONG> (Thumb, 0 bytes, Stack size 0 bytes, startup_stm32f10x_hd.o(.text))
<BR>[Address Reference Count : 1]<UL><LI> startup_stm32f10x_hd.o(RESET)
</UL>
<P><STRONG><a name="[15]"></a>EXTI1_IRQHandler</STRONG> (Thumb, 0 bytes, Stack size 0 bytes, startup_stm32f10x_hd.o(.text))
<BR>[Address Reference Count : 1]<UL><LI> startup_stm32f10x_hd.o(RESET)
</UL>
<P><STRONG><a name="[16]"></a>EXTI2_IRQHandler</STRONG> (Thumb, 0 bytes, Stack size 0 bytes, startup_stm32f10x_hd.o(.text))
<BR>[Address Reference Count : 1]<UL><LI> startup_stm32f10x_hd.o(RESET)
</UL>
<P><STRONG><a name="[17]"></a>EXTI3_IRQHandler</STRONG> (Thumb, 0 bytes, Stack size 0 bytes, startup_stm32f10x_hd.o(.text))
<BR>[Address Reference Count : 1]<UL><LI> startup_stm32f10x_hd.o(RESET)
</UL>
<P><STRONG><a name="[18]"></a>EXTI4_IRQHandler</STRONG> (Thumb, 0 bytes, Stack size 0 bytes, startup_stm32f10x_hd.o(.text))
<BR>[Address Reference Count : 1]<UL><LI> startup_stm32f10x_hd.o(RESET)
</UL>
<P><STRONG><a name="[25]"></a>EXTI9_5_IRQHandler</STRONG> (Thumb, 0 bytes, Stack size 0 bytes, startup_stm32f10x_hd.o(.text))
<BR>[Address Reference Count : 1]<UL><LI> startup_stm32f10x_hd.o(RESET)
</UL>
<P><STRONG><a name="[12]"></a>FLASH_IRQHandler</STRONG> (Thumb, 0 bytes, Stack size 0 bytes, startup_stm32f10x_hd.o(.text))
<BR>[Address Reference Count : 1]<UL><LI> startup_stm32f10x_hd.o(RESET)
</UL>
<P><STRONG><a name="[3e]"></a>FSMC_IRQHandler</STRONG> (Thumb, 0 bytes, Stack size 0 bytes, startup_stm32f10x_hd.o(.text))
<BR>[Address Reference Count : 1]<UL><LI> startup_stm32f10x_hd.o(RESET)
</UL>
<P><STRONG><a name="[2e]"></a>I2C1_ER_IRQHandler</STRONG> (Thumb, 0 bytes, Stack size 0 bytes, startup_stm32f10x_hd.o(.text))
<BR>[Address Reference Count : 1]<UL><LI> startup_stm32f10x_hd.o(RESET)
</UL>
<P><STRONG><a name="[2d]"></a>I2C1_EV_IRQHandler</STRONG> (Thumb, 0 bytes, Stack size 0 bytes, startup_stm32f10x_hd.o(.text))
<BR>[Address Reference Count : 1]<UL><LI> startup_stm32f10x_hd.o(RESET)
</UL>
<P><STRONG><a name="[30]"></a>I2C2_ER_IRQHandler</STRONG> (Thumb, 0 bytes, Stack size 0 bytes, startup_stm32f10x_hd.o(.text))
<BR>[Address Reference Count : 1]<UL><LI> startup_stm32f10x_hd.o(RESET)
</UL>
<P><STRONG><a name="[2f]"></a>I2C2_EV_IRQHandler</STRONG> (Thumb, 0 bytes, Stack size 0 bytes, startup_stm32f10x_hd.o(.text))
<BR>[Address Reference Count : 1]<UL><LI> startup_stm32f10x_hd.o(RESET)
</UL>
<P><STRONG><a name="[f]"></a>PVD_IRQHandler</STRONG> (Thumb, 0 bytes, Stack size 0 bytes, startup_stm32f10x_hd.o(.text))
<BR>[Address Reference Count : 1]<UL><LI> startup_stm32f10x_hd.o(RESET)
</UL>
<P><STRONG><a name="[13]"></a>RCC_IRQHandler</STRONG> (Thumb, 0 bytes, Stack size 0 bytes, startup_stm32f10x_hd.o(.text))
<BR>[Address Reference Count : 1]<UL><LI> startup_stm32f10x_hd.o(RESET)
</UL>
<P><STRONG><a name="[37]"></a>RTCAlarm_IRQHandler</STRONG> (Thumb, 0 bytes, Stack size 0 bytes, startup_stm32f10x_hd.o(.text))
<BR>[Address Reference Count : 1]<UL><LI> startup_stm32f10x_hd.o(RESET)
</UL>
<P><STRONG><a name="[11]"></a>RTC_IRQHandler</STRONG> (Thumb, 0 bytes, Stack size 0 bytes, startup_stm32f10x_hd.o(.text))
<BR>[Address Reference Count : 1]<UL><LI> startup_stm32f10x_hd.o(RESET)
</UL>
<P><STRONG><a name="[3f]"></a>SDIO_IRQHandler</STRONG> (Thumb, 0 bytes, Stack size 0 bytes, startup_stm32f10x_hd.o(.text))
<BR>[Address Reference Count : 1]<UL><LI> startup_stm32f10x_hd.o(RESET)
</UL>
<P><STRONG><a name="[31]"></a>SPI1_IRQHandler</STRONG> (Thumb, 0 bytes, Stack size 0 bytes, startup_stm32f10x_hd.o(.text))
<BR>[Address Reference Count : 1]<UL><LI> startup_stm32f10x_hd.o(RESET)
</UL>
<P><STRONG><a name="[32]"></a>SPI2_IRQHandler</STRONG> (Thumb, 0 bytes, Stack size 0 bytes, startup_stm32f10x_hd.o(.text))
<BR>[Address Reference Count : 1]<UL><LI> startup_stm32f10x_hd.o(RESET)
</UL>
<P><STRONG><a name="[41]"></a>SPI3_IRQHandler</STRONG> (Thumb, 0 bytes, Stack size 0 bytes, startup_stm32f10x_hd.o(.text))
<BR>[Address Reference Count : 1]<UL><LI> startup_stm32f10x_hd.o(RESET)
</UL>
<P><STRONG><a name="[10]"></a>TAMPER_IRQHandler</STRONG> (Thumb, 0 bytes, Stack size 0 bytes, startup_stm32f10x_hd.o(.text))
<BR>[Address Reference Count : 1]<UL><LI> startup_stm32f10x_hd.o(RESET)
</UL>
<P><STRONG><a name="[26]"></a>TIM1_BRK_IRQHandler</STRONG> (Thumb, 0 bytes, Stack size 0 bytes, startup_stm32f10x_hd.o(.text))
<BR>[Address Reference Count : 1]<UL><LI> startup_stm32f10x_hd.o(RESET)
</UL>
<P><STRONG><a name="[29]"></a>TIM1_CC_IRQHandler</STRONG> (Thumb, 0 bytes, Stack size 0 bytes, startup_stm32f10x_hd.o(.text))
<BR>[Address Reference Count : 1]<UL><LI> startup_stm32f10x_hd.o(RESET)
</UL>
<P><STRONG><a name="[28]"></a>TIM1_TRG_COM_IRQHandler</STRONG> (Thumb, 0 bytes, Stack size 0 bytes, startup_stm32f10x_hd.o(.text))
<BR>[Address Reference Count : 1]<UL><LI> startup_stm32f10x_hd.o(RESET)
</UL>
<P><STRONG><a name="[27]"></a>TIM1_UP_IRQHandler</STRONG> (Thumb, 0 bytes, Stack size 0 bytes, startup_stm32f10x_hd.o(.text))
<BR>[Address Reference Count : 1]<UL><LI> startup_stm32f10x_hd.o(RESET)
</UL>
<P><STRONG><a name="[2a]"></a>TIM2_IRQHandler</STRONG> (Thumb, 0 bytes, Stack size 0 bytes, startup_stm32f10x_hd.o(.text))
<BR>[Address Reference Count : 1]<UL><LI> startup_stm32f10x_hd.o(RESET)
</UL>
<P><STRONG><a name="[2b]"></a>TIM3_IRQHandler</STRONG> (Thumb, 0 bytes, Stack size 0 bytes, startup_stm32f10x_hd.o(.text))
<BR>[Address Reference Count : 1]<UL><LI> startup_stm32f10x_hd.o(RESET)
</UL>
<P><STRONG><a name="[2c]"></a>TIM4_IRQHandler</STRONG> (Thumb, 0 bytes, Stack size 0 bytes, startup_stm32f10x_hd.o(.text))
<BR>[Address Reference Count : 1]<UL><LI> startup_stm32f10x_hd.o(RESET)
</UL>
<P><STRONG><a name="[40]"></a>TIM5_IRQHandler</STRONG> (Thumb, 0 bytes, Stack size 0 bytes, startup_stm32f10x_hd.o(.text))
<BR>[Address Reference Count : 1]<UL><LI> startup_stm32f10x_hd.o(RESET)
</UL>
<P><STRONG><a name="[44]"></a>TIM6_IRQHandler</STRONG> (Thumb, 0 bytes, Stack size 0 bytes, startup_stm32f10x_hd.o(.text))
<BR>[Address Reference Count : 1]<UL><LI> startup_stm32f10x_hd.o(RESET)
</UL>
<P><STRONG><a name="[45]"></a>TIM7_IRQHandler</STRONG> (Thumb, 0 bytes, Stack size 0 bytes, startup_stm32f10x_hd.o(.text))
<BR>[Address Reference Count : 1]<UL><LI> startup_stm32f10x_hd.o(RESET)
</UL>
<P><STRONG><a name="[39]"></a>TIM8_BRK_IRQHandler</STRONG> (Thumb, 0 bytes, Stack size 0 bytes, startup_stm32f10x_hd.o(.text))
<BR>[Address Reference Count : 1]<UL><LI> startup_stm32f10x_hd.o(RESET)
</UL>
<P><STRONG><a name="[3c]"></a>TIM8_CC_IRQHandler</STRONG> (Thumb, 0 bytes, Stack size 0 bytes, startup_stm32f10x_hd.o(.text))
<BR>[Address Reference Count : 1]<UL><LI> startup_stm32f10x_hd.o(RESET)
</UL>
<P><STRONG><a name="[3b]"></a>TIM8_TRG_COM_IRQHandler</STRONG> (Thumb, 0 bytes, Stack size 0 bytes, startup_stm32f10x_hd.o(.text))
<BR>[Address Reference Count : 1]<UL><LI> startup_stm32f10x_hd.o(RESET)
</UL>
<P><STRONG><a name="[3a]"></a>TIM8_UP_IRQHandler</STRONG> (Thumb, 0 bytes, Stack size 0 bytes, startup_stm32f10x_hd.o(.text))
<BR>[Address Reference Count : 1]<UL><LI> startup_stm32f10x_hd.o(RESET)
</UL>
<P><STRONG><a name="[42]"></a>UART4_IRQHandler</STRONG> (Thumb, 0 bytes, Stack size 0 bytes, startup_stm32f10x_hd.o(.text))
<BR>[Address Reference Count : 1]<UL><LI> startup_stm32f10x_hd.o(RESET)
</UL>
<P><STRONG><a name="[43]"></a>UART5_IRQHandler</STRONG> (Thumb, 0 bytes, Stack size 0 bytes, startup_stm32f10x_hd.o(.text))
<BR>[Address Reference Count : 1]<UL><LI> startup_stm32f10x_hd.o(RESET)
</UL>
<P><STRONG><a name="[35]"></a>USART3_IRQHandler</STRONG> (Thumb, 0 bytes, Stack size 0 bytes, startup_stm32f10x_hd.o(.text))
<BR>[Address Reference Count : 1]<UL><LI> startup_stm32f10x_hd.o(RESET)
</UL>
<P><STRONG><a name="[38]"></a>USBWakeUp_IRQHandler</STRONG> (Thumb, 0 bytes, Stack size 0 bytes, startup_stm32f10x_hd.o(.text))
<BR>[Address Reference Count : 1]<UL><LI> startup_stm32f10x_hd.o(RESET)
</UL>
<P><STRONG><a name="[21]"></a>USB_HP_CAN1_TX_IRQHandler</STRONG> (Thumb, 0 bytes, Stack size 0 bytes, startup_stm32f10x_hd.o(.text))
<BR>[Address Reference Count : 1]<UL><LI> startup_stm32f10x_hd.o(RESET)
</UL>
<P><STRONG><a name="[22]"></a>USB_LP_CAN1_RX0_IRQHandler</STRONG> (Thumb, 0 bytes, Stack size 0 bytes, startup_stm32f10x_hd.o(.text))
<BR>[Address Reference Count : 1]<UL><LI> startup_stm32f10x_hd.o(RESET)
</UL>
<P><STRONG><a name="[e]"></a>WWDG_IRQHandler</STRONG> (Thumb, 0 bytes, Stack size 0 bytes, startup_stm32f10x_hd.o(.text))
<BR>[Address Reference Count : 1]<UL><LI> startup_stm32f10x_hd.o(RESET)
</UL>
<P><STRONG><a name="[9d]"></a>__user_initial_stackheap</STRONG> (Thumb, 0 bytes, Stack size unknown bytes, startup_stm32f10x_hd.o(.text))
<BR><BR>[Called By]<UL><LI><a href="#[7d]">&gt;&gt;</a>&nbsp;&nbsp;&nbsp;__user_setup_stackheap
</UL>

<P><STRONG><a name="[b5]"></a>__aeabi_ldivmod</STRONG> (Thumb, 0 bytes, Stack size 8 bytes, llsdiv.o(.text))
<BR><BR>[Stack]<UL><LI>Max Depth = 8<LI>Call Chain = __aeabi_ldivmod
</UL>
<BR>[Called By]<UL><LI><a href="#[b4]">&gt;&gt;</a>&nbsp;&nbsp;&nbsp;App_Action_MoveTo
</UL>

<P><STRONG><a name="[87]"></a>_ll_sdiv</STRONG> (Thumb, 72 bytes, Stack size 8 bytes, llsdiv.o(.text), UNUSED)
<BR><BR>[Calls]<UL><LI><a href="#[88]">&gt;&gt;</a>&nbsp;&nbsp;&nbsp;__aeabi_uldivmod
</UL>

<P><STRONG><a name="[89]"></a>__2sprintf</STRONG> (Thumb, 34 bytes, Stack size 32 bytes, noretval__2sprintf.o(.text))
<BR><BR>[Stack]<UL><LI>Max Depth = 128 + Unknown Stack Size
<LI>Call Chain = __2sprintf &rArr; _printf_char_common &rArr; __printf
</UL>
<BR>[Calls]<UL><LI><a href="#[4c]">&gt;&gt;</a>&nbsp;&nbsp;&nbsp;_sputc
<LI><a href="#[8a]">&gt;&gt;</a>&nbsp;&nbsp;&nbsp;_printf_char_common
</UL>
<BR>[Called By]<UL><LI><a href="#[e3]">&gt;&gt;</a>&nbsp;&nbsp;&nbsp;ESP8266_Config
<LI><a href="#[d4]">&gt;&gt;</a>&nbsp;&nbsp;&nbsp;App_Tick
</UL>

<P><STRONG><a name="[8c]"></a>_printf_pre_padding</STRONG> (Thumb, 44 bytes, Stack size 16 bytes, _printf_pad.o(.text))
<BR><BR>[Stack]<UL><LI>Max Depth = 16<LI>Call Chain = _printf_pre_padding
</UL>
<BR>[Called By]<UL><LI><a href="#[8e]">&gt;&gt;</a>&nbsp;&nbsp;&nbsp;_printf_int_common
<LI><a href="#[8b]">&gt;&gt;</a>&nbsp;&nbsp;&nbsp;_printf_str
</UL>

<P><STRONG><a name="[8d]"></a>_printf_post_padding</STRONG> (Thumb, 34 bytes, Stack size 16 bytes, _printf_pad.o(.text))
<BR><BR>[Stack]<UL><LI>Max Depth = 16<LI>Call Chain = _printf_post_padding
</UL>
<BR>[Called By]<UL><LI><a href="#[8e]">&gt;&gt;</a>&nbsp;&nbsp;&nbsp;_printf_int_common
<LI><a href="#[8b]">&gt;&gt;</a>&nbsp;&nbsp;&nbsp;_printf_str
</UL>

<P><STRONG><a name="[8b]"></a>_printf_str</STRONG> (Thumb, 82 bytes, Stack size 16 bytes, _printf_str.o(.text))
<BR><BR>[Stack]<UL><LI>Max Depth = 32<LI>Call Chain = _printf_str &rArr; _printf_post_padding
</UL>
<BR>[Calls]<UL><LI><a href="#[8d]">&gt;&gt;</a>&nbsp;&nbsp;&nbsp;_printf_post_padding
<LI><a href="#[8c]">&gt;&gt;</a>&nbsp;&nbsp;&nbsp;_printf_pre_padding
</UL>
<BR>[Called By]<UL><LI><a href="#[9a]">&gt;&gt;</a>&nbsp;&nbsp;&nbsp;_printf_cs_common
</UL>

<P><STRONG><a name="[79]"></a>_printf_int_dec</STRONG> (Thumb, 104 bytes, Stack size 24 bytes, _printf_dec.o(.text))
<BR><BR>[Stack]<UL><LI>Max Depth = 72<LI>Call Chain = _printf_int_dec &rArr; _printf_int_common &rArr; _printf_post_padding
</UL>
<BR>[Calls]<UL><LI><a href="#[8e]">&gt;&gt;</a>&nbsp;&nbsp;&nbsp;_printf_int_common
</UL>
<BR>[Called By]<UL><LI><a href="#[78]">&gt;&gt;</a>&nbsp;&nbsp;&nbsp;_printf_d
</UL>

<P><STRONG><a name="[8f]"></a>__printf</STRONG> (Thumb, 352 bytes, Stack size 32 bytes, __printf_ss_wp.o(.text))
<BR><BR>[Stack]<UL><LI>Max Depth = 32 + Unknown Stack Size
<LI>Call Chain = __printf
</UL>
<BR>[Calls]<UL><LI><a href="#[91]">&gt;&gt;</a>&nbsp;&nbsp;&nbsp;_printf_percent
<LI><a href="#[90]">&gt;&gt;</a>&nbsp;&nbsp;&nbsp;_is_digit
</UL>
<BR>[Called By]<UL><LI><a href="#[8a]">&gt;&gt;</a>&nbsp;&nbsp;&nbsp;_printf_char_common
</UL>

<P><STRONG><a name="[ed]"></a>strstr</STRONG> (Thumb, 36 bytes, Stack size 12 bytes, strstr.o(.text))
<BR><BR>[Stack]<UL><LI>Max Depth = 12<LI>Call Chain = strstr
</UL>
<BR>[Called By]<UL><LI><a href="#[e6]">&gt;&gt;</a>&nbsp;&nbsp;&nbsp;ESP8266_SendCmd
</UL>

<P><STRONG><a name="[eb]"></a>strlen</STRONG> (Thumb, 62 bytes, Stack size 8 bytes, strlen.o(.text))
<BR><BR>[Stack]<UL><LI>Max Depth = 8<LI>Call Chain = strlen
</UL>
<BR>[Called By]<UL><LI><a href="#[e6]">&gt;&gt;</a>&nbsp;&nbsp;&nbsp;ESP8266_SendCmd
</UL>

<P><STRONG><a name="[d5]"></a>__aeabi_memcpy</STRONG> (Thumb, 0 bytes, Stack size 0 bytes, rt_memcpy_v6.o(.text))
<BR><BR>[Called By]<UL><LI><a href="#[b2]">&gt;&gt;</a>&nbsp;&nbsp;&nbsp;Protocol_PackAndSend
<LI><a href="#[12e]">&gt;&gt;</a>&nbsp;&nbsp;&nbsp;Protocol_Emm_Process
<LI><a href="#[d4]">&gt;&gt;</a>&nbsp;&nbsp;&nbsp;App_Tick
<LI><a href="#[71]">&gt;&gt;</a>&nbsp;&nbsp;&nbsp;Handle_Query_StepStat
<LI><a href="#[6c]">&gt;&gt;</a>&nbsp;&nbsp;&nbsp;Handle_Query_MpuRaw
<LI><a href="#[da]">&gt;&gt;</a>&nbsp;&nbsp;&nbsp;MsgQueue_Enqueue
<LI><a href="#[dc]">&gt;&gt;</a>&nbsp;&nbsp;&nbsp;MsgQueue_Dequeue
</UL>

<P><STRONG><a name="[92]"></a>__rt_memcpy</STRONG> (Thumb, 138 bytes, Stack size 0 bytes, rt_memcpy_v6.o(.text), UNUSED)
<BR><BR>[Calls]<UL><LI><a href="#[93]">&gt;&gt;</a>&nbsp;&nbsp;&nbsp;__aeabi_memcpy4
</UL>

<P><STRONG><a name="[18e]"></a>_memcpy_lastbytes</STRONG> (Thumb, 0 bytes, Stack size unknown bytes, rt_memcpy_v6.o(.text), UNUSED)

<P><STRONG><a name="[93]"></a>__aeabi_memcpy4</STRONG> (Thumb, 0 bytes, Stack size 8 bytes, rt_memcpy_w.o(.text))
<BR><BR>[Stack]<UL><LI>Max Depth = 8<LI>Call Chain = __aeabi_memcpy4
</UL>
<BR>[Called By]<UL><LI><a href="#[b6]">&gt;&gt;</a>&nbsp;&nbsp;&nbsp;App_Action_SetOrigin
<LI><a href="#[b4]">&gt;&gt;</a>&nbsp;&nbsp;&nbsp;App_Action_MoveTo
<LI><a href="#[94]">&gt;&gt;</a>&nbsp;&nbsp;&nbsp;__rt_memmove_w
<LI><a href="#[92]">&gt;&gt;</a>&nbsp;&nbsp;&nbsp;__rt_memcpy
</UL>

<P><STRONG><a name="[18f]"></a>__aeabi_memcpy8</STRONG> (Thumb, 0 bytes, Stack size 8 bytes, rt_memcpy_w.o(.text), UNUSED)

<P><STRONG><a name="[190]"></a>__rt_memcpy_w</STRONG> (Thumb, 100 bytes, Stack size 8 bytes, rt_memcpy_w.o(.text), UNUSED)

<P><STRONG><a name="[191]"></a>_memcpy_lastbytes_aligned</STRONG> (Thumb, 0 bytes, Stack size unknown bytes, rt_memcpy_w.o(.text), UNUSED)

<P><STRONG><a name="[ec]"></a>__aeabi_memmove4</STRONG> (Thumb, 0 bytes, Stack size 8 bytes, rt_memmove_w.o(.text))
<BR><BR>[Stack]<UL><LI>Max Depth = 8<LI>Call Chain = __aeabi_memmove4
</UL>
<BR>[Called By]<UL><LI><a href="#[e6]">&gt;&gt;</a>&nbsp;&nbsp;&nbsp;ESP8266_SendCmd
</UL>

<P><STRONG><a name="[192]"></a>__aeabi_memmove8</STRONG> (Thumb, 0 bytes, Stack size 8 bytes, rt_memmove_w.o(.text), UNUSED)

<P><STRONG><a name="[94]"></a>__rt_memmove_w</STRONG> (Thumb, 122 bytes, Stack size 8 bytes, rt_memmove_w.o(.text), UNUSED)
<BR><BR>[Calls]<UL><LI><a href="#[93]">&gt;&gt;</a>&nbsp;&nbsp;&nbsp;__aeabi_memcpy4
</UL>

<P><STRONG><a name="[193]"></a>__memmove_aligned</STRONG> (Thumb, 0 bytes, Stack size unknown bytes, rt_memmove_w.o(.text), UNUSED)

<P><STRONG><a name="[194]"></a>__memmove_lastfew_aligned</STRONG> (Thumb, 0 bytes, Stack size unknown bytes, rt_memmove_w.o(.text), UNUSED)

<P><STRONG><a name="[c1]"></a>__aeabi_memclr</STRONG> (Thumb, 0 bytes, Stack size 0 bytes, rt_memclr.o(.text))
<BR><BR>[Called By]<UL><LI><a href="#[bd]">&gt;&gt;</a>&nbsp;&nbsp;&nbsp;App_Motor_Init
</UL>

<P><STRONG><a name="[95]"></a>__rt_memclr</STRONG> (Thumb, 68 bytes, Stack size 0 bytes, rt_memclr.o(.text), UNUSED)
<BR><BR>[Calls]<UL><LI><a href="#[96]">&gt;&gt;</a>&nbsp;&nbsp;&nbsp;_memset_w
</UL>

<P><STRONG><a name="[195]"></a>_memset</STRONG> (Thumb, 0 bytes, Stack size unknown bytes, rt_memclr.o(.text), UNUSED)

<P><STRONG><a name="[e8]"></a>__aeabi_memclr4</STRONG> (Thumb, 0 bytes, Stack size 4 bytes, rt_memclr_w.o(.text))
<BR><BR>[Stack]<UL><LI>Max Depth = 4<LI>Call Chain = __aeabi_memclr4
</UL>
<BR>[Called By]<UL><LI><a href="#[f1]">&gt;&gt;</a>&nbsp;&nbsp;&nbsp;Emm_V5_Origin_Modify_Params
<LI><a href="#[e6]">&gt;&gt;</a>&nbsp;&nbsp;&nbsp;ESP8266_SendCmd
</UL>

<P><STRONG><a name="[196]"></a>__aeabi_memclr8</STRONG> (Thumb, 0 bytes, Stack size 4 bytes, rt_memclr_w.o(.text), UNUSED)

<P><STRONG><a name="[197]"></a>__rt_memclr_w</STRONG> (Thumb, 78 bytes, Stack size 4 bytes, rt_memclr_w.o(.text), UNUSED)

<P><STRONG><a name="[96]"></a>_memset_w</STRONG> (Thumb, 0 bytes, Stack size unknown bytes, rt_memclr_w.o(.text), UNUSED)
<BR><BR>[Called By]<UL><LI><a href="#[95]">&gt;&gt;</a>&nbsp;&nbsp;&nbsp;__rt_memclr
</UL>

<P><STRONG><a name="[198]"></a>__use_two_region_memory</STRONG> (Thumb, 2 bytes, Stack size 0 bytes, heapauxi.o(.text), UNUSED)

<P><STRONG><a name="[199]"></a>__rt_heap_escrow$2region</STRONG> (Thumb, 2 bytes, Stack size 0 bytes, heapauxi.o(.text), UNUSED)

<P><STRONG><a name="[19a]"></a>__rt_heap_expand$2region</STRONG> (Thumb, 2 bytes, Stack size 0 bytes, heapauxi.o(.text), UNUSED)

<P><STRONG><a name="[88]"></a>__aeabi_uldivmod</STRONG> (Thumb, 0 bytes, Stack size 48 bytes, lludivv7m.o(.text), UNUSED)
<BR><BR>[Called By]<UL><LI><a href="#[87]">&gt;&gt;</a>&nbsp;&nbsp;&nbsp;_ll_sdiv
</UL>

<P><STRONG><a name="[19b]"></a>_ll_udiv</STRONG> (Thumb, 238 bytes, Stack size 48 bytes, lludivv7m.o(.text), UNUSED)

<P><STRONG><a name="[97]"></a>__read_errno</STRONG> (Thumb, 10 bytes, Stack size 8 bytes, _rserrno.o(.text), UNUSED)
<BR><BR>[Calls]<UL><LI><a href="#[98]">&gt;&gt;</a>&nbsp;&nbsp;&nbsp;__aeabi_errno_addr
</UL>

<P><STRONG><a name="[99]"></a>__set_errno</STRONG> (Thumb, 12 bytes, Stack size 8 bytes, _rserrno.o(.text))
<BR><BR>[Stack]<UL><LI>Max Depth = 8<LI>Call Chain = __set_errno
</UL>
<BR>[Calls]<UL><LI><a href="#[98]">&gt;&gt;</a>&nbsp;&nbsp;&nbsp;__aeabi_errno_addr
</UL>
<BR>[Called By]<UL><LI><a href="#[114]">&gt;&gt;</a>&nbsp;&nbsp;&nbsp;sqrtf
<LI><a href="#[116]">&gt;&gt;</a>&nbsp;&nbsp;&nbsp;atan2f
<LI><a href="#[117]">&gt;&gt;</a>&nbsp;&nbsp;&nbsp;asinf
</UL>

<P><STRONG><a name="[8e]"></a>_printf_int_common</STRONG> (Thumb, 178 bytes, Stack size 32 bytes, _printf_intcommon.o(.text))
<BR><BR>[Stack]<UL><LI>Max Depth = 48<LI>Call Chain = _printf_int_common &rArr; _printf_post_padding
</UL>
<BR>[Calls]<UL><LI><a href="#[8d]">&gt;&gt;</a>&nbsp;&nbsp;&nbsp;_printf_post_padding
<LI><a href="#[8c]">&gt;&gt;</a>&nbsp;&nbsp;&nbsp;_printf_pre_padding
</UL>
<BR>[Called By]<UL><LI><a href="#[79]">&gt;&gt;</a>&nbsp;&nbsp;&nbsp;_printf_int_dec
</UL>

<P><STRONG><a name="[8a]"></a>_printf_char_common</STRONG> (Thumb, 32 bytes, Stack size 64 bytes, _printf_char_common.o(.text))
<BR><BR>[Stack]<UL><LI>Max Depth = 96 + Unknown Stack Size
<LI>Call Chain = _printf_char_common &rArr; __printf
</UL>
<BR>[Calls]<UL><LI><a href="#[8f]">&gt;&gt;</a>&nbsp;&nbsp;&nbsp;__printf
</UL>
<BR>[Called By]<UL><LI><a href="#[89]">&gt;&gt;</a>&nbsp;&nbsp;&nbsp;__2sprintf
</UL>

<P><STRONG><a name="[4c]"></a>_sputc</STRONG> (Thumb, 10 bytes, Stack size 0 bytes, _sputc.o(.text))
<BR><BR>[Called By]<UL><LI><a href="#[89]">&gt;&gt;</a>&nbsp;&nbsp;&nbsp;__2sprintf
</UL>
<BR>[Address Reference Count : 1]<UL><LI> noretval__2sprintf.o(.text)
</UL>
<P><STRONG><a name="[9a]"></a>_printf_cs_common</STRONG> (Thumb, 20 bytes, Stack size 8 bytes, _printf_char.o(.text))
<BR><BR>[Stack]<UL><LI>Max Depth = 40<LI>Call Chain = _printf_cs_common &rArr; _printf_str &rArr; _printf_post_padding
</UL>
<BR>[Calls]<UL><LI><a href="#[8b]">&gt;&gt;</a>&nbsp;&nbsp;&nbsp;_printf_str
</UL>
<BR>[Called By]<UL><LI><a href="#[7b]">&gt;&gt;</a>&nbsp;&nbsp;&nbsp;_printf_string
<LI><a href="#[9b]">&gt;&gt;</a>&nbsp;&nbsp;&nbsp;_printf_char
</UL>

<P><STRONG><a name="[9b]"></a>_printf_char</STRONG> (Thumb, 16 bytes, Stack size 0 bytes, _printf_char.o(.text), UNUSED)
<BR><BR>[Calls]<UL><LI><a href="#[9a]">&gt;&gt;</a>&nbsp;&nbsp;&nbsp;_printf_cs_common
</UL>

<P><STRONG><a name="[7b]"></a>_printf_string</STRONG> (Thumb, 8 bytes, Stack size 0 bytes, _printf_char.o(.text))
<BR><BR>[Stack]<UL><LI>Max Depth = 40<LI>Call Chain = _printf_string &rArr; _printf_cs_common &rArr; _printf_str &rArr; _printf_post_padding
</UL>
<BR>[Calls]<UL><LI><a href="#[9a]">&gt;&gt;</a>&nbsp;&nbsp;&nbsp;_printf_cs_common
</UL>
<BR>[Called By]<UL><LI><a href="#[7a]">&gt;&gt;</a>&nbsp;&nbsp;&nbsp;_printf_s
</UL>

<P><STRONG><a name="[98]"></a>__aeabi_errno_addr</STRONG> (Thumb, 8 bytes, Stack size 0 bytes, rt_errno_addr_intlibspace.o(.text))
<BR><BR>[Called By]<UL><LI><a href="#[99]">&gt;&gt;</a>&nbsp;&nbsp;&nbsp;__set_errno
<LI><a href="#[97]">&gt;&gt;</a>&nbsp;&nbsp;&nbsp;__read_errno
</UL>

<P><STRONG><a name="[19c]"></a>__errno$intlibspace</STRONG> (Thumb, 0 bytes, Stack size 0 bytes, rt_errno_addr_intlibspace.o(.text), UNUSED)

<P><STRONG><a name="[19d]"></a>__rt_errno_addr$intlibspace</STRONG> (Thumb, 0 bytes, Stack size 0 bytes, rt_errno_addr_intlibspace.o(.text), UNUSED)

<P><STRONG><a name="[19e]"></a>__user_libspace</STRONG> (Thumb, 8 bytes, Stack size 0 bytes, libspace.o(.text), UNUSED)

<P><STRONG><a name="[9c]"></a>__user_perproc_libspace</STRONG> (Thumb, 0 bytes, Stack size 0 bytes, libspace.o(.text))
<BR><BR>[Called By]<UL><LI><a href="#[7d]">&gt;&gt;</a>&nbsp;&nbsp;&nbsp;__user_setup_stackheap
</UL>

<P><STRONG><a name="[19f]"></a>__user_perthread_libspace</STRONG> (Thumb, 0 bytes, Stack size 0 bytes, libspace.o(.text), UNUSED)

<P><STRONG><a name="[7d]"></a>__user_setup_stackheap</STRONG> (Thumb, 74 bytes, Stack size 8 bytes, sys_stackheap_outer.o(.text))
<BR><BR>[Stack]<UL><LI>Max Depth = 8 + Unknown Stack Size
<LI>Call Chain = __user_setup_stackheap
</UL>
<BR>[Calls]<UL><LI><a href="#[9d]">&gt;&gt;</a>&nbsp;&nbsp;&nbsp;__user_initial_stackheap
<LI><a href="#[9c]">&gt;&gt;</a>&nbsp;&nbsp;&nbsp;__user_perproc_libspace
</UL>
<BR>[Called By]<UL><LI><a href="#[7c]">&gt;&gt;</a>&nbsp;&nbsp;&nbsp;__rt_entry_sh
</UL>

<P><STRONG><a name="[82]"></a>exit</STRONG> (Thumb, 18 bytes, Stack size 8 bytes, exit.o(.text))
<BR><BR>[Stack]<UL><LI>Max Depth = 8 + Unknown Stack Size
<LI>Call Chain = exit
</UL>
<BR>[Calls]<UL><LI><a href="#[9e]">&gt;&gt;</a>&nbsp;&nbsp;&nbsp;__rt_exit
</UL>
<BR>[Called By]<UL><LI><a href="#[80]">&gt;&gt;</a>&nbsp;&nbsp;&nbsp;__rt_entry_main
</UL>

<P><STRONG><a name="[86]"></a>_sys_exit</STRONG> (Thumb, 8 bytes, Stack size 0 bytes, sys_exit.o(.text))
<BR><BR>[Called By]<UL><LI><a href="#[85]">&gt;&gt;</a>&nbsp;&nbsp;&nbsp;__rt_exit_exit
</UL>

<P><STRONG><a name="[1a0]"></a>__I$use$semihosting</STRONG> (Thumb, 0 bytes, Stack size 0 bytes, use_no_semi.o(.text), UNUSED)

<P><STRONG><a name="[1a1]"></a>__use_no_semihosting_swi</STRONG> (Thumb, 2 bytes, Stack size 0 bytes, use_no_semi.o(.text), UNUSED)

<P><STRONG><a name="[1a2]"></a>__semihosting_library_function</STRONG> (Thumb, 0 bytes, Stack size unknown bytes, indicate_semi.o(.text), UNUSED)

<P><STRONG><a name="[9f]"></a>APP_IMU_GetPacketData</STRONG> (Thumb, 68 bytes, Stack size 16 bytes, app_imu.o(i.APP_IMU_GetPacketData))
<BR><BR>[Stack]<UL><LI>Max Depth = 32<LI>Call Chain = APP_IMU_GetPacketData &rArr; __aeabi_fmul
</UL>
<BR>[Calls]<UL><LI><a href="#[a0]">&gt;&gt;</a>&nbsp;&nbsp;&nbsp;__aeabi_fmul
<LI><a href="#[a1]">&gt;&gt;</a>&nbsp;&nbsp;&nbsp;__aeabi_f2iz
</UL>
<BR>[Called By]<UL><LI><a href="#[d4]">&gt;&gt;</a>&nbsp;&nbsp;&nbsp;App_Tick
<LI><a href="#[6b]">&gt;&gt;</a>&nbsp;&nbsp;&nbsp;Handle_Query_MpuAtt
</UL>

<P><STRONG><a name="[a2]"></a>APP_IMU_Update</STRONG> (Thumb, 74 bytes, Stack size 16 bytes, app_imu.o(i.APP_IMU_Update))
<BR><BR>[Stack]<UL><LI>Max Depth = 208<LI>Call Chain = APP_IMU_Update &rArr; MPU_QuaternionUpdate &rArr; asinf &rArr; sqrtf &rArr; _fsqrt &rArr; __fpl_fnaninf
</UL>
<BR>[Calls]<UL><LI><a href="#[a8]">&gt;&gt;</a>&nbsp;&nbsp;&nbsp;MPU_ReadRawData
<LI><a href="#[a9]">&gt;&gt;</a>&nbsp;&nbsp;&nbsp;MPU_QuaternionUpdate
<LI><a href="#[a3]">&gt;&gt;</a>&nbsp;&nbsp;&nbsp;DtTimer_GetUs
<LI><a href="#[a7]">&gt;&gt;</a>&nbsp;&nbsp;&nbsp;__aeabi_cfrcmple
<LI><a href="#[a6]">&gt;&gt;</a>&nbsp;&nbsp;&nbsp;__aeabi_cfcmple
<LI><a href="#[a4]">&gt;&gt;</a>&nbsp;&nbsp;&nbsp;__aeabi_ui2f
<LI><a href="#[a5]">&gt;&gt;</a>&nbsp;&nbsp;&nbsp;__aeabi_fdiv
</UL>
<BR>[Called By]<UL><LI><a href="#[d4]">&gt;&gt;</a>&nbsp;&nbsp;&nbsp;App_Tick
</UL>

<P><STRONG><a name="[ad]"></a>App_Action_EmergencyStop</STRONG> (Thumb, 54 bytes, Stack size 16 bytes, app_action.o(i.App_Action_EmergencyStop))
<BR><BR>[Stack]<UL><LI>Max Depth = 88<LI>Call Chain = App_Action_EmergencyStop &rArr; Emm_V5_Pos_Control &rArr; USART1_SendBuffer &rArr; USART1_SendByte
</UL>
<BR>[Calls]<UL><LI><a href="#[af]">&gt;&gt;</a>&nbsp;&nbsp;&nbsp;Emm_V5_Pos_Control
<LI><a href="#[ae]">&gt;&gt;</a>&nbsp;&nbsp;&nbsp;App_Bldc_Stop
</UL>
<BR>[Called By]<UL><LI><a href="#[6a]">&gt;&gt;</a>&nbsp;&nbsp;&nbsp;Handle_Action_Emergency
</UL>

<P><STRONG><a name="[b0]"></a>App_Action_Grab</STRONG> (Thumb, 646 bytes, Stack size 16 bytes, app_action.o(i.App_Action_Grab))
<BR><BR>[Stack]<UL><LI>Max Depth = 120<LI>Call Chain = App_Action_Grab &rArr; Protocol_PackAndSend &rArr; USART2_SendBuffer &rArr; USART2_SendByte
</UL>
<BR>[Calls]<UL><LI><a href="#[b1]">&gt;&gt;</a>&nbsp;&nbsp;&nbsp;Emm_V5_Reset_CurPos_To_Zero
<LI><a href="#[af]">&gt;&gt;</a>&nbsp;&nbsp;&nbsp;Emm_V5_Pos_Control
<LI><a href="#[ae]">&gt;&gt;</a>&nbsp;&nbsp;&nbsp;App_Bldc_Stop
<LI><a href="#[b3]">&gt;&gt;</a>&nbsp;&nbsp;&nbsp;App_Bldc_Run
<LI><a href="#[b2]">&gt;&gt;</a>&nbsp;&nbsp;&nbsp;Protocol_PackAndSend
</UL>
<BR>[Called By]<UL><LI><a href="#[d4]">&gt;&gt;</a>&nbsp;&nbsp;&nbsp;App_Tick
</UL>

<P><STRONG><a name="[f9]"></a>App_Action_GrabStart</STRONG> (Thumb, 24 bytes, Stack size 0 bytes, app_action.o(i.App_Action_GrabStart))
<BR><BR>[Called By]<UL><LI><a href="#[54]">&gt;&gt;</a>&nbsp;&nbsp;&nbsp;Handle_Action_Grab
</UL>

<P><STRONG><a name="[b4]"></a>App_Action_MoveTo</STRONG> (Thumb, 198 bytes, Stack size 80 bytes, app_action.o(i.App_Action_MoveTo))
<BR><BR>[Stack]<UL><LI>Max Depth = 152<LI>Call Chain = App_Action_MoveTo &rArr; Emm_V5_Pos_Control &rArr; USART1_SendBuffer &rArr; USART1_SendByte
</UL>
<BR>[Calls]<UL><LI><a href="#[af]">&gt;&gt;</a>&nbsp;&nbsp;&nbsp;Emm_V5_Pos_Control
<LI><a href="#[93]">&gt;&gt;</a>&nbsp;&nbsp;&nbsp;__aeabi_memcpy4
<LI><a href="#[b5]">&gt;&gt;</a>&nbsp;&nbsp;&nbsp;__aeabi_ldivmod
</UL>
<BR>[Called By]<UL><LI><a href="#[55]">&gt;&gt;</a>&nbsp;&nbsp;&nbsp;Handle_Action_Move
</UL>

<P><STRONG><a name="[b6]"></a>App_Action_SetOrigin</STRONG> (Thumb, 46 bytes, Stack size 40 bytes, app_action.o(i.App_Action_SetOrigin))
<BR><BR>[Stack]<UL><LI>Max Depth = 48<LI>Call Chain = App_Action_SetOrigin &rArr; __aeabi_memcpy4
</UL>
<BR>[Calls]<UL><LI><a href="#[93]">&gt;&gt;</a>&nbsp;&nbsp;&nbsp;__aeabi_memcpy4
</UL>
<BR>[Called By]<UL><LI><a href="#[56]">&gt;&gt;</a>&nbsp;&nbsp;&nbsp;Handle_SetOrigin
</UL>

<P><STRONG><a name="[b7]"></a>App_Bldc_Init</STRONG> (Thumb, 8 bytes, Stack size 8 bytes, app_bldc.o(i.App_Bldc_Init))
<BR><BR>[Stack]<UL><LI>Max Depth = 72<LI>Call Chain = App_Bldc_Init &rArr; PWM_Bldc_Init &rArr; GPIO_Init
</UL>
<BR>[Calls]<UL><LI><a href="#[b8]">&gt;&gt;</a>&nbsp;&nbsp;&nbsp;PWM_Bldc_Init
</UL>
<BR>[Called By]<UL><LI><a href="#[bc]">&gt;&gt;</a>&nbsp;&nbsp;&nbsp;App_Init
</UL>

<P><STRONG><a name="[b3]"></a>App_Bldc_Run</STRONG> (Thumb, 18 bytes, Stack size 8 bytes, app_bldc.o(i.App_Bldc_Run))
<BR><BR>[Stack]<UL><LI>Max Depth = 24<LI>Call Chain = App_Bldc_Run &rArr; PWM_Bldc_SetDuty
</UL>
<BR>[Calls]<UL><LI><a href="#[b9]">&gt;&gt;</a>&nbsp;&nbsp;&nbsp;PWM_Bldc_SetDuty
</UL>
<BR>[Called By]<UL><LI><a href="#[b0]">&gt;&gt;</a>&nbsp;&nbsp;&nbsp;App_Action_Grab
<LI><a href="#[61]">&gt;&gt;</a>&nbsp;&nbsp;&nbsp;Handle_Bldc_Control
</UL>

<P><STRONG><a name="[ae]"></a>App_Bldc_Stop</STRONG> (Thumb, 16 bytes, Stack size 8 bytes, app_bldc.o(i.App_Bldc_Stop))
<BR><BR>[Stack]<UL><LI>Max Depth = 24<LI>Call Chain = App_Bldc_Stop &rArr; PWM_Bldc_SetDuty
</UL>
<BR>[Calls]<UL><LI><a href="#[b9]">&gt;&gt;</a>&nbsp;&nbsp;&nbsp;PWM_Bldc_SetDuty
</UL>
<BR>[Called By]<UL><LI><a href="#[ad]">&gt;&gt;</a>&nbsp;&nbsp;&nbsp;App_Action_EmergencyStop
<LI><a href="#[b0]">&gt;&gt;</a>&nbsp;&nbsp;&nbsp;App_Action_Grab
<LI><a href="#[62]">&gt;&gt;</a>&nbsp;&nbsp;&nbsp;Handle_Bldc_Stop
</UL>

<P><STRONG><a name="[ba]"></a>App_IMU_Init</STRONG> (Thumb, 8 bytes, Stack size 8 bytes, app_imu.o(i.App_IMU_Init))
<BR><BR>[Stack]<UL><LI>Max Depth = 144<LI>Call Chain = App_IMU_Init &rArr; MPU_Init &rArr; MPU_Calibrate &rArr; MPU_ReadRawData &rArr; MPU_ReadRegs &rArr; IICreadBytes &rArr; IIC_Read_Byte &rArr; IIC_NAck
</UL>
<BR>[Calls]<UL><LI><a href="#[bb]">&gt;&gt;</a>&nbsp;&nbsp;&nbsp;MPU_Init
</UL>
<BR>[Called By]<UL><LI><a href="#[bc]">&gt;&gt;</a>&nbsp;&nbsp;&nbsp;App_Init
</UL>

<P><STRONG><a name="[bc]"></a>App_Init</STRONG> (Thumb, 42 bytes, Stack size 8 bytes, app.o(i.App_Init))
<BR><BR>[Stack]<UL><LI>Max Depth = 152<LI>Call Chain = App_Init &rArr; App_IMU_Init &rArr; MPU_Init &rArr; MPU_Calibrate &rArr; MPU_ReadRawData &rArr; MPU_ReadRegs &rArr; IICreadBytes &rArr; IIC_Read_Byte &rArr; IIC_NAck
</UL>
<BR>[Calls]<UL><LI><a href="#[c0]">&gt;&gt;</a>&nbsp;&nbsp;&nbsp;Cmd_Handle_Init
<LI><a href="#[be]">&gt;&gt;</a>&nbsp;&nbsp;&nbsp;App_Servo_Init
<LI><a href="#[bf]">&gt;&gt;</a>&nbsp;&nbsp;&nbsp;App_Rgb_Init
<LI><a href="#[bd]">&gt;&gt;</a>&nbsp;&nbsp;&nbsp;App_Motor_Init
<LI><a href="#[ba]">&gt;&gt;</a>&nbsp;&nbsp;&nbsp;App_IMU_Init
<LI><a href="#[b7]">&gt;&gt;</a>&nbsp;&nbsp;&nbsp;App_Bldc_Init
</UL>
<BR>[Called By]<UL><LI><a href="#[81]">&gt;&gt;</a>&nbsp;&nbsp;&nbsp;main
</UL>

<P><STRONG><a name="[fb]"></a>App_Motor_GetParam</STRONG> (Thumb, 182 bytes, Stack size 0 bytes, app_motor.o(i.App_Motor_GetParam))
<BR><BR>[Called By]<UL><LI><a href="#[72]">&gt;&gt;</a>&nbsp;&nbsp;&nbsp;Handle_Query_StepParam
</UL>

<P><STRONG><a name="[bd]"></a>App_Motor_Init</STRONG> (Thumb, 28 bytes, Stack size 8 bytes, app_motor.o(i.App_Motor_Init))
<BR><BR>[Stack]<UL><LI>Max Depth = 8<LI>Call Chain = App_Motor_Init
</UL>
<BR>[Calls]<UL><LI><a href="#[c2]">&gt;&gt;</a>&nbsp;&nbsp;&nbsp;Protocol_Emm_Init
<LI><a href="#[c1]">&gt;&gt;</a>&nbsp;&nbsp;&nbsp;__aeabi_memclr
</UL>
<BR>[Called By]<UL><LI><a href="#[bc]">&gt;&gt;</a>&nbsp;&nbsp;&nbsp;App_Init
</UL>

<P><STRONG><a name="[c3]"></a>App_Motor_RequestState</STRONG> (Thumb, 36 bytes, Stack size 16 bytes, app_motor.o(i.App_Motor_RequestState))
<BR><BR>[Stack]<UL><LI>Max Depth = 40<LI>Call Chain = App_Motor_RequestState &rArr; USART1_SendBuffer &rArr; USART1_SendByte
</UL>
<BR>[Calls]<UL><LI><a href="#[c4]">&gt;&gt;</a>&nbsp;&nbsp;&nbsp;USART1_SendBuffer
</UL>
<BR>[Called By]<UL><LI><a href="#[d4]">&gt;&gt;</a>&nbsp;&nbsp;&nbsp;App_Tick
</UL>

<P><STRONG><a name="[4e]"></a>App_Motor_UpdateCallback</STRONG> (Thumb, 52 bytes, Stack size 16 bytes, app_motor.o(i.App_Motor_UpdateCallback))
<BR><BR>[Stack]<UL><LI>Max Depth = 40<LI>Call Chain = App_Motor_UpdateCallback &rArr; Parse_SystemState
</UL>
<BR>[Calls]<UL><LI><a href="#[c5]">&gt;&gt;</a>&nbsp;&nbsp;&nbsp;Parse_SystemState
</UL>
<BR>[Address Reference Count : 1]<UL><LI> app_motor.o(i.App_Motor_Init)
</UL>
<P><STRONG><a name="[c9]"></a>App_Rgb_Get_Result</STRONG> (Thumb, 92 bytes, Stack size 8 bytes, app_rgb.o(i.App_Rgb_Get_Result))
<BR><BR>[Stack]<UL><LI>Max Depth = 8<LI>Call Chain = App_Rgb_Get_Result
</UL>
<BR>[Called By]<UL><LI><a href="#[c8]">&gt;&gt;</a>&nbsp;&nbsp;&nbsp;App_Rgb_Get_Validated_Result
<LI><a href="#[d4]">&gt;&gt;</a>&nbsp;&nbsp;&nbsp;App_Tick
</UL>

<P><STRONG><a name="[c8]"></a>App_Rgb_Get_Validated_Result</STRONG> (Thumb, 88 bytes, Stack size 8 bytes, app_rgb.o(i.App_Rgb_Get_Validated_Result))
<BR><BR>[Stack]<UL><LI>Max Depth = 16<LI>Call Chain = App_Rgb_Get_Validated_Result &rArr; App_Rgb_Get_Result
</UL>
<BR>[Calls]<UL><LI><a href="#[c9]">&gt;&gt;</a>&nbsp;&nbsp;&nbsp;App_Rgb_Get_Result
</UL>
<BR>[Called By]<UL><LI><a href="#[d4]">&gt;&gt;</a>&nbsp;&nbsp;&nbsp;App_Tick
</UL>

<P><STRONG><a name="[bf]"></a>App_Rgb_Init</STRONG> (Thumb, 8 bytes, Stack size 8 bytes, app_rgb.o(i.App_Rgb_Init))
<BR><BR>[Stack]<UL><LI>Max Depth = 48<LI>Call Chain = App_Rgb_Init &rArr; TCS3472_Init &rArr; TCS3472_WriteReg &rArr; IIC_Wait_Ack &rArr; IIC_Stop
</UL>
<BR>[Calls]<UL><LI><a href="#[ca]">&gt;&gt;</a>&nbsp;&nbsp;&nbsp;TCS3472_Init
</UL>
<BR>[Called By]<UL><LI><a href="#[bc]">&gt;&gt;</a>&nbsp;&nbsp;&nbsp;App_Init
</UL>

<P><STRONG><a name="[cb]"></a>App_Rgb_Update</STRONG> (Thumb, 26 bytes, Stack size 8 bytes, app_rgb.o(i.App_Rgb_Update))
<BR><BR>[Stack]<UL><LI>Max Depth = 80<LI>Call Chain = App_Rgb_Update &rArr; TCS3472_ReadRGBC &rArr; TCS3472_ReadRegs &rArr; IIC_Read_Byte &rArr; IIC_NAck
</UL>
<BR>[Calls]<UL><LI><a href="#[cc]">&gt;&gt;</a>&nbsp;&nbsp;&nbsp;TCS3472_ReadRGBC
<LI><a href="#[cd]">&gt;&gt;</a>&nbsp;&nbsp;&nbsp;App_SlidingWindowFilter
<LI><a href="#[ce]">&gt;&gt;</a>&nbsp;&nbsp;&nbsp;App_RGB_Ratio
<LI><a href="#[c6]">&gt;&gt;</a>&nbsp;&nbsp;&nbsp;App_RGB2HSV
<LI><a href="#[cf]">&gt;&gt;</a>&nbsp;&nbsp;&nbsp;App_EMA
</UL>
<BR>[Called By]<UL><LI><a href="#[d4]">&gt;&gt;</a>&nbsp;&nbsp;&nbsp;App_Tick
</UL>

<P><STRONG><a name="[be]"></a>App_Servo_Init</STRONG> (Thumb, 34 bytes, Stack size 8 bytes, app_servo.o(i.App_Servo_Init))
<BR><BR>[Stack]<UL><LI>Max Depth = 72<LI>Call Chain = App_Servo_Init &rArr; PWM_Servo_SetAngle &rArr; Angle_To_Pulse &rArr; __aeabi_fmul
</UL>
<BR>[Calls]<UL><LI><a href="#[d1]">&gt;&gt;</a>&nbsp;&nbsp;&nbsp;PWM_Servo_SetAngle
<LI><a href="#[d0]">&gt;&gt;</a>&nbsp;&nbsp;&nbsp;PWM_Servo_Init
</UL>
<BR>[Called By]<UL><LI><a href="#[bc]">&gt;&gt;</a>&nbsp;&nbsp;&nbsp;App_Init
</UL>

<P><STRONG><a name="[d2]"></a>App_Servo_SetAngle</STRONG> (Thumb, 56 bytes, Stack size 16 bytes, app_servo.o(i.App_Servo_SetAngle))
<BR><BR>[Stack]<UL><LI>Max Depth = 80<LI>Call Chain = App_Servo_SetAngle &rArr; PWM_Servo_SetAngle &rArr; Angle_To_Pulse &rArr; __aeabi_fmul
</UL>
<BR>[Calls]<UL><LI><a href="#[d1]">&gt;&gt;</a>&nbsp;&nbsp;&nbsp;PWM_Servo_SetAngle
</UL>
<BR>[Called By]<UL><LI><a href="#[60]">&gt;&gt;</a>&nbsp;&nbsp;&nbsp;Handle_Servo_Control
</UL>

<P><STRONG><a name="[d4]"></a>App_Tick</STRONG> (Thumb, 1608 bytes, Stack size 32 bytes, app.o(i.App_Tick))
<BR><BR>[Stack]<UL><LI>Max Depth = 240 + Unknown Stack Size
<LI>Call Chain = App_Tick &rArr; APP_IMU_Update &rArr; MPU_QuaternionUpdate &rArr; asinf &rArr; sqrtf &rArr; _fsqrt &rArr; __fpl_fnaninf
</UL>
<BR>[Calls]<UL><LI><a href="#[b2]">&gt;&gt;</a>&nbsp;&nbsp;&nbsp;Protocol_PackAndSend
<LI><a href="#[d7]">&gt;&gt;</a>&nbsp;&nbsp;&nbsp;OLED_ShowSignedNum
<LI><a href="#[cb]">&gt;&gt;</a>&nbsp;&nbsp;&nbsp;App_Rgb_Update
<LI><a href="#[c8]">&gt;&gt;</a>&nbsp;&nbsp;&nbsp;App_Rgb_Get_Validated_Result
<LI><a href="#[c9]">&gt;&gt;</a>&nbsp;&nbsp;&nbsp;App_Rgb_Get_Result
<LI><a href="#[c3]">&gt;&gt;</a>&nbsp;&nbsp;&nbsp;App_Motor_RequestState
<LI><a href="#[b0]">&gt;&gt;</a>&nbsp;&nbsp;&nbsp;App_Action_Grab
<LI><a href="#[a2]">&gt;&gt;</a>&nbsp;&nbsp;&nbsp;APP_IMU_Update
<LI><a href="#[9f]">&gt;&gt;</a>&nbsp;&nbsp;&nbsp;APP_IMU_GetPacketData
<LI><a href="#[d6]">&gt;&gt;</a>&nbsp;&nbsp;&nbsp;OLED_ShowString
<LI><a href="#[a1]">&gt;&gt;</a>&nbsp;&nbsp;&nbsp;__aeabi_f2iz
<LI><a href="#[d5]">&gt;&gt;</a>&nbsp;&nbsp;&nbsp;__aeabi_memcpy
<LI><a href="#[89]">&gt;&gt;</a>&nbsp;&nbsp;&nbsp;__2sprintf
</UL>
<BR>[Called By]<UL><LI><a href="#[81]">&gt;&gt;</a>&nbsp;&nbsp;&nbsp;main
</UL>

<P><STRONG><a name="[8]"></a>BusFault_Handler</STRONG> (Thumb, 4 bytes, Stack size 0 bytes, stm32f10x_it.o(i.BusFault_Handler))
<BR>[Address Reference Count : 1]<UL><LI> startup_stm32f10x_hd.o(RESET)
</UL>
<P><STRONG><a name="[c0]"></a>Cmd_Handle_Init</STRONG> (Thumb, 14 bytes, Stack size 8 bytes, cmd_handle.o(i.Cmd_Handle_Init))
<BR><BR>[Stack]<UL><LI>Max Depth = 8<LI>Call Chain = Cmd_Handle_Init
</UL>
<BR>[Calls]<UL><LI><a href="#[d9]">&gt;&gt;</a>&nbsp;&nbsp;&nbsp;Protocol_Init
<LI><a href="#[d8]">&gt;&gt;</a>&nbsp;&nbsp;&nbsp;MsgQueue_Init
</UL>
<BR>[Called By]<UL><LI><a href="#[bc]">&gt;&gt;</a>&nbsp;&nbsp;&nbsp;App_Init
</UL>

<P><STRONG><a name="[4f]"></a>Cmd_Handle_Packet_Callback</STRONG> (Thumb, 12 bytes, Stack size 8 bytes, cmd_handle.o(i.Cmd_Handle_Packet_Callback))
<BR><BR>[Stack]<UL><LI>Max Depth = 24<LI>Call Chain = Cmd_Handle_Packet_Callback &rArr; MsgQueue_Enqueue
</UL>
<BR>[Calls]<UL><LI><a href="#[da]">&gt;&gt;</a>&nbsp;&nbsp;&nbsp;MsgQueue_Enqueue
</UL>
<BR>[Address Reference Count : 1]<UL><LI> cmd_handle.o(i.Cmd_Handle_Init)
</UL>
<P><STRONG><a name="[db]"></a>Cmd_Handle_Tick</STRONG> (Thumb, 90 bytes, Stack size 88 bytes, cmd_handle.o(i.Cmd_Handle_Tick))
<BR><BR>[Stack]<UL><LI>Max Depth = 96<LI>Call Chain = Cmd_Handle_Tick &rArr; MsgQueue_Dequeue
</UL>
<BR>[Calls]<UL><LI><a href="#[dc]">&gt;&gt;</a>&nbsp;&nbsp;&nbsp;MsgQueue_Dequeue
</UL>
<BR>[Called By]<UL><LI><a href="#[81]">&gt;&gt;</a>&nbsp;&nbsp;&nbsp;main
</UL>

<P><STRONG><a name="[14b]"></a>DMA_Cmd</STRONG> (Thumb, 24 bytes, Stack size 0 bytes, stm32f10x_dma.o(i.DMA_Cmd))
<BR><BR>[Called By]<UL><LI><a href="#[147]">&gt;&gt;</a>&nbsp;&nbsp;&nbsp;USART2_Init
</UL>

<P><STRONG><a name="[149]"></a>DMA_DeInit</STRONG> (Thumb, 324 bytes, Stack size 0 bytes, stm32f10x_dma.o(i.DMA_DeInit))
<BR><BR>[Called By]<UL><LI><a href="#[147]">&gt;&gt;</a>&nbsp;&nbsp;&nbsp;USART2_Init
</UL>

<P><STRONG><a name="[146]"></a>DMA_GetCurrDataCounter</STRONG> (Thumb, 8 bytes, Stack size 0 bytes, stm32f10x_dma.o(i.DMA_GetCurrDataCounter))
<BR><BR>[Called By]<UL><LI><a href="#[34]">&gt;&gt;</a>&nbsp;&nbsp;&nbsp;USART2_IRQHandler
<LI><a href="#[e9]">&gt;&gt;</a>&nbsp;&nbsp;&nbsp;USART2_ReadByte
<LI><a href="#[ea]">&gt;&gt;</a>&nbsp;&nbsp;&nbsp;USART2_Available
</UL>

<P><STRONG><a name="[14a]"></a>DMA_Init</STRONG> (Thumb, 60 bytes, Stack size 8 bytes, stm32f10x_dma.o(i.DMA_Init))
<BR><BR>[Stack]<UL><LI>Max Depth = 8<LI>Call Chain = DMA_Init
</UL>
<BR>[Called By]<UL><LI><a href="#[147]">&gt;&gt;</a>&nbsp;&nbsp;&nbsp;USART2_Init
</UL>

<P><STRONG><a name="[b]"></a>DebugMon_Handler</STRONG> (Thumb, 2 bytes, Stack size 0 bytes, stm32f10x_it.o(i.DebugMon_Handler))
<BR>[Address Reference Count : 1]<UL><LI> startup_stm32f10x_hd.o(RESET)
</UL>
<P><STRONG><a name="[e4]"></a>Delay_ms</STRONG> (Thumb, 72 bytes, Stack size 0 bytes, bsp_systick.o(i.Delay_ms))
<BR><BR>[Called By]<UL><LI><a href="#[e6]">&gt;&gt;</a>&nbsp;&nbsp;&nbsp;ESP8266_SendCmd
<LI><a href="#[e3]">&gt;&gt;</a>&nbsp;&nbsp;&nbsp;ESP8266_Config
<LI><a href="#[ca]">&gt;&gt;</a>&nbsp;&nbsp;&nbsp;TCS3472_Init
<LI><a href="#[bb]">&gt;&gt;</a>&nbsp;&nbsp;&nbsp;MPU_Init
<LI><a href="#[e7]">&gt;&gt;</a>&nbsp;&nbsp;&nbsp;ESP8266_Init
<LI><a href="#[81]">&gt;&gt;</a>&nbsp;&nbsp;&nbsp;main
<LI><a href="#[fa]">&gt;&gt;</a>&nbsp;&nbsp;&nbsp;MPU_Calibrate
</UL>

<P><STRONG><a name="[ff]"></a>Delay_us</STRONG> (Thumb, 72 bytes, Stack size 0 bytes, bsp_systick.o(i.Delay_us))
<BR><BR>[Called By]<UL><LI><a href="#[10a]">&gt;&gt;</a>&nbsp;&nbsp;&nbsp;IIC_Wait_Ack
<LI><a href="#[109]">&gt;&gt;</a>&nbsp;&nbsp;&nbsp;IIC_Stop
<LI><a href="#[108]">&gt;&gt;</a>&nbsp;&nbsp;&nbsp;IIC_Start
<LI><a href="#[107]">&gt;&gt;</a>&nbsp;&nbsp;&nbsp;IIC_Send_Byte
<LI><a href="#[105]">&gt;&gt;</a>&nbsp;&nbsp;&nbsp;IIC_Read_Byte
<LI><a href="#[104]">&gt;&gt;</a>&nbsp;&nbsp;&nbsp;IIC_NAck
<LI><a href="#[fd]">&gt;&gt;</a>&nbsp;&nbsp;&nbsp;IIC_Ack
</UL>

<P><STRONG><a name="[a3]"></a>DtTimer_GetUs</STRONG> (Thumb, 16 bytes, Stack size 8 bytes, bsp_timer.o(i.DtTimer_GetUs))
<BR><BR>[Stack]<UL><LI>Max Depth = 8<LI>Call Chain = DtTimer_GetUs
</UL>
<BR>[Calls]<UL><LI><a href="#[dd]">&gt;&gt;</a>&nbsp;&nbsp;&nbsp;TIM_GetCounter
</UL>
<BR>[Called By]<UL><LI><a href="#[a2]">&gt;&gt;</a>&nbsp;&nbsp;&nbsp;APP_IMU_Update
</UL>

<P><STRONG><a name="[de]"></a>DtTimer_Init</STRONG> (Thumb, 66 bytes, Stack size 16 bytes, bsp_timer.o(i.DtTimer_Init))
<BR><BR>[Stack]<UL><LI>Max Depth = 16<LI>Call Chain = DtTimer_Init
</UL>
<BR>[Calls]<UL><LI><a href="#[df]">&gt;&gt;</a>&nbsp;&nbsp;&nbsp;RCC_APB1PeriphClockCmd
<LI><a href="#[e0]">&gt;&gt;</a>&nbsp;&nbsp;&nbsp;TIM_TimeBaseStructInit
<LI><a href="#[e1]">&gt;&gt;</a>&nbsp;&nbsp;&nbsp;TIM_TimeBaseInit
<LI><a href="#[e2]">&gt;&gt;</a>&nbsp;&nbsp;&nbsp;TIM_Cmd
</UL>
<BR>[Called By]<UL><LI><a href="#[81]">&gt;&gt;</a>&nbsp;&nbsp;&nbsp;main
</UL>

<P><STRONG><a name="[e7]"></a>ESP8266_Init</STRONG> (Thumb, 24 bytes, Stack size 8 bytes, bsp_esp8266.o(i.ESP8266_Init))
<BR><BR>[Stack]<UL><LI>Max Depth = 328 + Unknown Stack Size
<LI>Call Chain = ESP8266_Init &rArr; ESP8266_Config &rArr; ESP8266_SendCmd &rArr; USART2_SendBuffer &rArr; USART2_SendByte
</UL>
<BR>[Calls]<UL><LI><a href="#[e3]">&gt;&gt;</a>&nbsp;&nbsp;&nbsp;ESP8266_Config
<LI><a href="#[e4]">&gt;&gt;</a>&nbsp;&nbsp;&nbsp;Delay_ms
</UL>
<BR>[Called By]<UL><LI><a href="#[81]">&gt;&gt;</a>&nbsp;&nbsp;&nbsp;main
</UL>

<P><STRONG><a name="[ee]"></a>Emm_V5_En_Control</STRONG> (Thumb, 58 bytes, Stack size 32 bytes, emm_v5.o(i.Emm_V5_En_Control))
<BR><BR>[Stack]<UL><LI>Max Depth = 56<LI>Call Chain = Emm_V5_En_Control &rArr; USART1_SendBuffer &rArr; USART1_SendByte
</UL>
<BR>[Calls]<UL><LI><a href="#[c4]">&gt;&gt;</a>&nbsp;&nbsp;&nbsp;USART1_SendBuffer
</UL>
<BR>[Called By]<UL><LI><a href="#[50]">&gt;&gt;</a>&nbsp;&nbsp;&nbsp;Handle_En_Control
</UL>

<P><STRONG><a name="[ef]"></a>Emm_V5_Modify_Ctrl_Mode</STRONG> (Thumb, 58 bytes, Stack size 32 bytes, emm_v5.o(i.Emm_V5_Modify_Ctrl_Mode))
<BR><BR>[Stack]<UL><LI>Max Depth = 56<LI>Call Chain = Emm_V5_Modify_Ctrl_Mode &rArr; USART1_SendBuffer &rArr; USART1_SendByte
</UL>
<BR>[Calls]<UL><LI><a href="#[c4]">&gt;&gt;</a>&nbsp;&nbsp;&nbsp;USART1_SendBuffer
</UL>
<BR>[Called By]<UL><LI><a href="#[5d]">&gt;&gt;</a>&nbsp;&nbsp;&nbsp;Handle_Modify_Ctrl_Mode
</UL>

<P><STRONG><a name="[f0]"></a>Emm_V5_Origin_Interrupt</STRONG> (Thumb, 46 bytes, Stack size 24 bytes, emm_v5.o(i.Emm_V5_Origin_Interrupt))
<BR><BR>[Stack]<UL><LI>Max Depth = 48<LI>Call Chain = Emm_V5_Origin_Interrupt &rArr; USART1_SendBuffer &rArr; USART1_SendByte
</UL>
<BR>[Calls]<UL><LI><a href="#[c4]">&gt;&gt;</a>&nbsp;&nbsp;&nbsp;USART1_SendBuffer
</UL>
<BR>[Called By]<UL><LI><a href="#[5c]">&gt;&gt;</a>&nbsp;&nbsp;&nbsp;Handle_Origin_Interrupt
</UL>

<P><STRONG><a name="[f1]"></a>Emm_V5_Origin_Modify_Params</STRONG> (Thumb, 170 bytes, Stack size 72 bytes, emm_v5.o(i.Emm_V5_Origin_Modify_Params))
<BR><BR>[Stack]<UL><LI>Max Depth = 96<LI>Call Chain = Emm_V5_Origin_Modify_Params &rArr; USART1_SendBuffer &rArr; USART1_SendByte
</UL>
<BR>[Calls]<UL><LI><a href="#[c4]">&gt;&gt;</a>&nbsp;&nbsp;&nbsp;USART1_SendBuffer
<LI><a href="#[e8]">&gt;&gt;</a>&nbsp;&nbsp;&nbsp;__aeabi_memclr4
</UL>
<BR>[Called By]<UL><LI><a href="#[5a]">&gt;&gt;</a>&nbsp;&nbsp;&nbsp;Handle_Origin_Modify_Params
</UL>

<P><STRONG><a name="[f2]"></a>Emm_V5_Origin_Set_O</STRONG> (Thumb, 52 bytes, Stack size 32 bytes, emm_v5.o(i.Emm_V5_Origin_Set_O))
<BR><BR>[Stack]<UL><LI>Max Depth = 56<LI>Call Chain = Emm_V5_Origin_Set_O &rArr; USART1_SendBuffer &rArr; USART1_SendByte
</UL>
<BR>[Calls]<UL><LI><a href="#[c4]">&gt;&gt;</a>&nbsp;&nbsp;&nbsp;USART1_SendBuffer
</UL>
<BR>[Called By]<UL><LI><a href="#[59]">&gt;&gt;</a>&nbsp;&nbsp;&nbsp;Handle_Origin_Set_O
</UL>

<P><STRONG><a name="[f3]"></a>Emm_V5_Origin_Trigger_Return</STRONG> (Thumb, 52 bytes, Stack size 32 bytes, emm_v5.o(i.Emm_V5_Origin_Trigger_Return))
<BR><BR>[Stack]<UL><LI>Max Depth = 56<LI>Call Chain = Emm_V5_Origin_Trigger_Return &rArr; USART1_SendBuffer &rArr; USART1_SendByte
</UL>
<BR>[Calls]<UL><LI><a href="#[c4]">&gt;&gt;</a>&nbsp;&nbsp;&nbsp;USART1_SendBuffer
</UL>
<BR>[Called By]<UL><LI><a href="#[5b]">&gt;&gt;</a>&nbsp;&nbsp;&nbsp;Handle_Origin_Trigger
</UL>

<P><STRONG><a name="[af]"></a>Emm_V5_Pos_Control</STRONG> (Thumb, 108 bytes, Stack size 48 bytes, emm_v5.o(i.Emm_V5_Pos_Control))
<BR><BR>[Stack]<UL><LI>Max Depth = 72<LI>Call Chain = Emm_V5_Pos_Control &rArr; USART1_SendBuffer &rArr; USART1_SendByte
</UL>
<BR>[Calls]<UL><LI><a href="#[c4]">&gt;&gt;</a>&nbsp;&nbsp;&nbsp;USART1_SendBuffer
</UL>
<BR>[Called By]<UL><LI><a href="#[b4]">&gt;&gt;</a>&nbsp;&nbsp;&nbsp;App_Action_MoveTo
<LI><a href="#[ad]">&gt;&gt;</a>&nbsp;&nbsp;&nbsp;App_Action_EmergencyStop
<LI><a href="#[b0]">&gt;&gt;</a>&nbsp;&nbsp;&nbsp;App_Action_Grab
<LI><a href="#[53]">&gt;&gt;</a>&nbsp;&nbsp;&nbsp;Handle_Pos_Control_Cm
<LI><a href="#[52]">&gt;&gt;</a>&nbsp;&nbsp;&nbsp;Handle_Pos_Control
</UL>

<P><STRONG><a name="[f4]"></a>Emm_V5_Reset_Clog_Pro</STRONG> (Thumb, 46 bytes, Stack size 24 bytes, emm_v5.o(i.Emm_V5_Reset_Clog_Pro))
<BR><BR>[Stack]<UL><LI>Max Depth = 48<LI>Call Chain = Emm_V5_Reset_Clog_Pro &rArr; USART1_SendBuffer &rArr; USART1_SendByte
</UL>
<BR>[Calls]<UL><LI><a href="#[c4]">&gt;&gt;</a>&nbsp;&nbsp;&nbsp;USART1_SendBuffer
</UL>
<BR>[Called By]<UL><LI><a href="#[5f]">&gt;&gt;</a>&nbsp;&nbsp;&nbsp;Handle_Reset_Clog_Pro
</UL>

<P><STRONG><a name="[b1]"></a>Emm_V5_Reset_CurPos_To_Zero</STRONG> (Thumb, 46 bytes, Stack size 24 bytes, emm_v5.o(i.Emm_V5_Reset_CurPos_To_Zero))
<BR><BR>[Stack]<UL><LI>Max Depth = 48<LI>Call Chain = Emm_V5_Reset_CurPos_To_Zero &rArr; USART1_SendBuffer &rArr; USART1_SendByte
</UL>
<BR>[Calls]<UL><LI><a href="#[c4]">&gt;&gt;</a>&nbsp;&nbsp;&nbsp;USART1_SendBuffer
</UL>
<BR>[Called By]<UL><LI><a href="#[b0]">&gt;&gt;</a>&nbsp;&nbsp;&nbsp;App_Action_Grab
<LI><a href="#[5e]">&gt;&gt;</a>&nbsp;&nbsp;&nbsp;Handle_Reset_Cur_Pos
</UL>

<P><STRONG><a name="[f5]"></a>Emm_V5_Stop_Now</STRONG> (Thumb, 52 bytes, Stack size 32 bytes, emm_v5.o(i.Emm_V5_Stop_Now))
<BR><BR>[Stack]<UL><LI>Max Depth = 56<LI>Call Chain = Emm_V5_Stop_Now &rArr; USART1_SendBuffer &rArr; USART1_SendByte
</UL>
<BR>[Calls]<UL><LI><a href="#[c4]">&gt;&gt;</a>&nbsp;&nbsp;&nbsp;USART1_SendBuffer
</UL>
<BR>[Called By]<UL><LI><a href="#[57]">&gt;&gt;</a>&nbsp;&nbsp;&nbsp;Handle_Stop_Now
</UL>

<P><STRONG><a name="[f6]"></a>Emm_V5_Synchronous_motion</STRONG> (Thumb, 46 bytes, Stack size 24 bytes, emm_v5.o(i.Emm_V5_Synchronous_motion))
<BR><BR>[Stack]<UL><LI>Max Depth = 48<LI>Call Chain = Emm_V5_Synchronous_motion &rArr; USART1_SendBuffer &rArr; USART1_SendByte
</UL>
<BR>[Calls]<UL><LI><a href="#[c4]">&gt;&gt;</a>&nbsp;&nbsp;&nbsp;USART1_SendBuffer
</UL>
<BR>[Called By]<UL><LI><a href="#[58]">&gt;&gt;</a>&nbsp;&nbsp;&nbsp;Handle_Sync_Motion
</UL>

<P><STRONG><a name="[f7]"></a>Emm_V5_Vel_Control</STRONG> (Thumb, 78 bytes, Stack size 40 bytes, emm_v5.o(i.Emm_V5_Vel_Control))
<BR><BR>[Stack]<UL><LI>Max Depth = 64<LI>Call Chain = Emm_V5_Vel_Control &rArr; USART1_SendBuffer &rArr; USART1_SendByte
</UL>
<BR>[Calls]<UL><LI><a href="#[c4]">&gt;&gt;</a>&nbsp;&nbsp;&nbsp;USART1_SendBuffer
</UL>
<BR>[Called By]<UL><LI><a href="#[51]">&gt;&gt;</a>&nbsp;&nbsp;&nbsp;Handle_Vel_Control
</UL>

<P><STRONG><a name="[103]"></a>GPIO_Init</STRONG> (Thumb, 278 bytes, Stack size 24 bytes, stm32f10x_gpio.o(i.GPIO_Init))
<BR><BR>[Stack]<UL><LI>Max Depth = 24<LI>Call Chain = GPIO_Init
</UL>
<BR>[Called By]<UL><LI><a href="#[11b]">&gt;&gt;</a>&nbsp;&nbsp;&nbsp;OLED_I2C_Init
<LI><a href="#[147]">&gt;&gt;</a>&nbsp;&nbsp;&nbsp;USART2_Init
<LI><a href="#[13e]">&gt;&gt;</a>&nbsp;&nbsp;&nbsp;USART1_Init
<LI><a href="#[101]">&gt;&gt;</a>&nbsp;&nbsp;&nbsp;IIC_Init
<LI><a href="#[d0]">&gt;&gt;</a>&nbsp;&nbsp;&nbsp;PWM_Servo_Init
<LI><a href="#[b8]">&gt;&gt;</a>&nbsp;&nbsp;&nbsp;PWM_Bldc_Init
</UL>

<P><STRONG><a name="[106]"></a>GPIO_ReadInputDataBit</STRONG> (Thumb, 18 bytes, Stack size 0 bytes, stm32f10x_gpio.o(i.GPIO_ReadInputDataBit))
<BR><BR>[Called By]<UL><LI><a href="#[10a]">&gt;&gt;</a>&nbsp;&nbsp;&nbsp;IIC_Wait_Ack
<LI><a href="#[105]">&gt;&gt;</a>&nbsp;&nbsp;&nbsp;IIC_Read_Byte
</UL>

<P><STRONG><a name="[fe]"></a>GPIO_ResetBits</STRONG> (Thumb, 4 bytes, Stack size 0 bytes, stm32f10x_gpio.o(i.GPIO_ResetBits))
<BR><BR>[Called By]<UL><LI><a href="#[10a]">&gt;&gt;</a>&nbsp;&nbsp;&nbsp;IIC_Wait_Ack
<LI><a href="#[109]">&gt;&gt;</a>&nbsp;&nbsp;&nbsp;IIC_Stop
<LI><a href="#[108]">&gt;&gt;</a>&nbsp;&nbsp;&nbsp;IIC_Start
<LI><a href="#[107]">&gt;&gt;</a>&nbsp;&nbsp;&nbsp;IIC_Send_Byte
<LI><a href="#[105]">&gt;&gt;</a>&nbsp;&nbsp;&nbsp;IIC_Read_Byte
<LI><a href="#[104]">&gt;&gt;</a>&nbsp;&nbsp;&nbsp;IIC_NAck
<LI><a href="#[fd]">&gt;&gt;</a>&nbsp;&nbsp;&nbsp;IIC_Ack
</UL>

<P><STRONG><a name="[100]"></a>GPIO_SetBits</STRONG> (Thumb, 4 bytes, Stack size 0 bytes, stm32f10x_gpio.o(i.GPIO_SetBits))
<BR><BR>[Called By]<UL><LI><a href="#[10a]">&gt;&gt;</a>&nbsp;&nbsp;&nbsp;IIC_Wait_Ack
<LI><a href="#[109]">&gt;&gt;</a>&nbsp;&nbsp;&nbsp;IIC_Stop
<LI><a href="#[108]">&gt;&gt;</a>&nbsp;&nbsp;&nbsp;IIC_Start
<LI><a href="#[107]">&gt;&gt;</a>&nbsp;&nbsp;&nbsp;IIC_Send_Byte
<LI><a href="#[105]">&gt;&gt;</a>&nbsp;&nbsp;&nbsp;IIC_Read_Byte
<LI><a href="#[104]">&gt;&gt;</a>&nbsp;&nbsp;&nbsp;IIC_NAck
<LI><a href="#[101]">&gt;&gt;</a>&nbsp;&nbsp;&nbsp;IIC_Init
<LI><a href="#[fd]">&gt;&gt;</a>&nbsp;&nbsp;&nbsp;IIC_Ack
</UL>

<P><STRONG><a name="[11c]"></a>GPIO_WriteBit</STRONG> (Thumb, 10 bytes, Stack size 0 bytes, stm32f10x_gpio.o(i.GPIO_WriteBit))
<BR><BR>[Called By]<UL><LI><a href="#[11f]">&gt;&gt;</a>&nbsp;&nbsp;&nbsp;OLED_I2C_Stop
<LI><a href="#[11e]">&gt;&gt;</a>&nbsp;&nbsp;&nbsp;OLED_I2C_Start
<LI><a href="#[11d]">&gt;&gt;</a>&nbsp;&nbsp;&nbsp;OLED_I2C_SendByte
<LI><a href="#[11b]">&gt;&gt;</a>&nbsp;&nbsp;&nbsp;OLED_I2C_Init
</UL>

<P><STRONG><a name="[6]"></a>HardFault_Handler</STRONG> (Thumb, 4 bytes, Stack size 0 bytes, stm32f10x_it.o(i.HardFault_Handler))
<BR>[Address Reference Count : 1]<UL><LI> startup_stm32f10x_hd.o(RESET)
</UL>
<P><STRONG><a name="[fd]"></a>IIC_Ack</STRONG> (Thumb, 48 bytes, Stack size 8 bytes, bsp_iic.o(i.IIC_Ack))
<BR><BR>[Stack]<UL><LI>Max Depth = 8<LI>Call Chain = IIC_Ack
</UL>
<BR>[Calls]<UL><LI><a href="#[100]">&gt;&gt;</a>&nbsp;&nbsp;&nbsp;GPIO_SetBits
<LI><a href="#[fe]">&gt;&gt;</a>&nbsp;&nbsp;&nbsp;GPIO_ResetBits
<LI><a href="#[ff]">&gt;&gt;</a>&nbsp;&nbsp;&nbsp;Delay_us
</UL>
<BR>[Called By]<UL><LI><a href="#[105]">&gt;&gt;</a>&nbsp;&nbsp;&nbsp;IIC_Read_Byte
</UL>

<P><STRONG><a name="[101]"></a>IIC_Init</STRONG> (Thumb, 54 bytes, Stack size 8 bytes, bsp_iic.o(i.IIC_Init))
<BR><BR>[Stack]<UL><LI>Max Depth = 32<LI>Call Chain = IIC_Init &rArr; GPIO_Init
</UL>
<BR>[Calls]<UL><LI><a href="#[100]">&gt;&gt;</a>&nbsp;&nbsp;&nbsp;GPIO_SetBits
<LI><a href="#[103]">&gt;&gt;</a>&nbsp;&nbsp;&nbsp;GPIO_Init
<LI><a href="#[102]">&gt;&gt;</a>&nbsp;&nbsp;&nbsp;RCC_APB2PeriphClockCmd
</UL>
<BR>[Called By]<UL><LI><a href="#[bb]">&gt;&gt;</a>&nbsp;&nbsp;&nbsp;MPU_Init
</UL>

<P><STRONG><a name="[104]"></a>IIC_NAck</STRONG> (Thumb, 48 bytes, Stack size 8 bytes, bsp_iic.o(i.IIC_NAck))
<BR><BR>[Stack]<UL><LI>Max Depth = 8<LI>Call Chain = IIC_NAck
</UL>
<BR>[Calls]<UL><LI><a href="#[100]">&gt;&gt;</a>&nbsp;&nbsp;&nbsp;GPIO_SetBits
<LI><a href="#[fe]">&gt;&gt;</a>&nbsp;&nbsp;&nbsp;GPIO_ResetBits
<LI><a href="#[ff]">&gt;&gt;</a>&nbsp;&nbsp;&nbsp;Delay_us
</UL>
<BR>[Called By]<UL><LI><a href="#[105]">&gt;&gt;</a>&nbsp;&nbsp;&nbsp;IIC_Read_Byte
</UL>

<P><STRONG><a name="[105]"></a>IIC_Read_Byte</STRONG> (Thumb, 96 bytes, Stack size 16 bytes, bsp_iic.o(i.IIC_Read_Byte))
<BR><BR>[Stack]<UL><LI>Max Depth = 24<LI>Call Chain = IIC_Read_Byte &rArr; IIC_NAck
</UL>
<BR>[Calls]<UL><LI><a href="#[100]">&gt;&gt;</a>&nbsp;&nbsp;&nbsp;GPIO_SetBits
<LI><a href="#[fe]">&gt;&gt;</a>&nbsp;&nbsp;&nbsp;GPIO_ResetBits
<LI><a href="#[106]">&gt;&gt;</a>&nbsp;&nbsp;&nbsp;GPIO_ReadInputDataBit
[...]
<BR><BR>[Stack]<UL><LI>Max Depth = 168<LI>Call Chain = Handle_Action_Move &rArr; App_Action_MoveTo &rArr; Emm_V5_Pos_Control &rArr; USART1_SendBuffer &rArr; USART1_SendByte
</UL>
<BR>[Calls]<UL><LI><a href="#[b4]">&gt;&gt;</a>&nbsp;&nbsp;&nbsp;App_Action_MoveTo
<LI><a href="#[f8]">&gt;&gt;</a>&nbsp;&nbsp;&nbsp;Send_Ok_Ack
</UL>
<BR>[Address Reference Count : 1]<UL><LI> cmd_handle.o(.constdata)
</UL>
<P><STRONG><a name="[61]"></a>Handle_Bldc_Control</STRONG> (Thumb, 32 bytes, Stack size 16 bytes, cmd_handle.o(i.Handle_Bldc_Control))
<BR><BR>[Stack]<UL><LI>Max Depth = 136<LI>Call Chain = Handle_Bldc_Control &rArr; Send_Ok_Ack &rArr; Protocol_PackAndSend &rArr; USART2_SendBuffer &rArr; USART2_SendByte
</UL>
<BR>[Calls]<UL><LI><a href="#[b3]">&gt;&gt;</a>&nbsp;&nbsp;&nbsp;App_Bldc_Run
<LI><a href="#[f8]">&gt;&gt;</a>&nbsp;&nbsp;&nbsp;Send_Ok_Ack
</UL>
<BR>[Address Reference Count : 1]<UL><LI> cmd_handle.o(.constdata)
</UL>
<P><STRONG><a name="[62]"></a>Handle_Bldc_Stop</STRONG> (Thumb, 20 bytes, Stack size 16 bytes, cmd_handle.o(i.Handle_Bldc_Stop))
<BR><BR>[Stack]<UL><LI>Max Depth = 136<LI>Call Chain = Handle_Bldc_Stop &rArr; Send_Ok_Ack &rArr; Protocol_PackAndSend &rArr; USART2_SendBuffer &rArr; USART2_SendByte
</UL>
<BR>[Calls]<UL><LI><a href="#[ae]">&gt;&gt;</a>&nbsp;&nbsp;&nbsp;App_Bldc_Stop
<LI><a href="#[f8]">&gt;&gt;</a>&nbsp;&nbsp;&nbsp;Send_Ok_Ack
</UL>
<BR>[Address Reference Count : 1]<UL><LI> cmd_handle.o(.constdata)
</UL>
<P><STRONG><a name="[50]"></a>Handle_En_Control</STRONG> (Thumb, 84 bytes, Stack size 24 bytes, cmd_handle.o(i.Handle_En_Control))
<BR><BR>[Stack]<UL><LI>Max Depth = 144<LI>Call Chain = Handle_En_Control &rArr; Send_Ok_Ack &rArr; Protocol_PackAndSend &rArr; USART2_SendBuffer &rArr; USART2_SendByte
</UL>
<BR>[Calls]<UL><LI><a href="#[ee]">&gt;&gt;</a>&nbsp;&nbsp;&nbsp;Emm_V5_En_Control
<LI><a href="#[f8]">&gt;&gt;</a>&nbsp;&nbsp;&nbsp;Send_Ok_Ack
</UL>
<BR>[Address Reference Count : 1]<UL><LI> cmd_handle.o(.constdata)
</UL>
<P><STRONG><a name="[5d]"></a>Handle_Modify_Ctrl_Mode</STRONG> (Thumb, 54 bytes, Stack size 24 bytes, cmd_handle.o(i.Handle_Modify_Ctrl_Mode))
<BR><BR>[Stack]<UL><LI>Max Depth = 144<LI>Call Chain = Handle_Modify_Ctrl_Mode &rArr; Send_Ok_Ack &rArr; Protocol_PackAndSend &rArr; USART2_SendBuffer &rArr; USART2_SendByte
</UL>
<BR>[Calls]<UL><LI><a href="#[ef]">&gt;&gt;</a>&nbsp;&nbsp;&nbsp;Emm_V5_Modify_Ctrl_Mode
<LI><a href="#[f8]">&gt;&gt;</a>&nbsp;&nbsp;&nbsp;Send_Ok_Ack
</UL>
<BR>[Address Reference Count : 1]<UL><LI> cmd_handle.o(.constdata)
</UL>
<P><STRONG><a name="[65]"></a>Handle_Mpu_Calib</STRONG> (Thumb, 20 bytes, Stack size 16 bytes, cmd_handle.o(i.Handle_Mpu_Calib))
<BR><BR>[Stack]<UL><LI>Max Depth = 144<LI>Call Chain = Handle_Mpu_Calib &rArr; MPU_Calibrate &rArr; MPU_ReadRawData &rArr; MPU_ReadRegs &rArr; IICreadBytes &rArr; IIC_Read_Byte &rArr; IIC_NAck
</UL>
<BR>[Calls]<UL><LI><a href="#[f8]">&gt;&gt;</a>&nbsp;&nbsp;&nbsp;Send_Ok_Ack
<LI><a href="#[fa]">&gt;&gt;</a>&nbsp;&nbsp;&nbsp;MPU_Calibrate
</UL>
<BR>[Address Reference Count : 1]<UL><LI> cmd_handle.o(.constdata)
</UL>
<P><STRONG><a name="[66]"></a>Handle_Mpu_Stream</STRONG> (Thumb, 30 bytes, Stack size 16 bytes, cmd_handle.o(i.Handle_Mpu_Stream))
<BR><BR>[Stack]<UL><LI>Max Depth = 136<LI>Call Chain = Handle_Mpu_Stream &rArr; Send_Ok_Ack &rArr; Protocol_PackAndSend &rArr; USART2_SendBuffer &rArr; USART2_SendByte
</UL>
<BR>[Calls]<UL><LI><a href="#[f8]">&gt;&gt;</a>&nbsp;&nbsp;&nbsp;Send_Ok_Ack
</UL>
<BR>[Address Reference Count : 1]<UL><LI> cmd_handle.o(.constdata)
</UL>
<P><STRONG><a name="[5c]"></a>Handle_Origin_Interrupt</STRONG> (Thumb, 32 bytes, Stack size 16 bytes, cmd_handle.o(i.Handle_Origin_Interrupt))
<BR><BR>[Stack]<UL><LI>Max Depth = 136<LI>Call Chain = Handle_Origin_Interrupt &rArr; Send_Ok_Ack &rArr; Protocol_PackAndSend &rArr; USART2_SendBuffer &rArr; USART2_SendByte
</UL>
<BR>[Calls]<UL><LI><a href="#[f0]">&gt;&gt;</a>&nbsp;&nbsp;&nbsp;Emm_V5_Origin_Interrupt
<LI><a href="#[f8]">&gt;&gt;</a>&nbsp;&nbsp;&nbsp;Send_Ok_Ack
</UL>
<BR>[Address Reference Count : 1]<UL><LI> cmd_handle.o(.constdata)
</UL>
<P><STRONG><a name="[5a]"></a>Handle_Origin_Modify_Params</STRONG> (Thumb, 146 bytes, Stack size 80 bytes, cmd_handle.o(i.Handle_Origin_Modify_Params))
<BR><BR>[Stack]<UL><LI>Max Depth = 200<LI>Call Chain = Handle_Origin_Modify_Params &rArr; Send_Ok_Ack &rArr; Protocol_PackAndSend &rArr; USART2_SendBuffer &rArr; USART2_SendByte
</UL>
<BR>[Calls]<UL><LI><a href="#[f1]">&gt;&gt;</a>&nbsp;&nbsp;&nbsp;Emm_V5_Origin_Modify_Params
<LI><a href="#[f8]">&gt;&gt;</a>&nbsp;&nbsp;&nbsp;Send_Ok_Ack
</UL>
<BR>[Address Reference Count : 1]<UL><LI> cmd_handle.o(.constdata)
</UL>
<P><STRONG><a name="[59]"></a>Handle_Origin_Set_O</STRONG> (Thumb, 58 bytes, Stack size 24 bytes, cmd_handle.o(i.Handle_Origin_Set_O))
<BR><BR>[Stack]<UL><LI>Max Depth = 144<LI>Call Chain = Handle_Origin_Set_O &rArr; Send_Ok_Ack &rArr; Protocol_PackAndSend &rArr; USART2_SendBuffer &rArr; USART2_SendByte
</UL>
<BR>[Calls]<UL><LI><a href="#[f2]">&gt;&gt;</a>&nbsp;&nbsp;&nbsp;Emm_V5_Origin_Set_O
<LI><a href="#[f8]">&gt;&gt;</a>&nbsp;&nbsp;&nbsp;Send_Ok_Ack
</UL>
<BR>[Address Reference Count : 1]<UL><LI> cmd_handle.o(.constdata)
</UL>
<P><STRONG><a name="[5b]"></a>Handle_Origin_Trigger</STRONG> (Thumb, 66 bytes, Stack size 24 bytes, cmd_handle.o(i.Handle_Origin_Trigger))
<BR><BR>[Stack]<UL><LI>Max Depth = 144<LI>Call Chain = Handle_Origin_Trigger &rArr; Send_Ok_Ack &rArr; Protocol_PackAndSend &rArr; USART2_SendBuffer &rArr; USART2_SendByte
</UL>
<BR>[Calls]<UL><LI><a href="#[f3]">&gt;&gt;</a>&nbsp;&nbsp;&nbsp;Emm_V5_Origin_Trigger_Return
<LI><a href="#[f8]">&gt;&gt;</a>&nbsp;&nbsp;&nbsp;Send_Ok_Ack
</UL>
<BR>[Address Reference Count : 1]<UL><LI> cmd_handle.o(.constdata)
</UL>
<P><STRONG><a name="[68]"></a>Handle_PWM_State_Stream</STRONG> (Thumb, 30 bytes, Stack size 16 bytes, cmd_handle.o(i.Handle_PWM_State_Stream))
<BR><BR>[Stack]<UL><LI>Max Depth = 136<LI>Call Chain = Handle_PWM_State_Stream &rArr; Send_Ok_Ack &rArr; Protocol_PackAndSend &rArr; USART2_SendBuffer &rArr; USART2_SendByte
</UL>
<BR>[Calls]<UL><LI><a href="#[f8]">&gt;&gt;</a>&nbsp;&nbsp;&nbsp;Send_Ok_Ack
</UL>
<BR>[Address Reference Count : 1]<UL><LI> cmd_handle.o(.constdata)
</UL>
<P><STRONG><a name="[52]"></a>Handle_Pos_Control</STRONG> (Thumb, 140 bytes, Stack size 56 bytes, cmd_handle.o(i.Handle_Pos_Control))
<BR><BR>[Stack]<UL><LI>Max Depth = 176<LI>Call Chain = Handle_Pos_Control &rArr; Send_Ok_Ack &rArr; Protocol_PackAndSend &rArr; USART2_SendBuffer &rArr; USART2_SendByte
</UL>
<BR>[Calls]<UL><LI><a href="#[af]">&gt;&gt;</a>&nbsp;&nbsp;&nbsp;Emm_V5_Pos_Control
<LI><a href="#[f8]">&gt;&gt;</a>&nbsp;&nbsp;&nbsp;Send_Ok_Ack
</UL>
<BR>[Address Reference Count : 1]<UL><LI> cmd_handle.o(.constdata)
</UL>
<P><STRONG><a name="[53]"></a>Handle_Pos_Control_Cm</STRONG> (Thumb, 194 bytes, Stack size 64 bytes, cmd_handle.o(i.Handle_Pos_Control_Cm))
<BR><BR>[Stack]<UL><LI>Max Depth = 184<LI>Call Chain = Handle_Pos_Control_Cm &rArr; Send_Ok_Ack &rArr; Protocol_PackAndSend &rArr; USART2_SendBuffer &rArr; USART2_SendByte
</UL>
<BR>[Calls]<UL><LI><a href="#[af]">&gt;&gt;</a>&nbsp;&nbsp;&nbsp;Emm_V5_Pos_Control
<LI><a href="#[a0]">&gt;&gt;</a>&nbsp;&nbsp;&nbsp;__aeabi_fmul
<LI><a href="#[a4]">&gt;&gt;</a>&nbsp;&nbsp;&nbsp;__aeabi_ui2f
<LI><a href="#[ac]">&gt;&gt;</a>&nbsp;&nbsp;&nbsp;__aeabi_f2uiz
<LI><a href="#[a5]">&gt;&gt;</a>&nbsp;&nbsp;&nbsp;__aeabi_fdiv
<LI><a href="#[ab]">&gt;&gt;</a>&nbsp;&nbsp;&nbsp;__aeabi_fadd
<LI><a href="#[f8]">&gt;&gt;</a>&nbsp;&nbsp;&nbsp;Send_Ok_Ack
</UL>
<BR>[Address Reference Count : 1]<UL><LI> cmd_handle.o(.constdata)
</UL>
<P><STRONG><a name="[70]"></a>Handle_Query_BldcStat</STRONG> (Thumb, 30 bytes, Stack size 16 bytes, cmd_handle.o(i.Handle_Query_BldcStat))
<BR><BR>[Stack]<UL><LI>Max Depth = 120<LI>Call Chain = Handle_Query_BldcStat &rArr; Protocol_PackAndSend &rArr; USART2_SendBuffer &rArr; USART2_SendByte
</UL>
<BR>[Calls]<UL><LI><a href="#[b2]">&gt;&gt;</a>&nbsp;&nbsp;&nbsp;Protocol_PackAndSend
</UL>
<BR>[Address Reference Count : 1]<UL><LI> cmd_handle.o(.constdata)
</UL>
<P><STRONG><a name="[6d]"></a>Handle_Query_ColorRaw</STRONG> (Thumb, 2 bytes, Stack size 0 bytes, cmd_handle.o(i.Handle_Query_ColorRaw))
<BR>[Address Reference Count : 1]<UL><LI> cmd_handle.o(.constdata)
</UL>
<P><STRONG><a name="[6e]"></a>Handle_Query_ColorRes</STRONG> (Thumb, 2 bytes, Stack size 0 bytes, cmd_handle.o(i.Handle_Query_ColorRes))
<BR>[Address Reference Count : 1]<UL><LI> cmd_handle.o(.constdata)
</UL>
<P><STRONG><a name="[6b]"></a>Handle_Query_MpuAtt</STRONG> (Thumb, 88 bytes, Stack size 32 bytes, cmd_handle.o(i.Handle_Query_MpuAtt))
<BR><BR>[Stack]<UL><LI>Max Depth = 136<LI>Call Chain = Handle_Query_MpuAtt &rArr; Protocol_PackAndSend &rArr; USART2_SendBuffer &rArr; USART2_SendByte
</UL>
<BR>[Calls]<UL><LI><a href="#[b2]">&gt;&gt;</a>&nbsp;&nbsp;&nbsp;Protocol_PackAndSend
<LI><a href="#[9f]">&gt;&gt;</a>&nbsp;&nbsp;&nbsp;APP_IMU_GetPacketData
</UL>
<BR>[Address Reference Count : 1]<UL><LI> cmd_handle.o(.constdata)
</UL>
<P><STRONG><a name="[6c]"></a>Handle_Query_MpuRaw</STRONG> (Thumb, 44 bytes, Stack size 48 bytes, cmd_handle.o(i.Handle_Query_MpuRaw))
<BR><BR>[Stack]<UL><LI>Max Depth = 152<LI>Call Chain = Handle_Query_MpuRaw &rArr; Protocol_PackAndSend &rArr; USART2_SendBuffer &rArr; USART2_SendByte
</UL>
<BR>[Calls]<UL><LI><a href="#[a8]">&gt;&gt;</a>&nbsp;&nbsp;&nbsp;MPU_ReadRawData
<LI><a href="#[b2]">&gt;&gt;</a>&nbsp;&nbsp;&nbsp;Protocol_PackAndSend
<LI><a href="#[d5]">&gt;&gt;</a>&nbsp;&nbsp;&nbsp;__aeabi_memcpy
</UL>
<BR>[Address Reference Count : 1]<UL><LI> cmd_handle.o(.constdata)
</UL>
<P><STRONG><a name="[6f]"></a>Handle_Query_ServoStat</STRONG> (Thumb, 114 bytes, Stack size 24 bytes, cmd_handle.o(i.Handle_Query_ServoStat))
<BR><BR>[Stack]<UL><LI>Max Depth = 128<LI>Call Chain = Handle_Query_ServoStat &rArr; Protocol_PackAndSend &rArr; USART2_SendBuffer &rArr; USART2_SendByte
</UL>
<BR>[Calls]<UL><LI><a href="#[b2]">&gt;&gt;</a>&nbsp;&nbsp;&nbsp;Protocol_PackAndSend
</UL>
<BR>[Address Reference Count : 1]<UL><LI> cmd_handle.o(.constdata)
</UL>
<P><STRONG><a name="[72]"></a>Handle_Query_StepParam</STRONG> (Thumb, 160 bytes, Stack size 40 bytes, cmd_handle.o(i.Handle_Query_StepParam))
<BR><BR>[Stack]<UL><LI>Max Depth = 144<LI>Call Chain = Handle_Query_StepParam &rArr; Protocol_PackAndSend &rArr; USART2_SendBuffer &rArr; USART2_SendByte
</UL>
<BR>[Calls]<UL><LI><a href="#[fb]">&gt;&gt;</a>&nbsp;&nbsp;&nbsp;App_Motor_GetParam
<LI><a href="#[b2]">&gt;&gt;</a>&nbsp;&nbsp;&nbsp;Protocol_PackAndSend
</UL>
<BR>[Address Reference Count : 1]<UL><LI> cmd_handle.o(.constdata)
</UL>
<P><STRONG><a name="[71]"></a>Handle_Query_StepStat</STRONG> (Thumb, 70 bytes, Stack size 40 bytes, cmd_handle.o(i.Handle_Query_StepStat))
<BR><BR>[Stack]<UL><LI>Max Depth = 144<LI>Call Chain = Handle_Query_StepStat &rArr; Protocol_PackAndSend &rArr; USART2_SendBuffer &rArr; USART2_SendByte
</UL>
<BR>[Calls]<UL><LI><a href="#[b2]">&gt;&gt;</a>&nbsp;&nbsp;&nbsp;Protocol_PackAndSend
<LI><a href="#[d5]">&gt;&gt;</a>&nbsp;&nbsp;&nbsp;__aeabi_memcpy
</UL>
<BR>[Address Reference Count : 1]<UL><LI> cmd_handle.o(.constdata)
</UL>
<P><STRONG><a name="[5f]"></a>Handle_Reset_Clog_Pro</STRONG> (Thumb, 32 bytes, Stack size 16 bytes, cmd_handle.o(i.Handle_Reset_Clog_Pro))
<BR><BR>[Stack]<UL><LI>Max Depth = 136<LI>Call Chain = Handle_Reset_Clog_Pro &rArr; Send_Ok_Ack &rArr; Protocol_PackAndSend &rArr; USART2_SendBuffer &rArr; USART2_SendByte
</UL>
<BR>[Calls]<UL><LI><a href="#[f4]">&gt;&gt;</a>&nbsp;&nbsp;&nbsp;Emm_V5_Reset_Clog_Pro
<LI><a href="#[f8]">&gt;&gt;</a>&nbsp;&nbsp;&nbsp;Send_Ok_Ack
</UL>
<BR>[Address Reference Count : 1]<UL><LI> cmd_handle.o(.constdata)
</UL>
<P><STRONG><a name="[5e]"></a>Handle_Reset_Cur_Pos</STRONG> (Thumb, 32 bytes, Stack size 16 bytes, cmd_handle.o(i.Handle_Reset_Cur_Pos))
<BR><BR>[Stack]<UL><LI>Max Depth = 136<LI>Call Chain = Handle_Reset_Cur_Pos &rArr; Send_Ok_Ack &rArr; Protocol_PackAndSend &rArr; USART2_SendBuffer &rArr; USART2_SendByte
</UL>
<BR>[Calls]<UL><LI><a href="#[b1]">&gt;&gt;</a>&nbsp;&nbsp;&nbsp;Emm_V5_Reset_CurPos_To_Zero
<LI><a href="#[f8]">&gt;&gt;</a>&nbsp;&nbsp;&nbsp;Send_Ok_Ack
</UL>
<BR>[Address Reference Count : 1]<UL><LI> cmd_handle.o(.constdata)
</UL>
<P><STRONG><a name="[63]"></a>Handle_Rgb_Sensor</STRONG> (Thumb, 20 bytes, Stack size 16 bytes, cmd_handle.o(i.Handle_Rgb_Sensor))
<BR><BR>[Stack]<UL><LI>Max Depth = 136<LI>Call Chain = Handle_Rgb_Sensor &rArr; Send_Ok_Ack &rArr; Protocol_PackAndSend &rArr; USART2_SendBuffer &rArr; USART2_SendByte
</UL>
<BR>[Calls]<UL><LI><a href="#[f8]">&gt;&gt;</a>&nbsp;&nbsp;&nbsp;Send_Ok_Ack
</UL>
<BR>[Address Reference Count : 1]<UL><LI> cmd_handle.o(.constdata)
</UL>
<P><STRONG><a name="[69]"></a>Handle_Rgb_Stream</STRONG> (Thumb, 30 bytes, Stack size 16 bytes, cmd_handle.o(i.Handle_Rgb_Stream))
<BR><BR>[Stack]<UL><LI>Max Depth = 136<LI>Call Chain = Handle_Rgb_Stream &rArr; Send_Ok_Ack &rArr; Protocol_PackAndSend &rArr; USART2_SendBuffer &rArr; USART2_SendByte
</UL>
<BR>[Calls]<UL><LI><a href="#[f8]">&gt;&gt;</a>&nbsp;&nbsp;&nbsp;Send_Ok_Ack
</UL>
<BR>[Address Reference Count : 1]<UL><LI> cmd_handle.o(.constdata)
</UL>
<P><STRONG><a name="[60]"></a>Handle_Servo_Control</STRONG> (Thumb, 40 bytes, Stack size 24 bytes, cmd_handle.o(i.Handle_Servo_Control))
<BR><BR>[Stack]<UL><LI>Max Depth = 144<LI>Call Chain = Handle_Servo_Control &rArr; Send_Ok_Ack &rArr; Protocol_PackAndSend &rArr; USART2_SendBuffer &rArr; USART2_SendByte
</UL>
<BR>[Calls]<UL><LI><a href="#[d2]">&gt;&gt;</a>&nbsp;&nbsp;&nbsp;App_Servo_SetAngle
<LI><a href="#[f8]">&gt;&gt;</a>&nbsp;&nbsp;&nbsp;Send_Ok_Ack
</UL>
<BR>[Address Reference Count : 1]<UL><LI> cmd_handle.o(.constdata)
</UL>
<P><STRONG><a name="[56]"></a>Handle_SetOrigin</STRONG> (Thumb, 30 bytes, Stack size 16 bytes, cmd_handle.o(i.Handle_SetOrigin))
<BR><BR>[Stack]<UL><LI>Max Depth = 136<LI>Call Chain = Handle_SetOrigin &rArr; Send_Ok_Ack &rArr; Protocol_PackAndSend &rArr; USART2_SendBuffer &rArr; USART2_SendByte
</UL>
<BR>[Calls]<UL><LI><a href="#[b6]">&gt;&gt;</a>&nbsp;&nbsp;&nbsp;App_Action_SetOrigin
<LI><a href="#[f8]">&gt;&gt;</a>&nbsp;&nbsp;&nbsp;Send_Ok_Ack
</UL>
<BR>[Address Reference Count : 1]<UL><LI> cmd_handle.o(.constdata)
</UL>
<P><STRONG><a name="[64]"></a>Handle_Show_Oled</STRONG> (Thumb, 34 bytes, Stack size 16 bytes, cmd_handle.o(i.Handle_Show_Oled))
<BR><BR>[Stack]<UL><LI>Max Depth = 136<LI>Call Chain = Handle_Show_Oled &rArr; Send_Ok_Ack &rArr; Protocol_PackAndSend &rArr; USART2_SendBuffer &rArr; USART2_SendByte
</UL>
<BR>[Calls]<UL><LI><a href="#[fc]">&gt;&gt;</a>&nbsp;&nbsp;&nbsp;OLED_Clear
<LI><a href="#[f8]">&gt;&gt;</a>&nbsp;&nbsp;&nbsp;Send_Ok_Ack
</UL>
<BR>[Address Reference Count : 1]<UL><LI> cmd_handle.o(.constdata)
</UL>
<P><STRONG><a name="[67]"></a>Handle_StepMotor_Stream</STRONG> (Thumb, 30 bytes, Stack size 16 bytes, cmd_handle.o(i.Handle_StepMotor_Stream))
<BR><BR>[Stack]<UL><LI>Max Depth = 136<LI>Call Chain = Handle_StepMotor_Stream &rArr; Send_Ok_Ack &rArr; Protocol_PackAndSend &rArr; USART2_SendBuffer &rArr; USART2_SendByte
</UL>
<BR>[Calls]<UL><LI><a href="#[f8]">&gt;&gt;</a>&nbsp;&nbsp;&nbsp;Send_Ok_Ack
</UL>
<BR>[Address Reference Count : 1]<UL><LI> cmd_handle.o(.constdata)
</UL>
<P><STRONG><a name="[57]"></a>Handle_Stop_Now</STRONG> (Thumb, 58 bytes, Stack size 24 bytes, cmd_handle.o(i.Handle_Stop_Now))
<BR><BR>[Stack]<UL><LI>Max Depth = 144<LI>Call Chain = Handle_Stop_Now &rArr; Send_Ok_Ack &rArr; Protocol_PackAndSend &rArr; USART2_SendBuffer &rArr; USART2_SendByte
</UL>
<BR>[Calls]<UL><LI><a href="#[f5]">&gt;&gt;</a>&nbsp;&nbsp;&nbsp;Emm_V5_Stop_Now
<LI><a href="#[f8]">&gt;&gt;</a>&nbsp;&nbsp;&nbsp;Send_Ok_Ack
</UL>
<BR>[Address Reference Count : 1]<UL><LI> cmd_handle.o(.constdata)
</UL>
<P><STRONG><a name="[58]"></a>Handle_Sync_Motion</STRONG> (Thumb, 32 bytes, Stack size 16 bytes, cmd_handle.o(i.Handle_Sync_Motion))
<BR><BR>[Stack]<UL><LI>Max Depth = 136<LI>Call Chain = Handle_Sync_Motion &rArr; Send_Ok_Ack &rArr; Protocol_PackAndSend &rArr; USART2_SendBuffer &rArr; USART2_SendByte
</UL>
<BR>[Calls]<UL><LI><a href="#[f6]">&gt;&gt;</a>&nbsp;&nbsp;&nbsp;Emm_V5_Synchronous_motion
<LI><a href="#[f8]">&gt;&gt;</a>&nbsp;&nbsp;&nbsp;Send_Ok_Ack
</UL>
<BR>[Address Reference Count : 1]<UL><LI> cmd_handle.o(.constdata)
</UL>
<P><STRONG><a name="[51]"></a>Handle_Vel_Control</STRONG> (Thumb, 92 bytes, Stack size 40 bytes, cmd_handle.o(i.Handle_Vel_Control))
<BR><BR>[Stack]<UL><LI>Max Depth = 160<LI>Call Chain = Handle_Vel_Control &rArr; Send_Ok_Ack &rArr; Protocol_PackAndSend &rArr; USART2_SendBuffer &rArr; USART2_SendByte
</UL>
<BR>[Calls]<UL><LI><a href="#[f7]">&gt;&gt;</a>&nbsp;&nbsp;&nbsp;Emm_V5_Vel_Control
<LI><a href="#[f8]">&gt;&gt;</a>&nbsp;&nbsp;&nbsp;Send_Ok_Ack
</UL>
<BR>[Address Reference Count : 1]<UL><LI> cmd_handle.o(.constdata)
</UL>
<P><STRONG><a name="[f8]"></a>Send_Ok_Ack</STRONG> (Thumb, 26 bytes, Stack size 16 bytes, cmd_handle.o(i.Send_Ok_Ack))
<BR><BR>[Stack]<UL><LI>Max Depth = 120<LI>Call Chain = Send_Ok_Ack &rArr; Protocol_PackAndSend &rArr; USART2_SendBuffer &rArr; USART2_SendByte
</UL>
<BR>[Calls]<UL><LI><a href="#[b2]">&gt;&gt;</a>&nbsp;&nbsp;&nbsp;Protocol_PackAndSend
</UL>
<BR>[Called By]<UL><LI><a href="#[51]">&gt;&gt;</a>&nbsp;&nbsp;&nbsp;Handle_Vel_Control
<LI><a href="#[58]">&gt;&gt;</a>&nbsp;&nbsp;&nbsp;Handle_Sync_Motion
<LI><a href="#[57]">&gt;&gt;</a>&nbsp;&nbsp;&nbsp;Handle_Stop_Now
<LI><a href="#[67]">&gt;&gt;</a>&nbsp;&nbsp;&nbsp;Handle_StepMotor_Stream
<LI><a href="#[64]">&gt;&gt;</a>&nbsp;&nbsp;&nbsp;Handle_Show_Oled
<LI><a href="#[56]">&gt;&gt;</a>&nbsp;&nbsp;&nbsp;Handle_SetOrigin
<LI><a href="#[60]">&gt;&gt;</a>&nbsp;&nbsp;&nbsp;Handle_Servo_Control
<LI><a href="#[69]">&gt;&gt;</a>&nbsp;&nbsp;&nbsp;Handle_Rgb_Stream
<LI><a href="#[63]">&gt;&gt;</a>&nbsp;&nbsp;&nbsp;Handle_Rgb_Sensor
<LI><a href="#[5e]">&gt;&gt;</a>&nbsp;&nbsp;&nbsp;Handle_Reset_Cur_Pos
<LI><a href="#[5f]">&gt;&gt;</a>&nbsp;&nbsp;&nbsp;Handle_Reset_Clog_Pro
<LI><a href="#[53]">&gt;&gt;</a>&nbsp;&nbsp;&nbsp;Handle_Pos_Control_Cm
<LI><a href="#[52]">&gt;&gt;</a>&nbsp;&nbsp;&nbsp;Handle_Pos_Control
<LI><a href="#[68]">&gt;&gt;</a>&nbsp;&nbsp;&nbsp;Handle_PWM_State_Stream
<LI><a href="#[5b]">&gt;&gt;</a>&nbsp;&nbsp;&nbsp;Handle_Origin_Trigger
<LI><a href="#[59]">&gt;&gt;</a>&nbsp;&nbsp;&nbsp;Handle_Origin_Set_O
<LI><a href="#[5a]">&gt;&gt;</a>&nbsp;&nbsp;&nbsp;Handle_Origin_Modify_Params
<LI><a href="#[5c]">&gt;&gt;</a>&nbsp;&nbsp;&nbsp;Handle_Origin_Interrupt
<LI><a href="#[66]">&gt;&gt;</a>&nbsp;&nbsp;&nbsp;Handle_Mpu_Stream
<LI><a href="#[65]">&gt;&gt;</a>&nbsp;&nbsp;&nbsp;Handle_Mpu_Calib
<LI><a href="#[5d]">&gt;&gt;</a>&nbsp;&nbsp;&nbsp;Handle_Modify_Ctrl_Mode
<LI><a href="#[50]">&gt;&gt;</a>&nbsp;&nbsp;&nbsp;Handle_En_Control
<LI><a href="#[62]">&gt;&gt;</a>&nbsp;&nbsp;&nbsp;Handle_Bldc_Stop
<LI><a href="#[61]">&gt;&gt;</a>&nbsp;&nbsp;&nbsp;Handle_Bldc_Control
<LI><a href="#[55]">&gt;&gt;</a>&nbsp;&nbsp;&nbsp;Handle_Action_Move
<LI><a href="#[54]">&gt;&gt;</a>&nbsp;&nbsp;&nbsp;Handle_Action_Grab
<LI><a href="#[6a]">&gt;&gt;</a>&nbsp;&nbsp;&nbsp;Handle_Action_Emergency
</UL>

<P><STRONG><a name="[166]"></a>_fadd1</STRONG> (Thumb, 0 bytes, Stack size unknown bytes, faddsub_clz.o(x$fpl$fadd), UNUSED)
<BR><BR>[Called By]<UL><LI><a href="#[167]">&gt;&gt;</a>&nbsp;&nbsp;&nbsp;_fsub
<LI><a href="#[165]">&gt;&gt;</a>&nbsp;&nbsp;&nbsp;_frsb
</UL>

<P><STRONG><a name="[157]"></a>_fsub1</STRONG> (Thumb, 0 bytes, Stack size unknown bytes, faddsub_clz.o(x$fpl$fsub), UNUSED)
<BR><BR>[Called By]<UL><LI><a href="#[165]">&gt;&gt;</a>&nbsp;&nbsp;&nbsp;_frsb
<LI><a href="#[156]">&gt;&gt;</a>&nbsp;&nbsp;&nbsp;_fadd
</UL>

<P><STRONG><a name="[4d]"></a>_printf_input_char</STRONG> (Thumb, 10 bytes, Stack size 0 bytes, _printf_char_common.o(.text))
<BR>[Address Reference Count : 1]<UL><LI> _printf_char_common.o(.text)
</UL><P>
<H3>
Undefined Global Symbols
</H3><HR></body></html>
